16:37:06 **** Incremental Build of configuration Debug for project A3 ****
make -j20 all 
arm-none-eabi-gcc "../Core/Src/main.c" -mcpu=cortex-m4 -std=gnu11 -g3 -DDEBUG -DUSE_HAL_DRIVER -DSTM32L4A6xx -c -I../Core/Inc -I../Drivers/STM32L4xx_HAL_Driver/Inc -I../Drivers/STM32L4xx_HAL_Driver/Inc/Legacy -I../Drivers/CMSIS/Device/ST/STM32L4xx/Include -I../Drivers/CMSIS/Include -O0 -ffunction-sections -fdata-sections -Wall -fstack-usage -fcyclomatic-complexity -MMD -MP -MF"Core/Src/main.d" -MT"Core/Src/main.o" --specs=nano.specs -mfpu=fpv4-sp-d16 -mfloat-abi=hard -mthumb -o "Core/Src/main.o"
../Core/Src/main.c:195:13: warning: 'MX_GPIO_Init' defined but not used [-Wunused-function]
  195 | static void MX_GPIO_Init(void)
      |             ^~~~~~~~~~~~
../Core/Src/main.c: In function 'main':
../Core/Src/main.c:133:66: warning: '%02d' directive output may be truncated writing between 2 and 10 bytes into a region of size between 0 and 7 [-Wformat-truncation=]
  133 |                 snprintf(time_buffer, sizeof(time_buffer), "%02d:%02d", mm, ss);
      |                                                                  ^~~~
../Core/Src/main.c:133:60: note: directive argument in the range [-528, 2147483646]
  133 |                 snprintf(time_buffer, sizeof(time_buffer), "%02d:%02d", mm, ss);
      |                                                            ^~~~~~~~~~~
../Core/Src/main.c:133:17: note: 'snprintf' output between 6 and 23 bytes into a destination of size 10
  133 |                 snprintf(time_buffer, sizeof(time_buffer), "%02d:%02d", mm, ss);
      |                 ^~~~~~~~~~~~~~~~~~~~~~~~~~~~~~~~~~~~~~~~~~~~~~~~~~~~~~~~~~~~~~~
arm-none-eabi-gcc -o "A3.elf" @"objects.list"   -mcpu=cortex-m4 -T"C:\Users\blew2\Documents\GitHub\STM32CubeIDE\workspace_1.18.0\A3\STM32L4A6ZGTX_FLASH.ld" --specs=nosys.specs -Wl,-Map="A3.map" -Wl,--gc-sections -static --specs=nano.specs -mfpu=fpv4-sp-d16 -mfloat-abi=hard -mthumb -Wl,--start-group -lc -lm -Wl,--end-group
C:/ST/STM32CubeIDE_1.18.0/STM32CubeIDE/plugins/com.st.stm32cube.ide.mcu.externaltools.gnu-tools-for-stm32.13.3.rel1.win32_1.0.0.202411081344/tools/bin/../lib/gcc/arm-none-eabi/13.3.1/../../../../arm-none-eabi/bin/ld.exe: warning: cannot find entry symbol Reset_Handler; defaulting to 08000000
Finished building target: A3.elf
 
arm-none-eabi-size  A3.elf 
arm-none-eabi-objdump -h -S A3.elf  > "A3.list"
   text	   data	    bss	    dec	    hex	filename
     96	      0	   1568	   1664	    680	A3.elf
Finished building: default.size.stdout
 
Finished building: A3.list
 

16:37:08 Build Finished. 0 errors, 3 warnings. (took 1s.670ms)

