14:18:38 **** Incremental Build of configuration Debug for project A4 ****
make -j20 all 
arm-none-eabi-gcc "../Core/Src/timer.c" -mcpu=cortex-m4 -std=gnu11 -g3 -DDEBUG -DUSE_HAL_DRIVER -DSTM32L4A6xx -c -I../Core/Inc -I../Drivers/STM32L4xx_HAL_Driver/Inc -I../Drivers/STM32L4xx_HAL_Driver/Inc/Legacy -I../Drivers/CMSIS/Device/ST/STM32L4xx/Include -I../Drivers/CMSIS/Include -O0 -ffunction-sections -fdata-sections -Wall -fstack-usage -fcyclomatic-complexity -MMD -MP -MF"Core/Src/timer.d" -MT"Core/Src/timer.o" --specs=nano.specs -mfpu=fpv4-sp-d16 -mfloat-abi=hard -mthumb -o "Core/Src/timer.o"
arm-none-eabi-gcc -o "A4.elf" @"objects.list"   -mcpu=cortex-m4 -T"C:\Users\blew2\Documents\GitHub\STM32CubeIDE\workspace_1.18.0\A4\STM32L4A6ZGTX_FLASH.ld" --specs=nosys.specs -Wl,-Map="A4.map" -Wl,--gc-sections -static --specs=nano.specs -mfpu=fpv4-sp-d16 -mfloat-abi=hard -mthumb -Wl,--start-group -lc -lm -Wl,--end-group
Finished building target: A4.elf
 
arm-none-eabi-size  A4.elf 
arm-none-eabi-objdump -h -S A4.elf  > "A4.list"
   text	   data	    bss	    dec	    hex	filename
   5216	     12	   1572	   6800	   1a90	A4.elf
Finished building: default.size.stdout
 
Finished building: A4.list
 
14:22:32 **** Incremental Build of configuration Debug for project A4 ****
make -j20 all 
arm-none-eabi-gcc "../Core/Src/main.c" -mcpu=cortex-m4 -std=gnu11 -g3 -DDEBUG -DUSE_HAL_DRIVER -DSTM32L4A6xx -c -I../Core/Inc -I../Drivers/STM32L4xx_HAL_Driver/Inc -I../Drivers/STM32L4xx_HAL_Driver/Inc/Legacy -I../Drivers/CMSIS/Device/ST/STM32L4xx/Include -I../Drivers/CMSIS/Include -O0 -ffunction-sections -fdata-sections -Wall -fstack-usage -fcyclomatic-complexity -MMD -MP -MF"Core/Src/main.d" -MT"Core/Src/main.o" --specs=nano.specs -mfpu=fpv4-sp-d16 -mfloat-abi=hard -mthumb -o "Core/Src/main.o"
../Core/Src/main.c: In function 'main':
../Core/Src/main.c:32:9: warning: implicit declaration of function 'setup_TIM2' [-Wimplicit-function-declaration]
   32 |         setup_TIM2();
      |         ^~~~~~~~~~
../Core/Src/main.c:35:17: warning: implicit declaration of function 'TIM2_IRQHandler'; did you mean 'TIM6_IRQHandler'? [-Wimplicit-function-declaration]
   35 |                 TIM2_IRQHandler();
      |                 ^~~~~~~~~~~~~~~
      |                 TIM6_IRQHandler
../Core/Src/main.c: At top level:
../Core/Src/main.c:77:13: warning: 'MX_GPIO_Init' defined but not used [-Wunused-function]
   77 | static void MX_GPIO_Init(void) {
      |             ^~~~~~~~~~~~
arm-none-eabi-gcc -o "A4.elf" @"objects.list"   -mcpu=cortex-m4 -T"C:\Users\blew2\Documents\GitHub\STM32CubeIDE\workspace_1.18.0\A4\STM32L4A6ZGTX_FLASH.ld" --specs=nosys.specs -Wl,-Map="A4.map" -Wl,--gc-sections -static --specs=nano.specs -mfpu=fpv4-sp-d16 -mfloat-abi=hard -mthumb -Wl,--start-group -lc -lm -Wl,--end-group
Finished building target: A4.elf
 
arm-none-eabi-size  A4.elf 
arm-none-eabi-objdump -h -S A4.elf  > "A4.list"
   text	   data	    bss	    dec	    hex	filename
   5344	     12	   1572	   6928	   1b10	A4.elf
Finished building: default.size.stdout
 
Finished building: A4.list
 
14:24:28 **** Incremental Build of configuration Debug for project A1 ****
make -j20 all 
arm-none-eabi-size  A1.elf 
   text	   data	    bss	    dec	    hex	filename
   5300	     12	   1572	   6884	   1ae4	A1.elf
Finished building: default.size.stdout
 
14:24:29 **** Incremental Build of configuration Debug for project A2 ****
make -j20 all 
arm-none-eabi-size  A2.elf 
   text	   data	    bss	    dec	    hex	filename
  10112	    104	   1904	  12120	   2f58	A2.elf
Finished building: default.size.stdout
 
14:24:29 **** Incremental Build of configuration Debug for project A4 ****
make -j20 all 
arm-none-eabi-gcc "../Core/Src/main.c" -mcpu=cortex-m4 -std=gnu11 -g3 -DDEBUG -DUSE_HAL_DRIVER -DSTM32L4A6xx -c -I../Core/Inc -I../Drivers/STM32L4xx_HAL_Driver/Inc -I../Drivers/STM32L4xx_HAL_Driver/Inc/Legacy -I../Drivers/CMSIS/Device/ST/STM32L4xx/Include -I../Drivers/CMSIS/Include -O0 -ffunction-sections -fdata-sections -Wall -fstack-usage -fcyclomatic-complexity -MMD -MP -MF"Core/Src/main.d" -MT"Core/Src/main.o" --specs=nano.specs -mfpu=fpv4-sp-d16 -mfloat-abi=hard -mthumb -o "Core/Src/main.o"
../Core/Src/main.c:79:13: warning: 'MX_GPIO_Init' defined but not used [-Wunused-function]
   79 | static void MX_GPIO_Init(void) {
      |             ^~~~~~~~~~~~
arm-none-eabi-gcc -o "A4.elf" @"objects.list"   -mcpu=cortex-m4 -T"C:\Users\blew2\Documents\GitHub\STM32CubeIDE\workspace_1.18.0\A4\STM32L4A6ZGTX_FLASH.ld" --specs=nosys.specs -Wl,-Map="A4.map" -Wl,--gc-sections -static --specs=nano.specs -mfpu=fpv4-sp-d16 -mfloat-abi=hard -mthumb -Wl,--start-group -lc -lm -Wl,--end-group
Finished building target: A4.elf
 
arm-none-eabi-size  A4.elf 
arm-none-eabi-objdump -h -S A4.elf  > "A4.list"
   text	   data	    bss	    dec	    hex	filename
   5344	     12	   1572	   6928	   1b10	A4.elf
Finished building: default.size.stdout
 
Finished building: A4.list
 
14:24:31 **** Incremental Build of configuration Debug for project A_3 ****
make -j20 all 
arm-none-eabi-size  A_3.elf 
   text	   data	    bss	    dec	    hex	filename
   9016	    104	   1904	  11024	   2b10	A_3.elf
Finished building: default.size.stdout
 
14:24:32 **** Incremental Build of configuration Debug for project I2C_Test ****
make -j20 all 
arm-none-eabi-size  I2C_Test.elf 
   text	   data	    bss	    dec	    hex	filename
  27292	    468	   2100	  29860	   74a4	I2C_Test.elf
Finished building: default.size.stdout
 
14:24:33 **** Incremental Build of configuration Debug for project Relay_Controller_STM32 ****
make -j20 all 
arm-none-eabi-size  Relay_Controller_STM32.elf 
   text	   data	    bss	    dec	    hex	filename
  11924	     12	   1836	  13772	   35cc	Relay_Controller_STM32.elf
Finished building: default.size.stdout
 
14:24:34 **** Incremental Build of configuration Debug for project Relay_Controller_STM_32_Debug ****
make -j20 all 
arm-none-eabi-size  Relay_Controller_STM_32_Debug.elf 
   text	   data	    bss	    dec	    hex	filename
  25644	    104	   2256	  28004	   6d64	Relay_Controller_STM_32_Debug.elf
Finished building: default.size.stdout
 
14:24:44 **** Incremental Build of configuration Debug for project A4 ****
make -j20 all 
arm-none-eabi-size  A4.elf 
   text	   data	    bss	    dec	    hex	filename
   5344	     12	   1572	   6928	   1b10	A4.elf
Finished building: default.size.stdout
 
14:34:07 **** Incremental Build of configuration Debug for project A4 ****
make -j20 all 
arm-none-eabi-gcc "../Core/Src/main.c" -mcpu=cortex-m4 -std=gnu11 -g3 -DDEBUG -DUSE_HAL_DRIVER -DSTM32L4A6xx -c -I../Core/Inc -I../Drivers/STM32L4xx_HAL_Driver/Inc -I../Drivers/STM32L4xx_HAL_Driver/Inc/Legacy -I../Drivers/CMSIS/Device/ST/STM32L4xx/Include -I../Drivers/CMSIS/Include -O0 -ffunction-sections -fdata-sections -Wall -fstack-usage -fcyclomatic-complexity -MMD -MP -MF"Core/Src/main.d" -MT"Core/Src/main.o" --specs=nano.specs -mfpu=fpv4-sp-d16 -mfloat-abi=hard -mthumb -o "Core/Src/main.o"
arm-none-eabi-gcc "../Core/Src/timer.c" -mcpu=cortex-m4 -std=gnu11 -g3 -DDEBUG -DUSE_HAL_DRIVER -DSTM32L4A6xx -c -I../Core/Inc -I../Drivers/STM32L4xx_HAL_Driver/Inc -I../Drivers/STM32L4xx_HAL_Driver/Inc/Legacy -I../Drivers/CMSIS/Device/ST/STM32L4xx/Include -I../Drivers/CMSIS/Include -O0 -ffunction-sections -fdata-sections -Wall -fstack-usage -fcyclomatic-complexity -MMD -MP -MF"Core/Src/timer.d" -MT"Core/Src/timer.o" --specs=nano.specs -mfpu=fpv4-sp-d16 -mfloat-abi=hard -mthumb -o "Core/Src/timer.o"
../Core/Src/main.c: In function 'main':
../Core/Src/main.c:42:17: error: too few arguments to function 'TIM2_IRQHandler'
   42 |                 TIM2_IRQHandler();
      |                 ^~~~~~~~~~~~~~~
../Core/Src/main.c:27:6: note: declared here
   27 | void TIM2_IRQHandler(int);
      |      ^~~~~~~~~~~~~~~
../Core/Src/main.c: At top level:
../Core/Src/main.c:84:13: warning: 'MX_GPIO_Init' defined but not used [-Wunused-function]
   84 | static void MX_GPIO_Init(void) {
      |             ^~~~~~~~~~~~
../Core/Src/timer.c: In function 'setup_TIM2':
../Core/Src/timer.c:53:8: error: 'RCC_TypeDef' has no member named 'APB1ENR'; did you mean 'AHB1ENR'?
   53 |   RCC->APB1ENR |= RCC_APB1ENR_TIM2EN;      // timer
      |        ^~~~~~~
      |        AHB1ENR
../Core/Src/timer.c:53:19: error: 'RCC_APB1ENR_TIM2EN' undeclared (first use in this function); did you mean 'RCC_APB1ENR1_TIM2EN'?
   53 |   RCC->APB1ENR |= RCC_APB1ENR_TIM2EN;      // timer
      |                   ^~~~~~~~~~~~~~~~~~
      |                   RCC_APB1ENR1_TIM2EN
../Core/Src/timer.c:53:19: note: each undeclared identifier is reported only once for each function it appears in
../Core/Src/timer.c:54:8: error: 'RCC_TypeDef' has no member named 'AHBENR'; did you mean 'AHB1ENR'?
   54 |   RCC->AHBENR  |= RCC_AHBENR_GPIOAEN;      // GPIO port A
      |        ^~~~~~
      |        AHB1ENR
../Core/Src/timer.c:54:19: error: 'RCC_AHBENR_GPIOAEN' undeclared (first use in this function); did you mean 'RCC_AHB2ENR_GPIOAEN'?
   54 |   RCC->AHBENR  |= RCC_AHBENR_GPIOAEN;      // GPIO port A
      |                   ^~~~~~~~~~~~~~~~~~
      |                   RCC_AHB2ENR_GPIOAEN
make: *** [Core/Src/subdir.mk:37: Core/Src/main.o] Error 1
make: *** Waiting for unfinished jobs....
make: *** [Core/Src/subdir.mk:37: Core/Src/timer.o] Error 1
"make -j20 all" terminated with exit code 2. Build might be incomplete.
14:34:47 **** Incremental Build of configuration Debug for project A1 ****
make -j20 all 
arm-none-eabi-size  A1.elf 
   text	   data	    bss	    dec	    hex	filename
   5300	     12	   1572	   6884	   1ae4	A1.elf
Finished building: default.size.stdout
 
14:34:48 **** Incremental Build of configuration Debug for project A2 ****
make -j20 all 
arm-none-eabi-size  A2.elf 
   text	   data	    bss	    dec	    hex	filename
  10112	    104	   1904	  12120	   2f58	A2.elf
Finished building: default.size.stdout
 
14:34:48 **** Incremental Build of configuration Debug for project A4 ****
make -j20 all 
arm-none-eabi-gcc "../Core/Src/main.c" -mcpu=cortex-m4 -std=gnu11 -g3 -DDEBUG -DUSE_HAL_DRIVER -DSTM32L4A6xx -c -I../Core/Inc -I../Drivers/STM32L4xx_HAL_Driver/Inc -I../Drivers/STM32L4xx_HAL_Driver/Inc/Legacy -I../Drivers/CMSIS/Device/ST/STM32L4xx/Include -I../Drivers/CMSIS/Include -O0 -ffunction-sections -fdata-sections -Wall -fstack-usage -fcyclomatic-complexity -MMD -MP -MF"Core/Src/main.d" -MT"Core/Src/main.o" --specs=nano.specs -mfpu=fpv4-sp-d16 -mfloat-abi=hard -mthumb -o "Core/Src/main.o"
arm-none-eabi-gcc "../Core/Src/timer.c" -mcpu=cortex-m4 -std=gnu11 -g3 -DDEBUG -DUSE_HAL_DRIVER -DSTM32L4A6xx -c -I../Core/Inc -I../Drivers/STM32L4xx_HAL_Driver/Inc -I../Drivers/STM32L4xx_HAL_Driver/Inc/Legacy -I../Drivers/CMSIS/Device/ST/STM32L4xx/Include -I../Drivers/CMSIS/Include -O0 -ffunction-sections -fdata-sections -Wall -fstack-usage -fcyclomatic-complexity -MMD -MP -MF"Core/Src/timer.d" -MT"Core/Src/timer.o" --specs=nano.specs -mfpu=fpv4-sp-d16 -mfloat-abi=hard -mthumb -o "Core/Src/timer.o"
../Core/Src/main.c: In function 'main':
../Core/Src/main.c:42:17: error: too few arguments to function 'TIM2_IRQHandler'
   42 |                 TIM2_IRQHandler();
      |                 ^~~~~~~~~~~~~~~
../Core/Src/main.c:27:6: note: declared here
   27 | void TIM2_IRQHandler(int);
      |      ^~~~~~~~~~~~~~~
../Core/Src/timer.c: In function 'setup_TIM2':
../Core/Src/timer.c:53:8: error: 'RCC_TypeDef' has no member named 'APB1ENR'; did you mean 'AHB1ENR'?
   53 |   RCC->APB1ENR |= RCC_AHB1ENR_TIM2EN;      // timer
      |        ^~~~~~~
      |        AHB1ENR
../Core/Src/main.c: At top level:
../Core/Src/main.c:84:13: warning: 'MX_GPIO_Init' defined but not used [-Wunused-function]
   84 | static void MX_GPIO_Init(void) {
      |             ^~~~~~~~~~~~
../Core/Src/timer.c:53:19: error: 'RCC_AHB1ENR_TIM2EN' undeclared (first use in this function); did you mean 'RCC_APB1ENR1_TIM2EN'?
   53 |   RCC->APB1ENR |= RCC_AHB1ENR_TIM2EN;      // timer
      |                   ^~~~~~~~~~~~~~~~~~
      |                   RCC_APB1ENR1_TIM2EN
../Core/Src/timer.c:53:19: note: each undeclared identifier is reported only once for each function it appears in
../Core/Src/timer.c:54:8: error: 'RCC_TypeDef' has no member named 'AHBENR'; did you mean 'AHB1ENR'?
   54 |   RCC->AHBENR  |= RCC_AHB2ENR_GPIOAEN;      // GPIO port A
      |        ^~~~~~
      |        AHB1ENR
make: *** [Core/Src/subdir.mk:37: Core/Src/main.o] Error 1
make: *** Waiting for unfinished jobs....
make: *** [Core/Src/subdir.mk:37: Core/Src/timer.o] Error 1
"make -j20 all" terminated with exit code 2. Build might be incomplete.
14:34:49 **** Incremental Build of configuration Debug for project A_3 ****
make -j20 all 
arm-none-eabi-size  A_3.elf 
   text	   data	    bss	    dec	    hex	filename
   9016	    104	   1904	  11024	   2b10	A_3.elf
Finished building: default.size.stdout
 
14:34:50 **** Incremental Build of configuration Debug for project I2C_Test ****
make -j20 all 
arm-none-eabi-size  I2C_Test.elf 
   text	   data	    bss	    dec	    hex	filename
  27292	    468	   2100	  29860	   74a4	I2C_Test.elf
Finished building: default.size.stdout
 
14:34:51 **** Incremental Build of configuration Debug for project Relay_Controller_STM32 ****
make -j20 all 
arm-none-eabi-size  Relay_Controller_STM32.elf 
   text	   data	    bss	    dec	    hex	filename
  11924	     12	   1836	  13772	   35cc	Relay_Controller_STM32.elf
Finished building: default.size.stdout
 
14:34:52 **** Incremental Build of configuration Debug for project Relay_Controller_STM_32_Debug ****
make -j20 all 
arm-none-eabi-size  Relay_Controller_STM_32_Debug.elf 
   text	   data	    bss	    dec	    hex	filename
  25644	    104	   2256	  28004	   6d64	Relay_Controller_STM_32_Debug.elf
Finished building: default.size.stdout
 
14:35:01 **** Incremental Build of configuration Debug for project A1 ****
make -j20 all 
arm-none-eabi-size  A1.elf 
   text	   data	    bss	    dec	    hex	filename
   5300	     12	   1572	   6884	   1ae4	A1.elf
Finished building: default.size.stdout
 
14:35:02 **** Incremental Build of configuration Debug for project A2 ****
make -j20 all 
arm-none-eabi-size  A2.elf 
   text	   data	    bss	    dec	    hex	filename
  10112	    104	   1904	  12120	   2f58	A2.elf
Finished building: default.size.stdout
 
14:35:03 **** Incremental Build of configuration Debug for project A4 ****
make -j20 all 
arm-none-eabi-gcc "../Core/Src/main.c" -mcpu=cortex-m4 -std=gnu11 -g3 -DDEBUG -DUSE_HAL_DRIVER -DSTM32L4A6xx -c -I../Core/Inc -I../Drivers/STM32L4xx_HAL_Driver/Inc -I../Drivers/STM32L4xx_HAL_Driver/Inc/Legacy -I../Drivers/CMSIS/Device/ST/STM32L4xx/Include -I../Drivers/CMSIS/Include -O0 -ffunction-sections -fdata-sections -Wall -fstack-usage -fcyclomatic-complexity -MMD -MP -MF"Core/Src/main.d" -MT"Core/Src/main.o" --specs=nano.specs -mfpu=fpv4-sp-d16 -mfloat-abi=hard -mthumb -o "Core/Src/main.o"
arm-none-eabi-gcc "../Core/Src/timer.c" -mcpu=cortex-m4 -std=gnu11 -g3 -DDEBUG -DUSE_HAL_DRIVER -DSTM32L4A6xx -c -I../Core/Inc -I../Drivers/STM32L4xx_HAL_Driver/Inc -I../Drivers/STM32L4xx_HAL_Driver/Inc/Legacy -I../Drivers/CMSIS/Device/ST/STM32L4xx/Include -I../Drivers/CMSIS/Include -O0 -ffunction-sections -fdata-sections -Wall -fstack-usage -fcyclomatic-complexity -MMD -MP -MF"Core/Src/timer.d" -MT"Core/Src/timer.o" --specs=nano.specs -mfpu=fpv4-sp-d16 -mfloat-abi=hard -mthumb -o "Core/Src/timer.o"
../Core/Src/main.c: In function 'main':
../Core/Src/main.c:42:17: error: too few arguments to function 'TIM2_IRQHandler'
   42 |                 TIM2_IRQHandler();
      |                 ^~~~~~~~~~~~~~~
../Core/Src/main.c:27:6: note: declared here
   27 | void TIM2_IRQHandler(int);
      |      ^~~~~~~~~~~~~~~
../Core/Src/main.c: At top level:
../Core/Src/main.c:84:13: warning: 'MX_GPIO_Init' defined but not used [-Wunused-function]
   84 | static void MX_GPIO_Init(void) {
      |             ^~~~~~~~~~~~
../Core/Src/timer.c: In function 'setup_TIM2':
../Core/Src/timer.c:53:8: error: 'RCC_TypeDef' has no member named 'APB1ENR'; did you mean 'AHB1ENR'?
   53 |   RCC->APB1ENR |= RCC_AHB1ENR_TIM2EN;      // timer
      |        ^~~~~~~
      |        AHB1ENR
../Core/Src/timer.c:53:19: error: 'RCC_AHB1ENR_TIM2EN' undeclared (first use in this function); did you mean 'RCC_APB1ENR1_TIM2EN'?
   53 |   RCC->APB1ENR |= RCC_AHB1ENR_TIM2EN;      // timer
      |                   ^~~~~~~~~~~~~~~~~~
      |                   RCC_APB1ENR1_TIM2EN
../Core/Src/timer.c:53:19: note: each undeclared identifier is reported only once for each function it appears in
../Core/Src/timer.c:54:8: error: 'RCC_TypeDef' has no member named 'AHBENR'; did you mean 'AHB1ENR'?
   54 |   RCC->AHBENR  |= RCC_AHB2ENR_GPIOAEN;      // GPIO port A
      |        ^~~~~~
      |        AHB1ENR
make: *** [Core/Src/subdir.mk:37: Core/Src/main.o] Error 1
make: *** Waiting for unfinished jobs....
make: *** [Core/Src/subdir.mk:37: Core/Src/timer.o] Error 1
"make -j20 all" terminated with exit code 2. Build might be incomplete.
14:35:04 **** Incremental Build of configuration Debug for project A_3 ****
make -j20 all 
arm-none-eabi-size  A_3.elf 
   text	   data	    bss	    dec	    hex	filename
   9016	    104	   1904	  11024	   2b10	A_3.elf
Finished building: default.size.stdout
 
14:35:04 **** Incremental Build of configuration Debug for project I2C_Test ****
make -j20 all 
arm-none-eabi-size  I2C_Test.elf 
   text	   data	    bss	    dec	    hex	filename
  27292	    468	   2100	  29860	   74a4	I2C_Test.elf
Finished building: default.size.stdout
 
14:35:05 **** Incremental Build of configuration Debug for project Relay_Controller_STM32 ****
make -j20 all 
arm-none-eabi-size  Relay_Controller_STM32.elf 
   text	   data	    bss	    dec	    hex	filename
  11924	     12	   1836	  13772	   35cc	Relay_Controller_STM32.elf
Finished building: default.size.stdout
 
14:35:06 **** Incremental Build of configuration Debug for project Relay_Controller_STM_32_Debug ****
make -j20 all 
arm-none-eabi-size  Relay_Controller_STM_32_Debug.elf 
   text	   data	    bss	    dec	    hex	filename
  25644	    104	   2256	  28004	   6d64	Relay_Controller_STM_32_Debug.elf
Finished building: default.size.stdout
 
14:35:46 **** Incremental Build of configuration Debug for project A4 ****
make -j20 all 
arm-none-eabi-gcc "../Core/Src/main.c" -mcpu=cortex-m4 -std=gnu11 -g3 -DDEBUG -DUSE_HAL_DRIVER -DSTM32L4A6xx -c -I../Core/Inc -I../Drivers/STM32L4xx_HAL_Driver/Inc -I../Drivers/STM32L4xx_HAL_Driver/Inc/Legacy -I../Drivers/CMSIS/Device/ST/STM32L4xx/Include -I../Drivers/CMSIS/Include -O0 -ffunction-sections -fdata-sections -Wall -fstack-usage -fcyclomatic-complexity -MMD -MP -MF"Core/Src/main.d" -MT"Core/Src/main.o" --specs=nano.specs -mfpu=fpv4-sp-d16 -mfloat-abi=hard -mthumb -o "Core/Src/main.o"
arm-none-eabi-gcc "../Core/Src/timer.c" -mcpu=cortex-m4 -std=gnu11 -g3 -DDEBUG -DUSE_HAL_DRIVER -DSTM32L4A6xx -c -I../Core/Inc -I../Drivers/STM32L4xx_HAL_Driver/Inc -I../Drivers/STM32L4xx_HAL_Driver/Inc/Legacy -I../Drivers/CMSIS/Device/ST/STM32L4xx/Include -I../Drivers/CMSIS/Include -O0 -ffunction-sections -fdata-sections -Wall -fstack-usage -fcyclomatic-complexity -MMD -MP -MF"Core/Src/timer.d" -MT"Core/Src/timer.o" --specs=nano.specs -mfpu=fpv4-sp-d16 -mfloat-abi=hard -mthumb -o "Core/Src/timer.o"
../Core/Src/main.c: In function 'main':
../Core/Src/main.c:42:17: error: too few arguments to function 'TIM2_IRQHandler'
   42 |                 TIM2_IRQHandler();
      |                 ^~~~~~~~~~~~~~~
../Core/Src/main.c:27:6: note: declared here
   27 | void TIM2_IRQHandler(int);
      |      ^~~~~~~~~~~~~~~
../Core/Src/main.c: At top level:
../Core/Src/main.c:84:13: warning: 'MX_GPIO_Init' defined but not used [-Wunused-function]
   84 | static void MX_GPIO_Init(void) {
      |             ^~~~~~~~~~~~
../Core/Src/timer.c: In function 'setup_TIM2':
../Core/Src/timer.c:53:8: error: 'RCC_TypeDef' has no member named 'APB1ENR'; did you mean 'AHB1ENR'?
   53 |   RCC->APB1ENR |= RCC_AHB1ENR_TIM2EN;      // timer
      |        ^~~~~~~
      |        AHB1ENR
../Core/Src/timer.c:53:19: error: 'RCC_AHB1ENR_TIM2EN' undeclared (first use in this function); did you mean 'RCC_APB1ENR1_TIM2EN'?
   53 |   RCC->APB1ENR |= RCC_AHB1ENR_TIM2EN;      // timer
      |                   ^~~~~~~~~~~~~~~~~~
      |                   RCC_APB1ENR1_TIM2EN
../Core/Src/timer.c:53:19: note: each undeclared identifier is reported only once for each function it appears in
../Core/Src/timer.c:54:8: error: 'RCC_TypeDef' has no member named 'AHBENR'; did you mean 'AHB1ENR'?
   54 |   RCC->AHBENR  |= RCC_AHB2ENR_GPIOAEN;      // GPIO port A
      |        ^~~~~~
      |        AHB1ENR
make: *** [Core/Src/subdir.mk:37: Core/Src/main.o] Error 1
make: *** Waiting for unfinished jobs....
make: *** [Core/Src/subdir.mk:37: Core/Src/timer.o] Error 1
"make -j20 all" terminated with exit code 2. Build might be incomplete.
14:36:11 **** Incremental Build of configuration Debug for project A1 ****
make -j20 all 
arm-none-eabi-size  A1.elf 
   text	   data	    bss	    dec	    hex	filename
   5300	     12	   1572	   6884	   1ae4	A1.elf
Finished building: default.size.stdout
 
14:36:12 **** Incremental Build of configuration Debug for project A2 ****
make -j20 all 
arm-none-eabi-size  A2.elf 
   text	   data	    bss	    dec	    hex	filename
  10112	    104	   1904	  12120	   2f58	A2.elf
Finished building: default.size.stdout
 
14:36:12 **** Incremental Build of configuration Debug for project A4 ****
make -j20 all 
arm-none-eabi-gcc "../Core/Src/main.c" -mcpu=cortex-m4 -std=gnu11 -g3 -DDEBUG -DUSE_HAL_DRIVER -DSTM32L4A6xx -c -I../Core/Inc -I../Drivers/STM32L4xx_HAL_Driver/Inc -I../Drivers/STM32L4xx_HAL_Driver/Inc/Legacy -I../Drivers/CMSIS/Device/ST/STM32L4xx/Include -I../Drivers/CMSIS/Include -O0 -ffunction-sections -fdata-sections -Wall -fstack-usage -fcyclomatic-complexity -MMD -MP -MF"Core/Src/main.d" -MT"Core/Src/main.o" --specs=nano.specs -mfpu=fpv4-sp-d16 -mfloat-abi=hard -mthumb -o "Core/Src/main.o"
arm-none-eabi-gcc "../Core/Src/timer.c" -mcpu=cortex-m4 -std=gnu11 -g3 -DDEBUG -DUSE_HAL_DRIVER -DSTM32L4A6xx -c -I../Core/Inc -I../Drivers/STM32L4xx_HAL_Driver/Inc -I../Drivers/STM32L4xx_HAL_Driver/Inc/Legacy -I../Drivers/CMSIS/Device/ST/STM32L4xx/Include -I../Drivers/CMSIS/Include -O0 -ffunction-sections -fdata-sections -Wall -fstack-usage -fcyclomatic-complexity -MMD -MP -MF"Core/Src/timer.d" -MT"Core/Src/timer.o" --specs=nano.specs -mfpu=fpv4-sp-d16 -mfloat-abi=hard -mthumb -o "Core/Src/timer.o"
../Core/Src/timer.c: In function 'setup_TIM2':
../Core/Src/timer.c:53:8: error: 'RCC_TypeDef' has no member named 'APB1ENR'; did you mean 'AHB1ENR'?
   53 |   RCC->APB1ENR |= RCC_APB1ENR1_TIM2EN;      // timer
      |        ^~~~~~~
      |        AHB1ENR
../Core/Src/timer.c:54:8: error: 'RCC_TypeDef' has no member named 'AHBENR'; did you mean 'AHB1ENR'?
   54 |   RCC->AHBENR  |= RCC_AHB2ENR_GPIOAEN;      // GPIO port A
      |        ^~~~~~
      |        AHB1ENR
../Core/Src/main.c: In function 'main':
../Core/Src/main.c:42:17: error: too few arguments to function 'TIM2_IRQHandler'
   42 |                 TIM2_IRQHandler();
      |                 ^~~~~~~~~~~~~~~
../Core/Src/main.c:27:6: note: declared here
   27 | void TIM2_IRQHandler(int);
      |      ^~~~~~~~~~~~~~~
../Core/Src/main.c: At top level:
../Core/Src/main.c:84:13: warning: 'MX_GPIO_Init' defined but not used [-Wunused-function]
   84 | static void MX_GPIO_Init(void) {
      |             ^~~~~~~~~~~~
make: *** [Core/Src/subdir.mk:37: Core/Src/timer.o] Error 1
make: *** Waiting for unfinished jobs....
make: *** [Core/Src/subdir.mk:37: Core/Src/main.o] Error 1
"make -j20 all" terminated with exit code 2. Build might be incomplete.
14:36:13 **** Incremental Build of configuration Debug for project A_3 ****
make -j20 all 
arm-none-eabi-size  A_3.elf 
   text	   data	    bss	    dec	    hex	filename
   9016	    104	   1904	  11024	   2b10	A_3.elf
Finished building: default.size.stdout
 
14:36:14 **** Incremental Build of configuration Debug for project I2C_Test ****
make -j20 all 
arm-none-eabi-size  I2C_Test.elf 
   text	   data	    bss	    dec	    hex	filename
  27292	    468	   2100	  29860	   74a4	I2C_Test.elf
Finished building: default.size.stdout
 
14:36:15 **** Incremental Build of configuration Debug for project Relay_Controller_STM32 ****
make -j20 all 
arm-none-eabi-size  Relay_Controller_STM32.elf 
   text	   data	    bss	    dec	    hex	filename
  11924	     12	   1836	  13772	   35cc	Relay_Controller_STM32.elf
Finished building: default.size.stdout
 
14:36:16 **** Incremental Build of configuration Debug for project Relay_Controller_STM_32_Debug ****
make -j20 all 
arm-none-eabi-size  Relay_Controller_STM_32_Debug.elf 
   text	   data	    bss	    dec	    hex	filename
  25644	    104	   2256	  28004	   6d64	Relay_Controller_STM_32_Debug.elf
Finished building: default.size.stdout
 
14:37:10 **** Incremental Build of configuration Debug for project A1 ****
make -j20 all 
arm-none-eabi-size  A1.elf 
   text	   data	    bss	    dec	    hex	filename
   5300	     12	   1572	   6884	   1ae4	A1.elf
Finished building: default.size.stdout
 
14:37:11 **** Incremental Build of configuration Debug for project A2 ****
make -j20 all 
arm-none-eabi-size  A2.elf 
   text	   data	    bss	    dec	    hex	filename
  10112	    104	   1904	  12120	   2f58	A2.elf
Finished building: default.size.stdout
 
14:37:12 **** Incremental Build of configuration Debug for project A4 ****
make -j20 all 
arm-none-eabi-gcc "../Core/Src/main.c" -mcpu=cortex-m4 -std=gnu11 -g3 -DDEBUG -DUSE_HAL_DRIVER -DSTM32L4A6xx -c -I../Core/Inc -I../Drivers/STM32L4xx_HAL_Driver/Inc -I../Drivers/STM32L4xx_HAL_Driver/Inc/Legacy -I../Drivers/CMSIS/Device/ST/STM32L4xx/Include -I../Drivers/CMSIS/Include -O0 -ffunction-sections -fdata-sections -Wall -fstack-usage -fcyclomatic-complexity -MMD -MP -MF"Core/Src/main.d" -MT"Core/Src/main.o" --specs=nano.specs -mfpu=fpv4-sp-d16 -mfloat-abi=hard -mthumb -o "Core/Src/main.o"
arm-none-eabi-gcc "../Core/Src/timer.c" -mcpu=cortex-m4 -std=gnu11 -g3 -DDEBUG -DUSE_HAL_DRIVER -DSTM32L4A6xx -c -I../Core/Inc -I../Drivers/STM32L4xx_HAL_Driver/Inc -I../Drivers/STM32L4xx_HAL_Driver/Inc/Legacy -I../Drivers/CMSIS/Device/ST/STM32L4xx/Include -I../Drivers/CMSIS/Include -O0 -ffunction-sections -fdata-sections -Wall -fstack-usage -fcyclomatic-complexity -MMD -MP -MF"Core/Src/timer.d" -MT"Core/Src/timer.o" --specs=nano.specs -mfpu=fpv4-sp-d16 -mfloat-abi=hard -mthumb -o "Core/Src/timer.o"
../Core/Src/main.c: In function 'main':
../Core/Src/main.c:42:17: error: too few arguments to function 'TIM2_IRQHandler'
   42 |                 TIM2_IRQHandler();
      |                 ^~~~~~~~~~~~~~~
../Core/Src/main.c:27:6: note: declared here
   27 | void TIM2_IRQHandler(int);
      |      ^~~~~~~~~~~~~~~
../Core/Src/main.c: At top level:
../Core/Src/main.c:84:13: warning: 'MX_GPIO_Init' defined but not used [-Wunused-function]
   84 | static void MX_GPIO_Init(void) {
      |             ^~~~~~~~~~~~
../Core/Src/timer.c: In function 'setup_TIM2':
../Core/Src/timer.c:54:3: error: 'RRCC' undeclared (first use in this function); did you mean 'RCC'?
   54 |   RRCC->AHB2ENR |= RCC_AHB2ENR_GPIOAEN;      // GPIO port A
      |   ^~~~
      |   RCC
../Core/Src/timer.c:54:3: note: each undeclared identifier is reported only once for each function it appears in
make: *** [Core/Src/subdir.mk:37: Core/Src/main.o] Error 1
make: *** Waiting for unfinished jobs....
make: *** [Core/Src/subdir.mk:37: Core/Src/timer.o] Error 1
"make -j20 all" terminated with exit code 2. Build might be incomplete.
14:37:13 **** Incremental Build of configuration Debug for project A_3 ****
make -j20 all 
arm-none-eabi-size  A_3.elf 
   text	   data	    bss	    dec	    hex	filename
   9016	    104	   1904	  11024	   2b10	A_3.elf
Finished building: default.size.stdout
 
14:37:14 **** Incremental Build of configuration Debug for project I2C_Test ****
make -j20 all 
arm-none-eabi-size  I2C_Test.elf 
   text	   data	    bss	    dec	    hex	filename
  27292	    468	   2100	  29860	   74a4	I2C_Test.elf
Finished building: default.size.stdout
 
14:37:15 **** Incremental Build of configuration Debug for project Relay_Controller_STM32 ****
make -j20 all 
arm-none-eabi-size  Relay_Controller_STM32.elf 
   text	   data	    bss	    dec	    hex	filename
  11924	     12	   1836	  13772	   35cc	Relay_Controller_STM32.elf
Finished building: default.size.stdout
 
14:37:15 **** Incremental Build of configuration Debug for project Relay_Controller_STM_32_Debug ****
make -j20 all 
arm-none-eabi-size  Relay_Controller_STM_32_Debug.elf 
   text	   data	    bss	    dec	    hex	filename
  25644	    104	   2256	  28004	   6d64	Relay_Controller_STM_32_Debug.elf
Finished building: default.size.stdout
 
14:37:25 **** Incremental Build of configuration Debug for project A1 ****
make -j20 all 
arm-none-eabi-size  A1.elf 
   text	   data	    bss	    dec	    hex	filename
   5300	     12	   1572	   6884	   1ae4	A1.elf
Finished building: default.size.stdout
 
14:37:26 **** Incremental Build of configuration Debug for project A2 ****
make -j20 all 
arm-none-eabi-size  A2.elf 
   text	   data	    bss	    dec	    hex	filename
  10112	    104	   1904	  12120	   2f58	A2.elf
Finished building: default.size.stdout
 
14:37:27 **** Incremental Build of configuration Debug for project A4 ****
make -j20 all 
arm-none-eabi-gcc "../Core/Src/main.c" -mcpu=cortex-m4 -std=gnu11 -g3 -DDEBUG -DUSE_HAL_DRIVER -DSTM32L4A6xx -c -I../Core/Inc -I../Drivers/STM32L4xx_HAL_Driver/Inc -I../Drivers/STM32L4xx_HAL_Driver/Inc/Legacy -I../Drivers/CMSIS/Device/ST/STM32L4xx/Include -I../Drivers/CMSIS/Include -O0 -ffunction-sections -fdata-sections -Wall -fstack-usage -fcyclomatic-complexity -MMD -MP -MF"Core/Src/main.d" -MT"Core/Src/main.o" --specs=nano.specs -mfpu=fpv4-sp-d16 -mfloat-abi=hard -mthumb -o "Core/Src/main.o"
arm-none-eabi-gcc "../Core/Src/timer.c" -mcpu=cortex-m4 -std=gnu11 -g3 -DDEBUG -DUSE_HAL_DRIVER -DSTM32L4A6xx -c -I../Core/Inc -I../Drivers/STM32L4xx_HAL_Driver/Inc -I../Drivers/STM32L4xx_HAL_Driver/Inc/Legacy -I../Drivers/CMSIS/Device/ST/STM32L4xx/Include -I../Drivers/CMSIS/Include -O0 -ffunction-sections -fdata-sections -Wall -fstack-usage -fcyclomatic-complexity -MMD -MP -MF"Core/Src/timer.d" -MT"Core/Src/timer.o" --specs=nano.specs -mfpu=fpv4-sp-d16 -mfloat-abi=hard -mthumb -o "Core/Src/timer.o"
../Core/Src/main.c: In function 'main':
../Core/Src/main.c:42:17: error: too few arguments to function 'TIM2_IRQHandler'
   42 |                 TIM2_IRQHandler();
      |                 ^~~~~~~~~~~~~~~
../Core/Src/main.c:27:6: note: declared here
   27 | void TIM2_IRQHandler(int);
      |      ^~~~~~~~~~~~~~~
../Core/Src/main.c: At top level:
../Core/Src/main.c:84:13: warning: 'MX_GPIO_Init' defined but not used [-Wunused-function]
   84 | static void MX_GPIO_Init(void) {
      |             ^~~~~~~~~~~~
make: *** [Core/Src/subdir.mk:37: Core/Src/main.o] Error 1
make: *** Waiting for unfinished jobs....
"make -j20 all" terminated with exit code 2. Build might be incomplete.
14:37:28 **** Incremental Build of configuration Debug for project A_3 ****
make -j20 all 
arm-none-eabi-size  A_3.elf 
   text	   data	    bss	    dec	    hex	filename
   9016	    104	   1904	  11024	   2b10	A_3.elf
Finished building: default.size.stdout
 
14:37:29 **** Incremental Build of configuration Debug for project I2C_Test ****
make -j20 all 
arm-none-eabi-size  I2C_Test.elf 
   text	   data	    bss	    dec	    hex	filename
  27292	    468	   2100	  29860	   74a4	I2C_Test.elf
Finished building: default.size.stdout
 
14:37:30 **** Incremental Build of configuration Debug for project Relay_Controller_STM32 ****
make -j20 all 
arm-none-eabi-size  Relay_Controller_STM32.elf 
   text	   data	    bss	    dec	    hex	filename
  11924	     12	   1836	  13772	   35cc	Relay_Controller_STM32.elf
Finished building: default.size.stdout
 
14:37:30 **** Incremental Build of configuration Debug for project Relay_Controller_STM_32_Debug ****
make -j20 all 
arm-none-eabi-size  Relay_Controller_STM_32_Debug.elf 
   text	   data	    bss	    dec	    hex	filename
  25644	    104	   2256	  28004	   6d64	Relay_Controller_STM_32_Debug.elf
Finished building: default.size.stdout
 
14:37:35 **** Incremental Build of configuration Debug for project A4 ****
make -j20 all 
arm-none-eabi-gcc "../Core/Src/main.c" -mcpu=cortex-m4 -std=gnu11 -g3 -DDEBUG -DUSE_HAL_DRIVER -DSTM32L4A6xx -c -I../Core/Inc -I../Drivers/STM32L4xx_HAL_Driver/Inc -I../Drivers/STM32L4xx_HAL_Driver/Inc/Legacy -I../Drivers/CMSIS/Device/ST/STM32L4xx/Include -I../Drivers/CMSIS/Include -O0 -ffunction-sections -fdata-sections -Wall -fstack-usage -fcyclomatic-complexity -MMD -MP -MF"Core/Src/main.d" -MT"Core/Src/main.o" --specs=nano.specs -mfpu=fpv4-sp-d16 -mfloat-abi=hard -mthumb -o "Core/Src/main.o"
../Core/Src/main.c: In function 'main':
../Core/Src/main.c:42:17: error: too few arguments to function 'TIM2_IRQHandler'
   42 |                 TIM2_IRQHandler();
      |                 ^~~~~~~~~~~~~~~
../Core/Src/main.c:27:6: note: declared here
   27 | void TIM2_IRQHandler(int);
      |      ^~~~~~~~~~~~~~~
../Core/Src/main.c: At top level:
../Core/Src/main.c:84:13: warning: 'MX_GPIO_Init' defined but not used [-Wunused-function]
   84 | static void MX_GPIO_Init(void) {
      |             ^~~~~~~~~~~~
make: *** [Core/Src/subdir.mk:37: Core/Src/main.o] Error 1
"make -j20 all" terminated with exit code 2. Build might be incomplete.
14:38:11 **** Incremental Build of configuration Debug for project A1 ****
make -j20 all 
arm-none-eabi-size  A1.elf 
   text	   data	    bss	    dec	    hex	filename
   5300	     12	   1572	   6884	   1ae4	A1.elf
Finished building: default.size.stdout
 
14:38:12 **** Incremental Build of configuration Debug for project A2 ****
make -j20 all 
arm-none-eabi-size  A2.elf 
   text	   data	    bss	    dec	    hex	filename
  10112	    104	   1904	  12120	   2f58	A2.elf
Finished building: default.size.stdout
 
14:38:13 **** Incremental Build of configuration Debug for project A4 ****
make -j20 all 
arm-none-eabi-gcc "../Core/Src/main.c" -mcpu=cortex-m4 -std=gnu11 -g3 -DDEBUG -DUSE_HAL_DRIVER -DSTM32L4A6xx -c -I../Core/Inc -I../Drivers/STM32L4xx_HAL_Driver/Inc -I../Drivers/STM32L4xx_HAL_Driver/Inc/Legacy -I../Drivers/CMSIS/Device/ST/STM32L4xx/Include -I../Drivers/CMSIS/Include -O0 -ffunction-sections -fdata-sections -Wall -fstack-usage -fcyclomatic-complexity -MMD -MP -MF"Core/Src/main.d" -MT"Core/Src/main.o" --specs=nano.specs -mfpu=fpv4-sp-d16 -mfloat-abi=hard -mthumb -o "Core/Src/main.o"
../Core/Src/main.c: In function 'main':
../Core/Src/main.c:42:17: error: too few arguments to function 'TIM2_IRQHandler'
   42 |                 TIM2_IRQHandler();
      |                 ^~~~~~~~~~~~~~~
../Core/Src/main.c:27:6: note: declared here
   27 | void TIM2_IRQHandler(int);
      |      ^~~~~~~~~~~~~~~
../Core/Src/main.c: At top level:
../Core/Src/main.c:84:13: warning: 'MX_GPIO_Init' defined but not used [-Wunused-function]
   84 | static void MX_GPIO_Init(void) {
      |             ^~~~~~~~~~~~
make: *** [Core/Src/subdir.mk:37: Core/Src/main.o] Error 1
"make -j20 all" terminated with exit code 2. Build might be incomplete.
14:38:14 **** Incremental Build of configuration Debug for project A_3 ****
make -j20 all 
arm-none-eabi-size  A_3.elf 
   text	   data	    bss	    dec	    hex	filename
   9016	    104	   1904	  11024	   2b10	A_3.elf
Finished building: default.size.stdout
 
14:38:14 **** Incremental Build of configuration Debug for project I2C_Test ****
make -j20 all 
arm-none-eabi-size  I2C_Test.elf 
   text	   data	    bss	    dec	    hex	filename
  27292	    468	   2100	  29860	   74a4	I2C_Test.elf
Finished building: default.size.stdout
make: *** [makefile:71: default.size.stdout] Interrupt
Command canceled
14:38:17 **** Incremental Build of configuration Debug for project A1 ****
make -j20 all 
arm-none-eabi-size  A1.elf 
   text	   data	    bss	    dec	    hex	filename
   5300	     12	   1572	   6884	   1ae4	A1.elf
Finished building: default.size.stdout
 
14:38:18 **** Incremental Build of configuration Debug for project A2 ****
make -j20 all 
arm-none-eabi-size  A2.elf 
   text	   data	    bss	    dec	    hex	filename
  10112	    104	   1904	  12120	   2f58	A2.elf
Finished building: default.size.stdout
 
14:38:19 **** Incremental Build of configuration Debug for project A4 ****
make -j20 all 
arm-none-eabi-gcc "../Core/Src/main.c" -mcpu=cortex-m4 -std=gnu11 -g3 -DDEBUG -DUSE_HAL_DRIVER -DSTM32L4A6xx -c -I../Core/Inc -I../Drivers/STM32L4xx_HAL_Driver/Inc -I../Drivers/STM32L4xx_HAL_Driver/Inc/Legacy -I../Drivers/CMSIS/Device/ST/STM32L4xx/Include -I../Drivers/CMSIS/Include -O0 -ffunction-sections -fdata-sections -Wall -fstack-usage -fcyclomatic-complexity -MMD -MP -MF"Core/Src/main.d" -MT"Core/Src/main.o" --specs=nano.specs -mfpu=fpv4-sp-d16 -mfloat-abi=hard -mthumb -o "Core/Src/main.o"
../Core/Src/main.c: In function 'main':
../Core/Src/main.c:42:17: error: too few arguments to function 'TIM2_IRQHandler'
   42 |                 TIM2_IRQHandler();
      |                 ^~~~~~~~~~~~~~~
../Core/Src/main.c:27:6: note: declared here
   27 | void TIM2_IRQHandler(int);
      |      ^~~~~~~~~~~~~~~
../Core/Src/main.c: At top level:
../Core/Src/main.c:84:13: warning: 'MX_GPIO_Init' defined but not used [-Wunused-function]
   84 | static void MX_GPIO_Init(void) {
      |             ^~~~~~~~~~~~
make: *** [Core/Src/subdir.mk:37: Core/Src/main.o] Error 1
"make -j20 all" terminated with exit code 2. Build might be incomplete.
14:38:20 **** Incremental Build of configuration Debug for project A_3 ****
make -j20 all 
arm-none-eabi-size  A_3.elf 
   text	   data	    bss	    dec	    hex	filename
   9016	    104	   1904	  11024	   2b10	A_3.elf
Finished building: default.size.stdout
 
14:38:21 **** Build of configuration Debug for project I2C_Test ****
make -j20 all 
arm-none-eabi-size  I2C_Test.elf 
   text	   data	    bss	    dec	    hex	filename
  27292	    468	   2100	  29860	   74a4	I2C_Test.elf
Finished building: default.size.stdout
 
14:38:21 **** Incremental Build of configuration Debug for project Relay_Controller_STM32 ****
make -j20 all 
arm-none-eabi-size  Relay_Controller_STM32.elf 
   text	   data	    bss	    dec	    hex	filename
  11924	     12	   1836	  13772	   35cc	Relay_Controller_STM32.elf
Finished building: default.size.stdout
 
14:38:22 **** Incremental Build of configuration Debug for project Relay_Controller_STM_32_Debug ****
make -j20 all 
arm-none-eabi-size  Relay_Controller_STM_32_Debug.elf 
   text	   data	    bss	    dec	    hex	filename
  25644	    104	   2256	  28004	   6d64	Relay_Controller_STM_32_Debug.elf
Finished building: default.size.stdout
 
14:38:45 **** Incremental Build of configuration Debug for project A4 ****
make -j20 all 
arm-none-eabi-gcc "../Core/Src/main.c" -mcpu=cortex-m4 -std=gnu11 -g3 -DDEBUG -DUSE_HAL_DRIVER -DSTM32L4A6xx -c -I../Core/Inc -I../Drivers/STM32L4xx_HAL_Driver/Inc -I../Drivers/STM32L4xx_HAL_Driver/Inc/Legacy -I../Drivers/CMSIS/Device/ST/STM32L4xx/Include -I../Drivers/CMSIS/Include -O0 -ffunction-sections -fdata-sections -Wall -fstack-usage -fcyclomatic-complexity -MMD -MP -MF"Core/Src/main.d" -MT"Core/Src/main.o" --specs=nano.specs -mfpu=fpv4-sp-d16 -mfloat-abi=hard -mthumb -o "Core/Src/main.o"
../Core/Src/main.c: In function 'main':
../Core/Src/main.c:42:17: error: too few arguments to function 'TIM2_IRQHandler'
   42 |                 TIM2_IRQHandler();
      |                 ^~~~~~~~~~~~~~~
../Core/Src/main.c:27:6: note: declared here
   27 | void TIM2_IRQHandler(int);
      |      ^~~~~~~~~~~~~~~
../Core/Src/main.c: At top level:
../Core/Src/main.c:84:13: warning: 'MX_GPIO_Init' defined but not used [-Wunused-function]
   84 | static void MX_GPIO_Init(void) {
      |             ^~~~~~~~~~~~
make: *** [Core/Src/subdir.mk:37: Core/Src/main.o] Error 1
"make -j20 all" terminated with exit code 2. Build might be incomplete.
14:38:53 **** Incremental Build of configuration Debug for project A4 ****
make -j20 all 
arm-none-eabi-gcc "../Core/Src/main.c" -mcpu=cortex-m4 -std=gnu11 -g3 -DDEBUG -DUSE_HAL_DRIVER -DSTM32L4A6xx -c -I../Core/Inc -I../Drivers/STM32L4xx_HAL_Driver/Inc -I../Drivers/STM32L4xx_HAL_Driver/Inc/Legacy -I../Drivers/CMSIS/Device/ST/STM32L4xx/Include -I../Drivers/CMSIS/Include -O0 -ffunction-sections -fdata-sections -Wall -fstack-usage -fcyclomatic-complexity -MMD -MP -MF"Core/Src/main.d" -MT"Core/Src/main.o" --specs=nano.specs -mfpu=fpv4-sp-d16 -mfloat-abi=hard -mthumb -o "Core/Src/main.o"
../Core/Src/main.c:84:13: warning: 'MX_GPIO_Init' defined but not used [-Wunused-function]
   84 | static void MX_GPIO_Init(void) {
      |             ^~~~~~~~~~~~
arm-none-eabi-gcc -o "A4.elf" @"objects.list"   -mcpu=cortex-m4 -T"C:\Users\blew2\Documents\GitHub\STM32CubeIDE\workspace_1.18.0\A4\STM32L4A6ZGTX_FLASH.ld" --specs=nosys.specs -Wl,-Map="A4.map" -Wl,--gc-sections -static --specs=nano.specs -mfpu=fpv4-sp-d16 -mfloat-abi=hard -mthumb -Wl,--start-group -lc -lm -Wl,--end-group
Finished building target: A4.elf
 
arm-none-eabi-size  A4.elf 
arm-none-eabi-objdump -h -S A4.elf  > "A4.list"
   text	   data	    bss	    dec	    hex	filename
   5384	     12	   1572	   6968	   1b38	A4.elf
Finished building: default.size.stdout
 
Finished building: A4.list
 
14:50:09 **** Incremental Build of configuration Debug for project A1 ****
make -j20 all 
arm-none-eabi-size  A1.elf 
   text	   data	    bss	    dec	    hex	filename
   5300	     12	   1572	   6884	   1ae4	A1.elf
Finished building: default.size.stdout
 
14:50:10 **** Incremental Build of configuration Debug for project A2 ****
make -j20 all 
arm-none-eabi-size  A2.elf 
   text	   data	    bss	    dec	    hex	filename
  10112	    104	   1904	  12120	   2f58	A2.elf
Finished building: default.size.stdout
 
14:50:11 **** Incremental Build of configuration Debug for project A4 ****
make -j20 all 
arm-none-eabi-gcc "../Core/Src/main.c" -mcpu=cortex-m4 -std=gnu11 -g3 -DDEBUG -DUSE_HAL_DRIVER -DSTM32L4A6xx -c -I../Core/Inc -I../Drivers/STM32L4xx_HAL_Driver/Inc -I../Drivers/STM32L4xx_HAL_Driver/Inc/Legacy -I../Drivers/CMSIS/Device/ST/STM32L4xx/Include -I../Drivers/CMSIS/Include -O0 -ffunction-sections -fdata-sections -Wall -fstack-usage -fcyclomatic-complexity -MMD -MP -MF"Core/Src/main.d" -MT"Core/Src/main.o" --specs=nano.specs -mfpu=fpv4-sp-d16 -mfloat-abi=hard -mthumb -o "Core/Src/main.o"
arm-none-eabi-gcc "../Core/Src/timer.c" -mcpu=cortex-m4 -std=gnu11 -g3 -DDEBUG -DUSE_HAL_DRIVER -DSTM32L4A6xx -c -I../Core/Inc -I../Drivers/STM32L4xx_HAL_Driver/Inc -I../Drivers/STM32L4xx_HAL_Driver/Inc/Legacy -I../Drivers/CMSIS/Device/ST/STM32L4xx/Include -I../Drivers/CMSIS/Include -O0 -ffunction-sections -fdata-sections -Wall -fstack-usage -fcyclomatic-complexity -MMD -MP -MF"Core/Src/timer.d" -MT"Core/Src/timer.o" --specs=nano.specs -mfpu=fpv4-sp-d16 -mfloat-abi=hard -mthumb -o "Core/Src/timer.o"
arm-none-eabi-gcc -o "A4.elf" @"objects.list"   -mcpu=cortex-m4 -T"C:\Users\blew2\Documents\GitHub\STM32CubeIDE\workspace_1.18.0\A4\STM32L4A6ZGTX_FLASH.ld" --specs=nosys.specs -Wl,-Map="A4.map" -Wl,--gc-sections -static --specs=nano.specs -mfpu=fpv4-sp-d16 -mfloat-abi=hard -mthumb -Wl,--start-group -lc -lm -Wl,--end-group
Finished building target: A4.elf
 
arm-none-eabi-size  A4.elf 
arm-none-eabi-objdump -h -S A4.elf  > "A4.list"
   text	   data	    bss	    dec	    hex	filename
   5328	     12	   1572	   6912	   1b00	A4.elf
Finished building: default.size.stdout
 
Finished building: A4.list
 
14:50:13 **** Incremental Build of configuration Debug for project A_3 ****
make -j20 all 
arm-none-eabi-size  A_3.elf 
   text	   data	    bss	    dec	    hex	filename
   9016	    104	   1904	  11024	   2b10	A_3.elf
Finished building: default.size.stdout
 
14:50:13 **** Incremental Build of configuration Debug for project I2C_Test ****
make -j20 all 
arm-none-eabi-size  I2C_Test.elf 
   text	   data	    bss	    dec	    hex	filename
  27292	    468	   2100	  29860	   74a4	I2C_Test.elf
Finished building: default.size.stdout
 
14:50:14 **** Incremental Build of configuration Debug for project Relay_Controller_STM32 ****
make -j20 all 
arm-none-eabi-size  Relay_Controller_STM32.elf 
   text	   data	    bss	    dec	    hex	filename
  11924	     12	   1836	  13772	   35cc	Relay_Controller_STM32.elf
Finished building: default.size.stdout
 
14:50:15 **** Incremental Build of configuration Debug for project Relay_Controller_STM_32_Debug ****
make -j20 all 
arm-none-eabi-size  Relay_Controller_STM_32_Debug.elf 
   text	   data	    bss	    dec	    hex	filename
  25644	    104	   2256	  28004	   6d64	Relay_Controller_STM_32_Debug.elf
Finished building: default.size.stdout
 
14:50:38 **** Incremental Build of configuration Debug for project A4 ****
make -j20 all 
arm-none-eabi-gcc "../Core/Src/main.c" -mcpu=cortex-m4 -std=gnu11 -g3 -DDEBUG -DUSE_HAL_DRIVER -DSTM32L4A6xx -c -I../Core/Inc -I../Drivers/STM32L4xx_HAL_Driver/Inc -I../Drivers/STM32L4xx_HAL_Driver/Inc/Legacy -I../Drivers/CMSIS/Device/ST/STM32L4xx/Include -I../Drivers/CMSIS/Include -O0 -ffunction-sections -fdata-sections -Wall -fstack-usage -fcyclomatic-complexity -MMD -MP -MF"Core/Src/main.d" -MT"Core/Src/main.o" --specs=nano.specs -mfpu=fpv4-sp-d16 -mfloat-abi=hard -mthumb -o "Core/Src/main.o"
../Core/Src/main.c: In function 'main':
../Core/Src/main.c:35:9: warning: implicit declaration of function 'TIM2_GPIO' [-Wimplicit-function-declaration]
   35 |         TIM2_GPIO();
      |         ^~~~~~~~~
arm-none-eabi-gcc -o "A4.elf" @"objects.list"   -mcpu=cortex-m4 -T"C:\Users\blew2\Documents\GitHub\STM32CubeIDE\workspace_1.18.0\A4\STM32L4A6ZGTX_FLASH.ld" --specs=nosys.specs -Wl,-Map="A4.map" -Wl,--gc-sections -static --specs=nano.specs -mfpu=fpv4-sp-d16 -mfloat-abi=hard -mthumb -Wl,--start-group -lc -lm -Wl,--end-group
Finished building target: A4.elf
 
arm-none-eabi-size  A4.elf 
arm-none-eabi-objdump -h -S A4.elf  > "A4.list"
   text	   data	    bss	    dec	    hex	filename
   5452	     12	   1572	   7036	   1b7c	A4.elf
Finished building: default.size.stdout
 
Finished building: A4.list
 
14:50:52 **** Incremental Build of configuration Debug for project A4 ****
make -j20 all 
arm-none-eabi-gcc "../Core/Src/main.c" -mcpu=cortex-m4 -std=gnu11 -g3 -DDEBUG -DUSE_HAL_DRIVER -DSTM32L4A6xx -c -I../Core/Inc -I../Drivers/STM32L4xx_HAL_Driver/Inc -I../Drivers/STM32L4xx_HAL_Driver/Inc/Legacy -I../Drivers/CMSIS/Device/ST/STM32L4xx/Include -I../Drivers/CMSIS/Include -O0 -ffunction-sections -fdata-sections -Wall -fstack-usage -fcyclomatic-complexity -MMD -MP -MF"Core/Src/main.d" -MT"Core/Src/main.o" --specs=nano.specs -mfpu=fpv4-sp-d16 -mfloat-abi=hard -mthumb -o "Core/Src/main.o"
arm-none-eabi-gcc -o "A4.elf" @"objects.list"   -mcpu=cortex-m4 -T"C:\Users\blew2\Documents\GitHub\STM32CubeIDE\workspace_1.18.0\A4\STM32L4A6ZGTX_FLASH.ld" --specs=nosys.specs -Wl,-Map="A4.map" -Wl,--gc-sections -static --specs=nano.specs -mfpu=fpv4-sp-d16 -mfloat-abi=hard -mthumb -Wl,--start-group -lc -lm -Wl,--end-group
Finished building target: A4.elf
 
arm-none-eabi-size  A4.elf 
arm-none-eabi-objdump -h -S A4.elf  > "A4.list"
   text	   data	    bss	    dec	    hex	filename
   5452	     12	   1572	   7036	   1b7c	A4.elf
Finished building: default.size.stdout
 
Finished building: A4.list
 
14:51:55 **** Incremental Build of configuration Debug for project A4 ****
make -j20 all 
arm-none-eabi-gcc "../Core/Src/main.c" -mcpu=cortex-m4 -std=gnu11 -g3 -DDEBUG -DUSE_HAL_DRIVER -DSTM32L4A6xx -c -I../Core/Inc -I../Drivers/STM32L4xx_HAL_Driver/Inc -I../Drivers/STM32L4xx_HAL_Driver/Inc/Legacy -I../Drivers/CMSIS/Device/ST/STM32L4xx/Include -I../Drivers/CMSIS/Include -O0 -ffunction-sections -fdata-sections -Wall -fstack-usage -fcyclomatic-complexity -MMD -MP -MF"Core/Src/main.d" -MT"Core/Src/main.o" --specs=nano.specs -mfpu=fpv4-sp-d16 -mfloat-abi=hard -mthumb -o "Core/Src/main.o"
../Core/Src/main.c: In function 'main':
../Core/Src/main.c:36:9: error: too many arguments to function 'setup_TIM2'
   36 |         setup_TIM2(iDutyCycle);
      |         ^~~~~~~~~~
../Core/Src/main.c:26:6: note: declared here
   26 | void setup_TIM2(void);
      |      ^~~~~~~~~~
make: *** [Core/Src/subdir.mk:37: Core/Src/main.o] Error 1
"make -j20 all" terminated with exit code 2. Build might be incomplete.
14:52:11 **** Incremental Build of configuration Debug for project A4 ****
make -j20 all 
arm-none-eabi-gcc "../Core/Src/main.c" -mcpu=cortex-m4 -std=gnu11 -g3 -DDEBUG -DUSE_HAL_DRIVER -DSTM32L4A6xx -c -I../Core/Inc -I../Drivers/STM32L4xx_HAL_Driver/Inc -I../Drivers/STM32L4xx_HAL_Driver/Inc/Legacy -I../Drivers/CMSIS/Device/ST/STM32L4xx/Include -I../Drivers/CMSIS/Include -O0 -ffunction-sections -fdata-sections -Wall -fstack-usage -fcyclomatic-complexity -MMD -MP -MF"Core/Src/main.d" -MT"Core/Src/main.o" --specs=nano.specs -mfpu=fpv4-sp-d16 -mfloat-abi=hard -mthumb -o "Core/Src/main.o"
arm-none-eabi-gcc -o "A4.elf" @"objects.list"   -mcpu=cortex-m4 -T"C:\Users\blew2\Documents\GitHub\STM32CubeIDE\workspace_1.18.0\A4\STM32L4A6ZGTX_FLASH.ld" --specs=nosys.specs -Wl,-Map="A4.map" -Wl,--gc-sections -static --specs=nano.specs -mfpu=fpv4-sp-d16 -mfloat-abi=hard -mthumb -Wl,--start-group -lc -lm -Wl,--end-group
Finished building target: A4.elf
 
arm-none-eabi-size  A4.elf 
arm-none-eabi-objdump -h -S A4.elf  > "A4.list"
   text	   data	    bss	    dec	    hex	filename
   5456	     12	   1572	   7040	   1b80	A4.elf
Finished building: default.size.stdout
 
Finished building: A4.list
 
14:55:33 **** Incremental Build of configuration Debug for project A4 ****
make -j20 all 
arm-none-eabi-gcc "../Core/Src/timer.c" -mcpu=cortex-m4 -std=gnu11 -g3 -DDEBUG -DUSE_HAL_DRIVER -DSTM32L4A6xx -c -I../Core/Inc -I../Drivers/STM32L4xx_HAL_Driver/Inc -I../Drivers/STM32L4xx_HAL_Driver/Inc/Legacy -I../Drivers/CMSIS/Device/ST/STM32L4xx/Include -I../Drivers/CMSIS/Include -O0 -ffunction-sections -fdata-sections -Wall -fstack-usage -fcyclomatic-complexity -MMD -MP -MF"Core/Src/timer.d" -MT"Core/Src/timer.o" --specs=nano.specs -mfpu=fpv4-sp-d16 -mfloat-abi=hard -mthumb -o "Core/Src/timer.o"
../Core/Src/timer.c: In function 'TIM2_GPIO':
../Core/Src/timer.c:62:21: error: 'PERIOD_TICKS' undeclared (first use in this function)
   62 |         TIM2->ARR = PERIOD_TICKS - 1; // auto-reload = 799 → counts 0…799 = 800 ticks
      |                     ^~~~~~~~~~~~
../Core/Src/timer.c:62:21: note: each undeclared identifier is reported only once for each function it appears in
../Core/Src/timer.c:65:22: error: 'DUTY_TICKS' undeclared (first use in this function)
   65 |         TIM2->CCR1 = DUTY_TICKS;          // 200 ticks → 25 % of 800
      |                      ^~~~~~~~~~
make: *** [Core/Src/subdir.mk:37: Core/Src/timer.o] Error 1
"make -j20 all" terminated with exit code 2. Build might be incomplete.
14:55:37 **** Incremental Build of configuration Debug for project A4 ****
make -j20 all 
arm-none-eabi-gcc "../Core/Src/timer.c" -mcpu=cortex-m4 -std=gnu11 -g3 -DDEBUG -DUSE_HAL_DRIVER -DSTM32L4A6xx -c -I../Core/Inc -I../Drivers/STM32L4xx_HAL_Driver/Inc -I../Drivers/STM32L4xx_HAL_Driver/Inc/Legacy -I../Drivers/CMSIS/Device/ST/STM32L4xx/Include -I../Drivers/CMSIS/Include -O0 -ffunction-sections -fdata-sections -Wall -fstack-usage -fcyclomatic-complexity -MMD -MP -MF"Core/Src/timer.d" -MT"Core/Src/timer.o" --specs=nano.specs -mfpu=fpv4-sp-d16 -mfloat-abi=hard -mthumb -o "Core/Src/timer.o"
../Core/Src/timer.c: In function 'TIM2_GPIO':
../Core/Src/timer.c:62:21: error: 'PERIOD_TICKS' undeclared (first use in this function)
   62 |         TIM2->ARR = PERIOD_TICKS - 1; // auto-reload = 799 → counts 0…799 = 800 ticks
      |                     ^~~~~~~~~~~~
../Core/Src/timer.c:62:21: note: each undeclared identifier is reported only once for each function it appears in
../Core/Src/timer.c:65:22: error: 'DUTY_TICKS' undeclared (first use in this function)
   65 |         TIM2->CCR1 = DUTY_TICKS;          // 200 ticks → 25 % of 800
      |                      ^~~~~~~~~~
make: *** [Core/Src/subdir.mk:37: Core/Src/timer.o] Error 1
"make -j20 all" terminated with exit code 2. Build might be incomplete.
14:56:08 **** Incremental Build of configuration Debug for project A4 ****
make -j20 all 
arm-none-eabi-gcc "../Core/Src/timer.c" -mcpu=cortex-m4 -std=gnu11 -g3 -DDEBUG -DUSE_HAL_DRIVER -DSTM32L4A6xx -c -I../Core/Inc -I../Drivers/STM32L4xx_HAL_Driver/Inc -I../Drivers/STM32L4xx_HAL_Driver/Inc/Legacy -I../Drivers/CMSIS/Device/ST/STM32L4xx/Include -I../Drivers/CMSIS/Include -O0 -ffunction-sections -fdata-sections -Wall -fstack-usage -fcyclomatic-complexity -MMD -MP -MF"Core/Src/timer.d" -MT"Core/Src/timer.o" --specs=nano.specs -mfpu=fpv4-sp-d16 -mfloat-abi=hard -mthumb -o "Core/Src/timer.o"
arm-none-eabi-gcc -o "A4.elf" @"objects.list"   -mcpu=cortex-m4 -T"C:\Users\blew2\Documents\GitHub\STM32CubeIDE\workspace_1.18.0\A4\STM32L4A6ZGTX_FLASH.ld" --specs=nosys.specs -Wl,-Map="A4.map" -Wl,--gc-sections -static --specs=nano.specs -mfpu=fpv4-sp-d16 -mfloat-abi=hard -mthumb -Wl,--start-group -lc -lm -Wl,--end-group
Finished building target: A4.elf
 
arm-none-eabi-size  A4.elf 
arm-none-eabi-objdump -h -S A4.elf  > "A4.list"
   text	   data	    bss	    dec	    hex	filename
   5460	     12	   1572	   7044	   1b84	A4.elf
Finished building: default.size.stdout
 
Finished building: A4.list
 
14:56:38 **** Incremental Build of configuration Debug for project A4 ****
make -j20 all 
arm-none-eabi-gcc "../Core/Src/timer.c" -mcpu=cortex-m4 -std=gnu11 -g3 -DDEBUG -DUSE_HAL_DRIVER -DSTM32L4A6xx -c -I../Core/Inc -I../Drivers/STM32L4xx_HAL_Driver/Inc -I../Drivers/STM32L4xx_HAL_Driver/Inc/Legacy -I../Drivers/CMSIS/Device/ST/STM32L4xx/Include -I../Drivers/CMSIS/Include -O0 -ffunction-sections -fdata-sections -Wall -fstack-usage -fcyclomatic-complexity -MMD -MP -MF"Core/Src/timer.d" -MT"Core/Src/timer.o" --specs=nano.specs -mfpu=fpv4-sp-d16 -mfloat-abi=hard -mthumb -o "Core/Src/timer.o"
arm-none-eabi-gcc -o "A4.elf" @"objects.list"   -mcpu=cortex-m4 -T"C:\Users\blew2\Documents\GitHub\STM32CubeIDE\workspace_1.18.0\A4\STM32L4A6ZGTX_FLASH.ld" --specs=nosys.specs -Wl,-Map="A4.map" -Wl,--gc-sections -static --specs=nano.specs -mfpu=fpv4-sp-d16 -mfloat-abi=hard -mthumb -Wl,--start-group -lc -lm -Wl,--end-group
Finished building target: A4.elf
 
arm-none-eabi-size  A4.elf 
arm-none-eabi-objdump -h -S A4.elf  > "A4.list"
   text	   data	    bss	    dec	    hex	filename
   5460	     12	   1572	   7044	   1b84	A4.elf
Finished building: default.size.stdout
 
Finished building: A4.list
 
14:56:59 **** Incremental Build of configuration Debug for project A4 ****
make -j20 all 
arm-none-eabi-gcc "../Core/Src/timer.c" -mcpu=cortex-m4 -std=gnu11 -g3 -DDEBUG -DUSE_HAL_DRIVER -DSTM32L4A6xx -c -I../Core/Inc -I../Drivers/STM32L4xx_HAL_Driver/Inc -I../Drivers/STM32L4xx_HAL_Driver/Inc/Legacy -I../Drivers/CMSIS/Device/ST/STM32L4xx/Include -I../Drivers/CMSIS/Include -O0 -ffunction-sections -fdata-sections -Wall -fstack-usage -fcyclomatic-complexity -MMD -MP -MF"Core/Src/timer.d" -MT"Core/Src/timer.o" --specs=nano.specs -mfpu=fpv4-sp-d16 -mfloat-abi=hard -mthumb -o "Core/Src/timer.o"
arm-none-eabi-gcc -o "A4.elf" @"objects.list"   -mcpu=cortex-m4 -T"C:\Users\blew2\Documents\GitHub\STM32CubeIDE\workspace_1.18.0\A4\STM32L4A6ZGTX_FLASH.ld" --specs=nosys.specs -Wl,-Map="A4.map" -Wl,--gc-sections -static --specs=nano.specs -mfpu=fpv4-sp-d16 -mfloat-abi=hard -mthumb -Wl,--start-group -lc -lm -Wl,--end-group
Finished building target: A4.elf
 
arm-none-eabi-size  A4.elf 
arm-none-eabi-objdump -h -S A4.elf  > "A4.list"
   text	   data	    bss	    dec	    hex	filename
   5456	     12	   1572	   7040	   1b80	A4.elf
Finished building: default.size.stdout
 
Finished building: A4.list
 
15:25:47 **** Incremental Build of configuration Debug for project A4 ****
make -j20 all 
arm-none-eabi-gcc "../Core/Src/timer.c" -mcpu=cortex-m4 -std=gnu11 -g3 -DDEBUG -DUSE_HAL_DRIVER -DSTM32L4A6xx -c -I../Core/Inc -I../Drivers/STM32L4xx_HAL_Driver/Inc -I../Drivers/STM32L4xx_HAL_Driver/Inc/Legacy -I../Drivers/CMSIS/Device/ST/STM32L4xx/Include -I../Drivers/CMSIS/Include -O0 -ffunction-sections -fdata-sections -Wall -fstack-usage -fcyclomatic-complexity -MMD -MP -MF"Core/Src/timer.d" -MT"Core/Src/timer.o" --specs=nano.specs -mfpu=fpv4-sp-d16 -mfloat-abi=hard -mthumb -o "Core/Src/timer.o"
../Core/Src/timer.c: In function 'setup_TIM2':
../Core/Src/timer.c:84:21: error: 'PERIOD_TICKS' undeclared (first use in this function)
   84 |         TIM2->ARR = PERIOD_TICKS - 1; // auto-reload = 799 → counts 0…799 = 800 ticks
      |                     ^~~~~~~~~~~~
../Core/Src/timer.c:84:21: note: each undeclared identifier is reported only once for each function it appears in
../Core/Src/timer.c:87:22: error: 'DUTY_TICKS' undeclared (first use in this function)
   87 |         TIM2->CCR1 = DUTY_TICKS;          // 200 ticks → 25 % of 800
      |                      ^~~~~~~~~~
make: *** [Core/Src/subdir.mk:37: Core/Src/timer.o] Error 1
"make -j20 all" terminated with exit code 2. Build might be incomplete.
15:25:52 **** Incremental Build of configuration Debug for project A4 ****
make -j20 all 
arm-none-eabi-gcc "../Core/Src/timer.c" -mcpu=cortex-m4 -std=gnu11 -g3 -DDEBUG -DUSE_HAL_DRIVER -DSTM32L4A6xx -c -I../Core/Inc -I../Drivers/STM32L4xx_HAL_Driver/Inc -I../Drivers/STM32L4xx_HAL_Driver/Inc/Legacy -I../Drivers/CMSIS/Device/ST/STM32L4xx/Include -I../Drivers/CMSIS/Include -O0 -ffunction-sections -fdata-sections -Wall -fstack-usage -fcyclomatic-complexity -MMD -MP -MF"Core/Src/timer.d" -MT"Core/Src/timer.o" --specs=nano.specs -mfpu=fpv4-sp-d16 -mfloat-abi=hard -mthumb -o "Core/Src/timer.o"
../Core/Src/timer.c: In function 'setup_TIM2':
../Core/Src/timer.c:84:21: error: 'PERIOD_TICKS' undeclared (first use in this function)
   84 |         TIM2->ARR = PERIOD_TICKS - 1; // auto-reload = 799 → counts 0…799 = 800 ticks
      |                     ^~~~~~~~~~~~
../Core/Src/timer.c:84:21: note: each undeclared identifier is reported only once for each function it appears in
../Core/Src/timer.c:87:22: error: 'DUTY_TICKS' undeclared (first use in this function)
   87 |         TIM2->CCR1 = DUTY_TICKS;          // 200 ticks → 25 % of 800
      |                      ^~~~~~~~~~
make: *** [Core/Src/subdir.mk:37: Core/Src/timer.o] Error 1
"make -j20 all" terminated with exit code 2. Build might be incomplete.
15:25:56 **** Incremental Build of configuration Debug for project A4 ****
make -j20 all 
arm-none-eabi-gcc "../Core/Src/timer.c" -mcpu=cortex-m4 -std=gnu11 -g3 -DDEBUG -DUSE_HAL_DRIVER -DSTM32L4A6xx -c -I../Core/Inc -I../Drivers/STM32L4xx_HAL_Driver/Inc -I../Drivers/STM32L4xx_HAL_Driver/Inc/Legacy -I../Drivers/CMSIS/Device/ST/STM32L4xx/Include -I../Drivers/CMSIS/Include -O0 -ffunction-sections -fdata-sections -Wall -fstack-usage -fcyclomatic-complexity -MMD -MP -MF"Core/Src/timer.d" -MT"Core/Src/timer.o" --specs=nano.specs -mfpu=fpv4-sp-d16 -mfloat-abi=hard -mthumb -o "Core/Src/timer.o"
../Core/Src/timer.c: In function 'setup_TIM2':
../Core/Src/timer.c:84:21: error: 'PERIOD_TICKS' undeclared (first use in this function)
   84 |         TIM2->ARR = PERIOD_TICKS - 1; // auto-reload = 799 → counts 0…799 = 800 ticks
      |                     ^~~~~~~~~~~~
../Core/Src/timer.c:84:21: note: each undeclared identifier is reported only once for each function it appears in
../Core/Src/timer.c:87:22: error: 'DUTY_TICKS' undeclared (first use in this function)
   87 |         TIM2->CCR1 = DUTY_TICKS;          // 200 ticks → 25 % of 800
      |                      ^~~~~~~~~~
make: *** [Core/Src/subdir.mk:37: Core/Src/timer.o] Error 1
"make -j20 all" terminated with exit code 2. Build might be incomplete.
15:25:59 **** Incremental Build of configuration Debug for project A4 ****
make -j20 all 
arm-none-eabi-gcc "../Core/Src/timer.c" -mcpu=cortex-m4 -std=gnu11 -g3 -DDEBUG -DUSE_HAL_DRIVER -DSTM32L4A6xx -c -I../Core/Inc -I../Drivers/STM32L4xx_HAL_Driver/Inc -I../Drivers/STM32L4xx_HAL_Driver/Inc/Legacy -I../Drivers/CMSIS/Device/ST/STM32L4xx/Include -I../Drivers/CMSIS/Include -O0 -ffunction-sections -fdata-sections -Wall -fstack-usage -fcyclomatic-complexity -MMD -MP -MF"Core/Src/timer.d" -MT"Core/Src/timer.o" --specs=nano.specs -mfpu=fpv4-sp-d16 -mfloat-abi=hard -mthumb -o "Core/Src/timer.o"
../Core/Src/timer.c: In function 'setup_TIM2':
../Core/Src/timer.c:84:21: error: 'PERIOD_TICKS' undeclared (first use in this function)
   84 |         TIM2->ARR = PERIOD_TICKS - 1; // auto-reload = 799 → counts 0…799 = 800 ticks
      |                     ^~~~~~~~~~~~
../Core/Src/timer.c:84:21: note: each undeclared identifier is reported only once for each function it appears in
../Core/Src/timer.c:87:22: error: 'DUTY_TICKS' undeclared (first use in this function)
   87 |         TIM2->CCR1 = DUTY_TICKS;          // 200 ticks → 25 % of 800
      |                      ^~~~~~~~~~
make: *** [Core/Src/subdir.mk:37: Core/Src/timer.o] Error 1
"make -j20 all" terminated with exit code 2. Build might be incomplete.
15:26:08 **** Incremental Build of configuration Debug for project A4 ****
make -j20 all 
arm-none-eabi-gcc "../Core/Src/timer.c" -mcpu=cortex-m4 -std=gnu11 -g3 -DDEBUG -DUSE_HAL_DRIVER -DSTM32L4A6xx -c -I../Core/Inc -I../Drivers/STM32L4xx_HAL_Driver/Inc -I../Drivers/STM32L4xx_HAL_Driver/Inc/Legacy -I../Drivers/CMSIS/Device/ST/STM32L4xx/Include -I../Drivers/CMSIS/Include -O0 -ffunction-sections -fdata-sections -Wall -fstack-usage -fcyclomatic-complexity -MMD -MP -MF"Core/Src/timer.d" -MT"Core/Src/timer.o" --specs=nano.specs -mfpu=fpv4-sp-d16 -mfloat-abi=hard -mthumb -o "Core/Src/timer.o"
../Core/Src/timer.c: In function 'setup_TIM2':
../Core/Src/timer.c:84:21: error: 'PERIOD_TICKS' undeclared (first use in this function)
   84 |         TIM2->ARR = PERIOD_TICKS - 1; // auto-reload = 799 → counts 0…799 = 800 ticks
      |                     ^~~~~~~~~~~~
../Core/Src/timer.c:84:21: note: each undeclared identifier is reported only once for each function it appears in
../Core/Src/timer.c:87:22: error: 'DUTY_TICKS' undeclared (first use in this function)
   87 |         TIM2->CCR1 = DUTY_TICKS;          // 200 ticks → 25 % of 800
      |                      ^~~~~~~~~~
make: *** [Core/Src/subdir.mk:37: Core/Src/timer.o] Error 1
"make -j20 all" terminated with exit code 2. Build might be incomplete.
15:26:22 **** Incremental Build of configuration Debug for project A4 ****
make -j20 all 
arm-none-eabi-gcc "../Core/Src/timer.c" -mcpu=cortex-m4 -std=gnu11 -g3 -DDEBUG -DUSE_HAL_DRIVER -DSTM32L4A6xx -c -I../Core/Inc -I../Drivers/STM32L4xx_HAL_Driver/Inc -I../Drivers/STM32L4xx_HAL_Driver/Inc/Legacy -I../Drivers/CMSIS/Device/ST/STM32L4xx/Include -I../Drivers/CMSIS/Include -O0 -ffunction-sections -fdata-sections -Wall -fstack-usage -fcyclomatic-complexity -MMD -MP -MF"Core/Src/timer.d" -MT"Core/Src/timer.o" --specs=nano.specs -mfpu=fpv4-sp-d16 -mfloat-abi=hard -mthumb -o "Core/Src/timer.o"
arm-none-eabi-gcc -o "A4.elf" @"objects.list"   -mcpu=cortex-m4 -T"C:\Users\blew2\Documents\GitHub\STM32CubeIDE\workspace_1.18.0\A4\STM32L4A6ZGTX_FLASH.ld" --specs=nosys.specs -Wl,-Map="A4.map" -Wl,--gc-sections -static --specs=nano.specs -mfpu=fpv4-sp-d16 -mfloat-abi=hard -mthumb -Wl,--start-group -lc -lm -Wl,--end-group
C:/ST/STM32CubeIDE_1.18.0/STM32CubeIDE/plugins/com.st.stm32cube.ide.mcu.externaltools.gnu-tools-for-stm32.13.3.rel1.win32_1.0.0.202411081344/tools/bin/../lib/gcc/arm-none-eabi/13.3.1/../../../../arm-none-eabi/bin/ld.exe: ./Core/Src/main.o: in function `main':
C:/Users/blew2/Documents/GitHub/STM32CubeIDE/workspace_1.18.0/A4/Debug/../Core/Src/main.c:35:(.text.main+0xc): undefined reference to `TIM2_GPIO'
collect2.exe: error: ld returned 1 exit status
make: *** [makefile:64: A4.elf] Error 1
"make -j20 all" terminated with exit code 2. Build might be incomplete.
15:26:31 **** Incremental Build of configuration Debug for project A4 ****
make -j20 all 
arm-none-eabi-gcc -o "A4.elf" @"objects.list"   -mcpu=cortex-m4 -T"C:\Users\blew2\Documents\GitHub\STM32CubeIDE\workspace_1.18.0\A4\STM32L4A6ZGTX_FLASH.ld" --specs=nosys.specs -Wl,-Map="A4.map" -Wl,--gc-sections -static --specs=nano.specs -mfpu=fpv4-sp-d16 -mfloat-abi=hard -mthumb -Wl,--start-group -lc -lm -Wl,--end-group
C:/ST/STM32CubeIDE_1.18.0/STM32CubeIDE/plugins/com.st.stm32cube.ide.mcu.externaltools.gnu-tools-for-stm32.13.3.rel1.win32_1.0.0.202411081344/tools/bin/../lib/gcc/arm-none-eabi/13.3.1/../../../../arm-none-eabi/bin/ld.exe: ./Core/Src/main.o: in function `main':
C:/Users/blew2/Documents/GitHub/STM32CubeIDE/workspace_1.18.0/A4/Debug/../Core/Src/main.c:35:(.text.main+0xc): undefined reference to `TIM2_GPIO'
collect2.exe: error: ld returned 1 exit status
make: *** [makefile:64: A4.elf] Error 1
"make -j20 all" terminated with exit code 2. Build might be incomplete.
15:26:50 **** Incremental Build of configuration Debug for project A4 ****
make -j20 all 
arm-none-eabi-gcc "../Core/Src/main.c" -mcpu=cortex-m4 -std=gnu11 -g3 -DDEBUG -DUSE_HAL_DRIVER -DSTM32L4A6xx -c -I../Core/Inc -I../Drivers/STM32L4xx_HAL_Driver/Inc -I../Drivers/STM32L4xx_HAL_Driver/Inc/Legacy -I../Drivers/CMSIS/Device/ST/STM32L4xx/Include -I../Drivers/CMSIS/Include -O0 -ffunction-sections -fdata-sections -Wall -fstack-usage -fcyclomatic-complexity -MMD -MP -MF"Core/Src/main.d" -MT"Core/Src/main.o" --specs=nano.specs -mfpu=fpv4-sp-d16 -mfloat-abi=hard -mthumb -o "Core/Src/main.o"
../Core/Src/main.c: In function 'main':
../Core/Src/main.c:36:9: error: too many arguments to function 'setup_TIM2'
   36 |         setup_TIM2(iDutyCycle);
      |         ^~~~~~~~~~
../Core/Src/main.c:26:6: note: declared here
   26 | void setup_TIM2(void);
      |      ^~~~~~~~~~
make: *** [Core/Src/subdir.mk:37: Core/Src/main.o] Error 1
"make -j20 all" terminated with exit code 2. Build might be incomplete.
15:26:57 **** Incremental Build of configuration Debug for project A4 ****
make -j20 all 
arm-none-eabi-gcc "../Core/Src/main.c" -mcpu=cortex-m4 -std=gnu11 -g3 -DDEBUG -DUSE_HAL_DRIVER -DSTM32L4A6xx -c -I../Core/Inc -I../Drivers/STM32L4xx_HAL_Driver/Inc -I../Drivers/STM32L4xx_HAL_Driver/Inc/Legacy -I../Drivers/CMSIS/Device/ST/STM32L4xx/Include -I../Drivers/CMSIS/Include -O0 -ffunction-sections -fdata-sections -Wall -fstack-usage -fcyclomatic-complexity -MMD -MP -MF"Core/Src/main.d" -MT"Core/Src/main.o" --specs=nano.specs -mfpu=fpv4-sp-d16 -mfloat-abi=hard -mthumb -o "Core/Src/main.o"
arm-none-eabi-gcc -o "A4.elf" @"objects.list"   -mcpu=cortex-m4 -T"C:\Users\blew2\Documents\GitHub\STM32CubeIDE\workspace_1.18.0\A4\STM32L4A6ZGTX_FLASH.ld" --specs=nosys.specs -Wl,-Map="A4.map" -Wl,--gc-sections -static --specs=nano.specs -mfpu=fpv4-sp-d16 -mfloat-abi=hard -mthumb -Wl,--start-group -lc -lm -Wl,--end-group
C:/ST/STM32CubeIDE_1.18.0/STM32CubeIDE/plugins/com.st.stm32cube.ide.mcu.externaltools.gnu-tools-for-stm32.13.3.rel1.win32_1.0.0.202411081344/tools/bin/../lib/gcc/arm-none-eabi/13.3.1/../../../../arm-none-eabi/bin/ld.exe: ./Core/Src/main.o: in function `main':
C:/Users/blew2/Documents/GitHub/STM32CubeIDE/workspace_1.18.0/A4/Debug/../Core/Src/main.c:35:(.text.main+0xc): undefined reference to `TIM2_GPIO'
collect2.exe: error: ld returned 1 exit status
make: *** [makefile:64: A4.elf] Error 1
"make -j20 all" terminated with exit code 2. Build might be incomplete.
15:27:28 **** Incremental Build of configuration Debug for project A1 ****
make -j20 all 
arm-none-eabi-size  A1.elf 
   text	   data	    bss	    dec	    hex	filename
   5300	     12	   1572	   6884	   1ae4	A1.elf
Finished building: default.size.stdout
 
15:27:29 **** Incremental Build of configuration Debug for project A2 ****
make -j20 all 
arm-none-eabi-size  A2.elf 
   text	   data	    bss	    dec	    hex	filename
  10112	    104	   1904	  12120	   2f58	A2.elf
Finished building: default.size.stdout
 
15:27:31 **** Incremental Build of configuration Debug for project A4 ****
make -j20 all 
arm-none-eabi-gcc "../Core/Src/main.c" -mcpu=cortex-m4 -std=gnu11 -g3 -DDEBUG -DUSE_HAL_DRIVER -DSTM32L4A6xx -c -I../Core/Inc -I../Drivers/STM32L4xx_HAL_Driver/Inc -I../Drivers/STM32L4xx_HAL_Driver/Inc/Legacy -I../Drivers/CMSIS/Device/ST/STM32L4xx/Include -I../Drivers/CMSIS/Include -O0 -ffunction-sections -fdata-sections -Wall -fstack-usage -fcyclomatic-complexity -MMD -MP -MF"Core/Src/main.d" -MT"Core/Src/main.o" --specs=nano.specs -mfpu=fpv4-sp-d16 -mfloat-abi=hard -mthumb -o "Core/Src/main.o"
arm-none-eabi-gcc -o "A4.elf" @"objects.list"   -mcpu=cortex-m4 -T"C:\Users\blew2\Documents\GitHub\STM32CubeIDE\workspace_1.18.0\A4\STM32L4A6ZGTX_FLASH.ld" --specs=nosys.specs -Wl,-Map="A4.map" -Wl,--gc-sections -static --specs=nano.specs -mfpu=fpv4-sp-d16 -mfloat-abi=hard -mthumb -Wl,--start-group -lc -lm -Wl,--end-group
C:/ST/STM32CubeIDE_1.18.0/STM32CubeIDE/plugins/com.st.stm32cube.ide.mcu.externaltools.gnu-tools-for-stm32.13.3.rel1.win32_1.0.0.202411081344/tools/bin/../lib/gcc/arm-none-eabi/13.3.1/../../../../arm-none-eabi/bin/ld.exe: ./Core/Src/main.o: in function `main':
C:/Users/blew2/Documents/GitHub/STM32CubeIDE/workspace_1.18.0/A4/Debug/../Core/Src/main.c:35:(.text.main+0xc): undefined reference to `TIM2_GPIO'
collect2.exe: error: ld returned 1 exit status
make: *** [makefile:64: A4.elf] Error 1
"make -j20 all" terminated with exit code 2. Build might be incomplete.
15:27:34 **** Incremental Build of configuration Debug for project A_3 ****
make -j20 all 
arm-none-eabi-size  A_3.elf 
   text	   data	    bss	    dec	    hex	filename
   9016	    104	   1904	  11024	   2b10	A_3.elf
Finished building: default.size.stdout
 
15:27:35 **** Incremental Build of configuration Debug for project I2C_Test ****
make -j20 all 
arm-none-eabi-size  I2C_Test.elf 
   text	   data	    bss	    dec	    hex	filename
  27292	    468	   2100	  29860	   74a4	I2C_Test.elf
Finished building: default.size.stdout
 
15:27:37 **** Incremental Build of configuration Debug for project Relay_Controller_STM32 ****
make -j20 all 
arm-none-eabi-size  Relay_Controller_STM32.elf 
   text	   data	    bss	    dec	    hex	filename
  11924	     12	   1836	  13772	   35cc	Relay_Controller_STM32.elf
Finished building: default.size.stdout
 
15:27:39 **** Incremental Build of configuration Debug for project Relay_Controller_STM_32_Debug ****
make -j20 all 
arm-none-eabi-size  Relay_Controller_STM_32_Debug.elf 
   text	   data	    bss	    dec	    hex	filename
  25644	    104	   2256	  28004	   6d64	Relay_Controller_STM_32_Debug.elf
Finished building: default.size.stdout
 
15:28:15 **** Incremental Build of configuration Debug for project A4 ****
make -j20 all 
arm-none-eabi-gcc -o "A4.elf" @"objects.list"   -mcpu=cortex-m4 -T"C:\Users\blew2\Documents\GitHub\STM32CubeIDE\workspace_1.18.0\A4\STM32L4A6ZGTX_FLASH.ld" --specs=nosys.specs -Wl,-Map="A4.map" -Wl,--gc-sections -static --specs=nano.specs -mfpu=fpv4-sp-d16 -mfloat-abi=hard -mthumb -Wl,--start-group -lc -lm -Wl,--end-group
C:/ST/STM32CubeIDE_1.18.0/STM32CubeIDE/plugins/com.st.stm32cube.ide.mcu.externaltools.gnu-tools-for-stm32.13.3.rel1.win32_1.0.0.202411081344/tools/bin/../lib/gcc/arm-none-eabi/13.3.1/../../../../arm-none-eabi/bin/ld.exe: ./Core/Src/main.o: in function `main':
C:/Users/blew2/Documents/GitHub/STM32CubeIDE/workspace_1.18.0/A4/Debug/../Core/Src/main.c:35:(.text.main+0xc): undefined reference to `TIM2_GPIO'
collect2.exe: error: ld returned 1 exit status
make: *** [makefile:64: A4.elf] Error 1
"make -j20 all" terminated with exit code 2. Build might be incomplete.
15:28:42 **** Incremental Build of configuration Debug for project A4 ****
make -j20 all 
arm-none-eabi-gcc "../Core/Src/main.c" -mcpu=cortex-m4 -std=gnu11 -g3 -DDEBUG -DUSE_HAL_DRIVER -DSTM32L4A6xx -c -I../Core/Inc -I../Drivers/STM32L4xx_HAL_Driver/Inc -I../Drivers/STM32L4xx_HAL_Driver/Inc/Legacy -I../Drivers/CMSIS/Device/ST/STM32L4xx/Include -I../Drivers/CMSIS/Include -O0 -ffunction-sections -fdata-sections -Wall -fstack-usage -fcyclomatic-complexity -MMD -MP -MF"Core/Src/main.d" -MT"Core/Src/main.o" --specs=nano.specs -mfpu=fpv4-sp-d16 -mfloat-abi=hard -mthumb -o "Core/Src/main.o"
arm-none-eabi-gcc -o "A4.elf" @"objects.list"   -mcpu=cortex-m4 -T"C:\Users\blew2\Documents\GitHub\STM32CubeIDE\workspace_1.18.0\A4\STM32L4A6ZGTX_FLASH.ld" --specs=nosys.specs -Wl,-Map="A4.map" -Wl,--gc-sections -static --specs=nano.specs -mfpu=fpv4-sp-d16 -mfloat-abi=hard -mthumb -Wl,--start-group -lc -lm -Wl,--end-group
C:/ST/STM32CubeIDE_1.18.0/STM32CubeIDE/plugins/com.st.stm32cube.ide.mcu.externaltools.gnu-tools-for-stm32.13.3.rel1.win32_1.0.0.202411081344/tools/bin/../lib/gcc/arm-none-eabi/13.3.1/../../../../arm-none-eabi/bin/ld.exe: ./Core/Src/main.o: in function `main':
C:/Users/blew2/Documents/GitHub/STM32CubeIDE/workspace_1.18.0/A4/Debug/../Core/Src/main.c:35:(.text.main+0xc): undefined reference to `TIM2_GPIO'
collect2.exe: error: ld returned 1 exit status
make: *** [makefile:64: A4.elf] Error 1
"make -j20 all" terminated with exit code 2. Build might be incomplete.
15:28:49 **** Incremental Build of configuration Debug for project A1 ****
make -j20 all 
arm-none-eabi-size  A1.elf 
   text	   data	    bss	    dec	    hex	filename
   5300	     12	   1572	   6884	   1ae4	A1.elf
Finished building: default.size.stdout
 
15:28:50 **** Incremental Build of configuration Debug for project A2 ****
make -j20 all 
arm-none-eabi-size  A2.elf 
   text	   data	    bss	    dec	    hex	filename
  10112	    104	   1904	  12120	   2f58	A2.elf
Finished building: default.size.stdout
 
15:28:50 **** Incremental Build of configuration Debug for project A4 ****
make -j20 all 
arm-none-eabi-gcc "../Core/Src/main.c" -mcpu=cortex-m4 -std=gnu11 -g3 -DDEBUG -DUSE_HAL_DRIVER -DSTM32L4A6xx -c -I../Core/Inc -I../Drivers/STM32L4xx_HAL_Driver/Inc -I../Drivers/STM32L4xx_HAL_Driver/Inc/Legacy -I../Drivers/CMSIS/Device/ST/STM32L4xx/Include -I../Drivers/CMSIS/Include -O0 -ffunction-sections -fdata-sections -Wall -fstack-usage -fcyclomatic-complexity -MMD -MP -MF"Core/Src/main.d" -MT"Core/Src/main.o" --specs=nano.specs -mfpu=fpv4-sp-d16 -mfloat-abi=hard -mthumb -o "Core/Src/main.o"
arm-none-eabi-gcc -o "A4.elf" @"objects.list"   -mcpu=cortex-m4 -T"C:\Users\blew2\Documents\GitHub\STM32CubeIDE\workspace_1.18.0\A4\STM32L4A6ZGTX_FLASH.ld" --specs=nosys.specs -Wl,-Map="A4.map" -Wl,--gc-sections -static --specs=nano.specs -mfpu=fpv4-sp-d16 -mfloat-abi=hard -mthumb -Wl,--start-group -lc -lm -Wl,--end-group
C:/ST/STM32CubeIDE_1.18.0/STM32CubeIDE/plugins/com.st.stm32cube.ide.mcu.externaltools.gnu-tools-for-stm32.13.3.rel1.win32_1.0.0.202411081344/tools/bin/../lib/gcc/arm-none-eabi/13.3.1/../../../../arm-none-eabi/bin/ld.exe: ./Core/Src/main.o: in function `main':
C:/Users/blew2/Documents/GitHub/STM32CubeIDE/workspace_1.18.0/A4/Debug/../Core/Src/main.c:35:(.text.main+0xc): undefined reference to `TIM2_GPIO'
collect2.exe: error: ld returned 1 exit status
make: *** [makefile:64: A4.elf] Error 1
"make -j20 all" terminated with exit code 2. Build might be incomplete.
15:28:52 **** Incremental Build of configuration Debug for project A_3 ****
make -j20 all 
arm-none-eabi-size  A_3.elf 
   text	   data	    bss	    dec	    hex	filename
   9016	    104	   1904	  11024	   2b10	A_3.elf
Finished building: default.size.stdout
 
15:28:53 **** Incremental Build of configuration Debug for project I2C_Test ****
make -j20 all 
arm-none-eabi-size  I2C_Test.elf 
   text	   data	    bss	    dec	    hex	filename
  27292	    468	   2100	  29860	   74a4	I2C_Test.elf
Finished building: default.size.stdout
 
15:28:53 **** Incremental Build of configuration Debug for project Relay_Controller_STM32 ****
make -j20 all 
arm-none-eabi-size  Relay_Controller_STM32.elf 
   text	   data	    bss	    dec	    hex	filename
  11924	     12	   1836	  13772	   35cc	Relay_Controller_STM32.elf
Finished building: default.size.stdout
 
15:28:54 **** Incremental Build of configuration Debug for project Relay_Controller_STM_32_Debug ****
make -j20 all 
arm-none-eabi-size  Relay_Controller_STM_32_Debug.elf 
   text	   data	    bss	    dec	    hex	filename
  25644	    104	   2256	  28004	   6d64	Relay_Controller_STM_32_Debug.elf
Finished building: default.size.stdout
 
15:30:09 **** Incremental Build of configuration Debug for project A4 ****
make -j20 all 
arm-none-eabi-gcc "../Core/Src/main.c" -mcpu=cortex-m4 -std=gnu11 -g3 -DDEBUG -DUSE_HAL_DRIVER -DSTM32L4A6xx -c -I../Core/Inc -I../Drivers/STM32L4xx_HAL_Driver/Inc -I../Drivers/STM32L4xx_HAL_Driver/Inc/Legacy -I../Drivers/CMSIS/Device/ST/STM32L4xx/Include -I../Drivers/CMSIS/Include -O0 -ffunction-sections -fdata-sections -Wall -fstack-usage -fcyclomatic-complexity -MMD -MP -MF"Core/Src/main.d" -MT"Core/Src/main.o" --specs=nano.specs -mfpu=fpv4-sp-d16 -mfloat-abi=hard -mthumb -o "Core/Src/main.o"
arm-none-eabi-gcc "../Core/Src/timer.c" -mcpu=cortex-m4 -std=gnu11 -g3 -DDEBUG -DUSE_HAL_DRIVER -DSTM32L4A6xx -c -I../Core/Inc -I../Drivers/STM32L4xx_HAL_Driver/Inc -I../Drivers/STM32L4xx_HAL_Driver/Inc/Legacy -I../Drivers/CMSIS/Device/ST/STM32L4xx/Include -I../Drivers/CMSIS/Include -O0 -ffunction-sections -fdata-sections -Wall -fstack-usage -fcyclomatic-complexity -MMD -MP -MF"Core/Src/timer.d" -MT"Core/Src/timer.o" --specs=nano.specs -mfpu=fpv4-sp-d16 -mfloat-abi=hard -mthumb -o "Core/Src/timer.o"
../Core/Src/main.c:84:13: warning: 'MX_GPIO_Init' defined but not used [-Wunused-function]
   84 | static void MX_GPIO_Init(void) {
      |             ^~~~~~~~~~~~
arm-none-eabi-gcc -o "A4.elf" @"objects.list"   -mcpu=cortex-m4 -T"C:\Users\blew2\Documents\GitHub\STM32CubeIDE\workspace_1.18.0\A4\STM32L4A6ZGTX_FLASH.ld" --specs=nosys.specs -Wl,-Map="A4.map" -Wl,--gc-sections -static --specs=nano.specs -mfpu=fpv4-sp-d16 -mfloat-abi=hard -mthumb -Wl,--start-group -lc -lm -Wl,--end-group
Finished building target: A4.elf
 
arm-none-eabi-size  A4.elf 
arm-none-eabi-objdump -h -S A4.elf  > "A4.list"
   text	   data	    bss	    dec	    hex	filename
   5340	     12	   1572	   6924	   1b0c	A4.elf
Finished building: default.size.stdout
 
Finished building: A4.list
 
15:31:14 **** Incremental Build of configuration Debug for project A4 ****
make -j20 all 
arm-none-eabi-gcc "../Core/Src/main.c" -mcpu=cortex-m4 -std=gnu11 -g3 -DDEBUG -DUSE_HAL_DRIVER -DSTM32L4A6xx -c -I../Core/Inc -I../Drivers/STM32L4xx_HAL_Driver/Inc -I../Drivers/STM32L4xx_HAL_Driver/Inc/Legacy -I../Drivers/CMSIS/Device/ST/STM32L4xx/Include -I../Drivers/CMSIS/Include -O0 -ffunction-sections -fdata-sections -Wall -fstack-usage -fcyclomatic-complexity -MMD -MP -MF"Core/Src/main.d" -MT"Core/Src/main.o" --specs=nano.specs -mfpu=fpv4-sp-d16 -mfloat-abi=hard -mthumb -o "Core/Src/main.o"
../Core/Src/main.c:86:13: warning: 'MX_GPIO_Init' defined but not used [-Wunused-function]
   86 | static void MX_GPIO_Init(void) {
      |             ^~~~~~~~~~~~
arm-none-eabi-gcc -o "A4.elf" @"objects.list"   -mcpu=cortex-m4 -T"C:\Users\blew2\Documents\GitHub\STM32CubeIDE\workspace_1.18.0\A4\STM32L4A6ZGTX_FLASH.ld" --specs=nosys.specs -Wl,-Map="A4.map" -Wl,--gc-sections -static --specs=nano.specs -mfpu=fpv4-sp-d16 -mfloat-abi=hard -mthumb -Wl,--start-group -lc -lm -Wl,--end-group
Finished building target: A4.elf
 
arm-none-eabi-size  A4.elf 
arm-none-eabi-objdump -h -S A4.elf  > "A4.list"
   text	   data	    bss	    dec	    hex	filename
   5440	     12	   1572	   7024	   1b70	A4.elf
Finished building: default.size.stdout
 
Finished building: A4.list
 
15:32:03 **** Incremental Build of configuration Debug for project A4 ****
make -j20 all 
arm-none-eabi-size  A4.elf 
   text	   data	    bss	    dec	    hex	filename
   5440	     12	   1572	   7024	   1b70	A4.elf
Finished building: default.size.stdout
 
15:35:11 **** Incremental Build of configuration Debug for project A4 ****
make -j20 all 
[...]
   text	   data	    bss	    dec	    hex	filename
   5584	     12	   1572	   7168	   1c00	A4.elf
Finished building: default.size.stdout
 
Finished building: A4.list
 
18:55:14 **** Incremental Build of configuration Debug for project A4 ****
make -j20 all 
arm-none-eabi-gcc "../Core/Src/timer.c" -mcpu=cortex-m4 -std=gnu11 -g3 -DDEBUG -DUSE_HAL_DRIVER -DSTM32L4A6xx -c -I../Core/Inc -I../Drivers/STM32L4xx_HAL_Driver/Inc -I../Drivers/STM32L4xx_HAL_Driver/Inc/Legacy -I../Drivers/CMSIS/Device/ST/STM32L4xx/Include -I../Drivers/CMSIS/Include -O0 -ffunction-sections -fdata-sections -Wall -fstack-usage -fcyclomatic-complexity -MMD -MP -MF"Core/Src/timer.d" -MT"Core/Src/timer.o" --specs=nano.specs -mfpu=fpv4-sp-d16 -mfloat-abi=hard -mthumb -o "Core/Src/timer.o"
arm-none-eabi-gcc -o "A4.elf" @"objects.list"   -mcpu=cortex-m4 -T"C:\Users\blew2\Documents\GitHub\STM32CubeIDE\workspace_1.18.0\A4\STM32L4A6ZGTX_FLASH.ld" --specs=nosys.specs -Wl,-Map="A4.map" -Wl,--gc-sections -static --specs=nano.specs -mfpu=fpv4-sp-d16 -mfloat-abi=hard -mthumb -Wl,--start-group -lc -lm -Wl,--end-group
Finished building target: A4.elf
 
arm-none-eabi-size  A4.elf 
arm-none-eabi-objdump -h -S A4.elf  > "A4.list"
   text	   data	    bss	    dec	    hex	filename
   5584	     12	   1572	   7168	   1c00	A4.elf
Finished building: default.size.stdout
 
Finished building: A4.list
 
18:56:35 **** Incremental Build of configuration Debug for project A4 ****
make -j20 all 
arm-none-eabi-gcc "../Core/Src/timer.c" -mcpu=cortex-m4 -std=gnu11 -g3 -DDEBUG -DUSE_HAL_DRIVER -DSTM32L4A6xx -c -I../Core/Inc -I../Drivers/STM32L4xx_HAL_Driver/Inc -I../Drivers/STM32L4xx_HAL_Driver/Inc/Legacy -I../Drivers/CMSIS/Device/ST/STM32L4xx/Include -I../Drivers/CMSIS/Include -O0 -ffunction-sections -fdata-sections -Wall -fstack-usage -fcyclomatic-complexity -MMD -MP -MF"Core/Src/timer.d" -MT"Core/Src/timer.o" --specs=nano.specs -mfpu=fpv4-sp-d16 -mfloat-abi=hard -mthumb -o "Core/Src/timer.o"
arm-none-eabi-gcc -o "A4.elf" @"objects.list"   -mcpu=cortex-m4 -T"C:\Users\blew2\Documents\GitHub\STM32CubeIDE\workspace_1.18.0\A4\STM32L4A6ZGTX_FLASH.ld" --specs=nosys.specs -Wl,-Map="A4.map" -Wl,--gc-sections -static --specs=nano.specs -mfpu=fpv4-sp-d16 -mfloat-abi=hard -mthumb -Wl,--start-group -lc -lm -Wl,--end-group
Finished building target: A4.elf
 
arm-none-eabi-size  A4.elf 
arm-none-eabi-objdump -h -S A4.elf  > "A4.list"
   text	   data	    bss	    dec	    hex	filename
   5584	     12	   1572	   7168	   1c00	A4.elf
Finished building: default.size.stdout
 
Finished building: A4.list
 
18:57:04 **** Incremental Build of configuration Debug for project A4 ****
make -j20 all 
arm-none-eabi-gcc "../Core/Src/timer.c" -mcpu=cortex-m4 -std=gnu11 -g3 -DDEBUG -DUSE_HAL_DRIVER -DSTM32L4A6xx -c -I../Core/Inc -I../Drivers/STM32L4xx_HAL_Driver/Inc -I../Drivers/STM32L4xx_HAL_Driver/Inc/Legacy -I../Drivers/CMSIS/Device/ST/STM32L4xx/Include -I../Drivers/CMSIS/Include -O0 -ffunction-sections -fdata-sections -Wall -fstack-usage -fcyclomatic-complexity -MMD -MP -MF"Core/Src/timer.d" -MT"Core/Src/timer.o" --specs=nano.specs -mfpu=fpv4-sp-d16 -mfloat-abi=hard -mthumb -o "Core/Src/timer.o"
arm-none-eabi-gcc -o "A4.elf" @"objects.list"   -mcpu=cortex-m4 -T"C:\Users\blew2\Documents\GitHub\STM32CubeIDE\workspace_1.18.0\A4\STM32L4A6ZGTX_FLASH.ld" --specs=nosys.specs -Wl,-Map="A4.map" -Wl,--gc-sections -static --specs=nano.specs -mfpu=fpv4-sp-d16 -mfloat-abi=hard -mthumb -Wl,--start-group -lc -lm -Wl,--end-group
Finished building target: A4.elf
 
arm-none-eabi-size  A4.elf 
arm-none-eabi-objdump -h -S A4.elf  > "A4.list"
   text	   data	    bss	    dec	    hex	filename
   5584	     12	   1572	   7168	   1c00	A4.elf
Finished building: default.size.stdout
 
Finished building: A4.list
 
18:57:25 **** Incremental Build of configuration Debug for project A4 ****
make -j20 all 
arm-none-eabi-gcc "../Core/Src/timer.c" -mcpu=cortex-m4 -std=gnu11 -g3 -DDEBUG -DUSE_HAL_DRIVER -DSTM32L4A6xx -c -I../Core/Inc -I../Drivers/STM32L4xx_HAL_Driver/Inc -I../Drivers/STM32L4xx_HAL_Driver/Inc/Legacy -I../Drivers/CMSIS/Device/ST/STM32L4xx/Include -I../Drivers/CMSIS/Include -O0 -ffunction-sections -fdata-sections -Wall -fstack-usage -fcyclomatic-complexity -MMD -MP -MF"Core/Src/timer.d" -MT"Core/Src/timer.o" --specs=nano.specs -mfpu=fpv4-sp-d16 -mfloat-abi=hard -mthumb -o "Core/Src/timer.o"
arm-none-eabi-gcc -o "A4.elf" @"objects.list"   -mcpu=cortex-m4 -T"C:\Users\blew2\Documents\GitHub\STM32CubeIDE\workspace_1.18.0\A4\STM32L4A6ZGTX_FLASH.ld" --specs=nosys.specs -Wl,-Map="A4.map" -Wl,--gc-sections -static --specs=nano.specs -mfpu=fpv4-sp-d16 -mfloat-abi=hard -mthumb -Wl,--start-group -lc -lm -Wl,--end-group
Finished building target: A4.elf
 
arm-none-eabi-size  A4.elf 
arm-none-eabi-objdump -h -S A4.elf  > "A4.list"
   text	   data	    bss	    dec	    hex	filename
   5584	     12	   1572	   7168	   1c00	A4.elf
Finished building: default.size.stdout
 
Finished building: A4.list
 
18:57:45 **** Incremental Build of configuration Debug for project A4 ****
make -j20 all 
arm-none-eabi-gcc "../Core/Src/timer.c" -mcpu=cortex-m4 -std=gnu11 -g3 -DDEBUG -DUSE_HAL_DRIVER -DSTM32L4A6xx -c -I../Core/Inc -I../Drivers/STM32L4xx_HAL_Driver/Inc -I../Drivers/STM32L4xx_HAL_Driver/Inc/Legacy -I../Drivers/CMSIS/Device/ST/STM32L4xx/Include -I../Drivers/CMSIS/Include -O0 -ffunction-sections -fdata-sections -Wall -fstack-usage -fcyclomatic-complexity -MMD -MP -MF"Core/Src/timer.d" -MT"Core/Src/timer.o" --specs=nano.specs -mfpu=fpv4-sp-d16 -mfloat-abi=hard -mthumb -o "Core/Src/timer.o"
arm-none-eabi-gcc -o "A4.elf" @"objects.list"   -mcpu=cortex-m4 -T"C:\Users\blew2\Documents\GitHub\STM32CubeIDE\workspace_1.18.0\A4\STM32L4A6ZGTX_FLASH.ld" --specs=nosys.specs -Wl,-Map="A4.map" -Wl,--gc-sections -static --specs=nano.specs -mfpu=fpv4-sp-d16 -mfloat-abi=hard -mthumb -Wl,--start-group -lc -lm -Wl,--end-group
Finished building target: A4.elf
 
arm-none-eabi-size  A4.elf 
arm-none-eabi-objdump -h -S A4.elf  > "A4.list"
   text	   data	    bss	    dec	    hex	filename
   5584	     12	   1572	   7168	   1c00	A4.elf
Finished building: default.size.stdout
 
Finished building: A4.list
 
18:58:03 **** Incremental Build of configuration Debug for project A4 ****
make -j20 all 
arm-none-eabi-gcc "../Core/Src/timer.c" -mcpu=cortex-m4 -std=gnu11 -g3 -DDEBUG -DUSE_HAL_DRIVER -DSTM32L4A6xx -c -I../Core/Inc -I../Drivers/STM32L4xx_HAL_Driver/Inc -I../Drivers/STM32L4xx_HAL_Driver/Inc/Legacy -I../Drivers/CMSIS/Device/ST/STM32L4xx/Include -I../Drivers/CMSIS/Include -O0 -ffunction-sections -fdata-sections -Wall -fstack-usage -fcyclomatic-complexity -MMD -MP -MF"Core/Src/timer.d" -MT"Core/Src/timer.o" --specs=nano.specs -mfpu=fpv4-sp-d16 -mfloat-abi=hard -mthumb -o "Core/Src/timer.o"
arm-none-eabi-gcc -o "A4.elf" @"objects.list"   -mcpu=cortex-m4 -T"C:\Users\blew2\Documents\GitHub\STM32CubeIDE\workspace_1.18.0\A4\STM32L4A6ZGTX_FLASH.ld" --specs=nosys.specs -Wl,-Map="A4.map" -Wl,--gc-sections -static --specs=nano.specs -mfpu=fpv4-sp-d16 -mfloat-abi=hard -mthumb -Wl,--start-group -lc -lm -Wl,--end-group
Finished building target: A4.elf
 
arm-none-eabi-size  A4.elf 
arm-none-eabi-objdump -h -S A4.elf  > "A4.list"
   text	   data	    bss	    dec	    hex	filename
   5584	     12	   1572	   7168	   1c00	A4.elf
Finished building: default.size.stdout
 
Finished building: A4.list
 
18:58:22 **** Incremental Build of configuration Debug for project A4 ****
make -j20 all 
arm-none-eabi-gcc "../Core/Src/timer.c" -mcpu=cortex-m4 -std=gnu11 -g3 -DDEBUG -DUSE_HAL_DRIVER -DSTM32L4A6xx -c -I../Core/Inc -I../Drivers/STM32L4xx_HAL_Driver/Inc -I../Drivers/STM32L4xx_HAL_Driver/Inc/Legacy -I../Drivers/CMSIS/Device/ST/STM32L4xx/Include -I../Drivers/CMSIS/Include -O0 -ffunction-sections -fdata-sections -Wall -fstack-usage -fcyclomatic-complexity -MMD -MP -MF"Core/Src/timer.d" -MT"Core/Src/timer.o" --specs=nano.specs -mfpu=fpv4-sp-d16 -mfloat-abi=hard -mthumb -o "Core/Src/timer.o"
arm-none-eabi-gcc -o "A4.elf" @"objects.list"   -mcpu=cortex-m4 -T"C:\Users\blew2\Documents\GitHub\STM32CubeIDE\workspace_1.18.0\A4\STM32L4A6ZGTX_FLASH.ld" --specs=nosys.specs -Wl,-Map="A4.map" -Wl,--gc-sections -static --specs=nano.specs -mfpu=fpv4-sp-d16 -mfloat-abi=hard -mthumb -Wl,--start-group -lc -lm -Wl,--end-group
Finished building target: A4.elf
 
arm-none-eabi-size  A4.elf 
arm-none-eabi-objdump -h -S A4.elf  > "A4.list"
   text	   data	    bss	    dec	    hex	filename
   5584	     12	   1572	   7168	   1c00	A4.elf
Finished building: default.size.stdout
 
Finished building: A4.list
 
18:58:40 **** Incremental Build of configuration Debug for project A4 ****
make -j20 all 
arm-none-eabi-gcc "../Core/Src/timer.c" -mcpu=cortex-m4 -std=gnu11 -g3 -DDEBUG -DUSE_HAL_DRIVER -DSTM32L4A6xx -c -I../Core/Inc -I../Drivers/STM32L4xx_HAL_Driver/Inc -I../Drivers/STM32L4xx_HAL_Driver/Inc/Legacy -I../Drivers/CMSIS/Device/ST/STM32L4xx/Include -I../Drivers/CMSIS/Include -O0 -ffunction-sections -fdata-sections -Wall -fstack-usage -fcyclomatic-complexity -MMD -MP -MF"Core/Src/timer.d" -MT"Core/Src/timer.o" --specs=nano.specs -mfpu=fpv4-sp-d16 -mfloat-abi=hard -mthumb -o "Core/Src/timer.o"
arm-none-eabi-gcc -o "A4.elf" @"objects.list"   -mcpu=cortex-m4 -T"C:\Users\blew2\Documents\GitHub\STM32CubeIDE\workspace_1.18.0\A4\STM32L4A6ZGTX_FLASH.ld" --specs=nosys.specs -Wl,-Map="A4.map" -Wl,--gc-sections -static --specs=nano.specs -mfpu=fpv4-sp-d16 -mfloat-abi=hard -mthumb -Wl,--start-group -lc -lm -Wl,--end-group
Finished building target: A4.elf
 
arm-none-eabi-size  A4.elf 
arm-none-eabi-objdump -h -S A4.elf  > "A4.list"
   text	   data	    bss	    dec	    hex	filename
   5584	     12	   1572	   7168	   1c00	A4.elf
Finished building: default.size.stdout
 
Finished building: A4.list
 
18:59:37 **** Incremental Build of configuration Debug for project A4 ****
make -j20 all 
arm-none-eabi-gcc "../Core/Src/timer.c" -mcpu=cortex-m4 -std=gnu11 -g3 -DDEBUG -DUSE_HAL_DRIVER -DSTM32L4A6xx -c -I../Core/Inc -I../Drivers/STM32L4xx_HAL_Driver/Inc -I../Drivers/STM32L4xx_HAL_Driver/Inc/Legacy -I../Drivers/CMSIS/Device/ST/STM32L4xx/Include -I../Drivers/CMSIS/Include -O0 -ffunction-sections -fdata-sections -Wall -fstack-usage -fcyclomatic-complexity -MMD -MP -MF"Core/Src/timer.d" -MT"Core/Src/timer.o" --specs=nano.specs -mfpu=fpv4-sp-d16 -mfloat-abi=hard -mthumb -o "Core/Src/timer.o"
arm-none-eabi-gcc -o "A4.elf" @"objects.list"   -mcpu=cortex-m4 -T"C:\Users\blew2\Documents\GitHub\STM32CubeIDE\workspace_1.18.0\A4\STM32L4A6ZGTX_FLASH.ld" --specs=nosys.specs -Wl,-Map="A4.map" -Wl,--gc-sections -static --specs=nano.specs -mfpu=fpv4-sp-d16 -mfloat-abi=hard -mthumb -Wl,--start-group -lc -lm -Wl,--end-group
Finished building target: A4.elf
 
arm-none-eabi-size  A4.elf 
arm-none-eabi-objdump -h -S A4.elf  > "A4.list"
   text	   data	    bss	    dec	    hex	filename
   5584	     12	   1572	   7168	   1c00	A4.elf
Finished building: default.size.stdout
 
Finished building: A4.list
 
19:01:06 **** Incremental Build of configuration Debug for project A4 ****
make -j20 all 
arm-none-eabi-gcc "../Core/Src/main.c" -mcpu=cortex-m4 -std=gnu11 -g3 -DDEBUG -DUSE_HAL_DRIVER -DSTM32L4A6xx -c -I../Core/Inc -I../Drivers/STM32L4xx_HAL_Driver/Inc -I../Drivers/STM32L4xx_HAL_Driver/Inc/Legacy -I../Drivers/CMSIS/Device/ST/STM32L4xx/Include -I../Drivers/CMSIS/Include -O0 -ffunction-sections -fdata-sections -Wall -fstack-usage -fcyclomatic-complexity -MMD -MP -MF"Core/Src/main.d" -MT"Core/Src/main.o" --specs=nano.specs -mfpu=fpv4-sp-d16 -mfloat-abi=hard -mthumb -o "Core/Src/main.o"
../Core/Src/main.c:83:13: warning: 'MX_GPIO_Init' defined but not used [-Wunused-function]
   83 | static void MX_GPIO_Init(void) {
      |             ^~~~~~~~~~~~
arm-none-eabi-gcc -o "A4.elf" @"objects.list"   -mcpu=cortex-m4 -T"C:\Users\blew2\Documents\GitHub\STM32CubeIDE\workspace_1.18.0\A4\STM32L4A6ZGTX_FLASH.ld" --specs=nosys.specs -Wl,-Map="A4.map" -Wl,--gc-sections -static --specs=nano.specs -mfpu=fpv4-sp-d16 -mfloat-abi=hard -mthumb -Wl,--start-group -lc -lm -Wl,--end-group
Finished building target: A4.elf
 
arm-none-eabi-size  A4.elf 
arm-none-eabi-objdump -h -S A4.elf  > "A4.list"
   text	   data	    bss	    dec	    hex	filename
   5580	     12	   1572	   7164	   1bfc	A4.elf
Finished building: default.size.stdout
 
Finished building: A4.list
 
19:03:44 **** Incremental Build of configuration Debug for project A4 ****
make -j20 all 
arm-none-eabi-gcc "../Core/Src/main.c" -mcpu=cortex-m4 -std=gnu11 -g3 -DDEBUG -DUSE_HAL_DRIVER -DSTM32L4A6xx -c -I../Core/Inc -I../Drivers/STM32L4xx_HAL_Driver/Inc -I../Drivers/STM32L4xx_HAL_Driver/Inc/Legacy -I../Drivers/CMSIS/Device/ST/STM32L4xx/Include -I../Drivers/CMSIS/Include -O0 -ffunction-sections -fdata-sections -Wall -fstack-usage -fcyclomatic-complexity -MMD -MP -MF"Core/Src/main.d" -MT"Core/Src/main.o" --specs=nano.specs -mfpu=fpv4-sp-d16 -mfloat-abi=hard -mthumb -o "Core/Src/main.o"
../Core/Src/main.c:83:13: warning: 'MX_GPIO_Init' defined but not used [-Wunused-function]
   83 | static void MX_GPIO_Init(void) {
      |             ^~~~~~~~~~~~
arm-none-eabi-gcc -o "A4.elf" @"objects.list"   -mcpu=cortex-m4 -T"C:\Users\blew2\Documents\GitHub\STM32CubeIDE\workspace_1.18.0\A4\STM32L4A6ZGTX_FLASH.ld" --specs=nosys.specs -Wl,-Map="A4.map" -Wl,--gc-sections -static --specs=nano.specs -mfpu=fpv4-sp-d16 -mfloat-abi=hard -mthumb -Wl,--start-group -lc -lm -Wl,--end-group
Finished building target: A4.elf
 
arm-none-eabi-size  A4.elf 
arm-none-eabi-objdump -h -S A4.elf  > "A4.list"
   text	   data	    bss	    dec	    hex	filename
   5432	     12	   1572	   7016	   1b68	A4.elf
Finished building: default.size.stdout
 
Finished building: A4.list
 
19:04:58 **** Incremental Build of configuration Debug for project A4 ****
make -j20 all 
arm-none-eabi-gcc "../Core/Src/timer.c" -mcpu=cortex-m4 -std=gnu11 -g3 -DDEBUG -DUSE_HAL_DRIVER -DSTM32L4A6xx -c -I../Core/Inc -I../Drivers/STM32L4xx_HAL_Driver/Inc -I../Drivers/STM32L4xx_HAL_Driver/Inc/Legacy -I../Drivers/CMSIS/Device/ST/STM32L4xx/Include -I../Drivers/CMSIS/Include -O0 -ffunction-sections -fdata-sections -Wall -fstack-usage -fcyclomatic-complexity -MMD -MP -MF"Core/Src/timer.d" -MT"Core/Src/timer.o" --specs=nano.specs -mfpu=fpv4-sp-d16 -mfloat-abi=hard -mthumb -o "Core/Src/timer.o"
arm-none-eabi-gcc -o "A4.elf" @"objects.list"   -mcpu=cortex-m4 -T"C:\Users\blew2\Documents\GitHub\STM32CubeIDE\workspace_1.18.0\A4\STM32L4A6ZGTX_FLASH.ld" --specs=nosys.specs -Wl,-Map="A4.map" -Wl,--gc-sections -static --specs=nano.specs -mfpu=fpv4-sp-d16 -mfloat-abi=hard -mthumb -Wl,--start-group -lc -lm -Wl,--end-group
Finished building target: A4.elf
 
arm-none-eabi-size  A4.elf 
arm-none-eabi-objdump -h -S A4.elf  > "A4.list"
   text	   data	    bss	    dec	    hex	filename
   5436	     12	   1572	   7020	   1b6c	A4.elf
Finished building: default.size.stdout
 
Finished building: A4.list
 
19:06:53 **** Incremental Build of configuration Debug for project A4 ****
make -j20 all 
arm-none-eabi-gcc "../Core/Src/timer.c" -mcpu=cortex-m4 -std=gnu11 -g3 -DDEBUG -DUSE_HAL_DRIVER -DSTM32L4A6xx -c -I../Core/Inc -I../Drivers/STM32L4xx_HAL_Driver/Inc -I../Drivers/STM32L4xx_HAL_Driver/Inc/Legacy -I../Drivers/CMSIS/Device/ST/STM32L4xx/Include -I../Drivers/CMSIS/Include -O0 -ffunction-sections -fdata-sections -Wall -fstack-usage -fcyclomatic-complexity -MMD -MP -MF"Core/Src/timer.d" -MT"Core/Src/timer.o" --specs=nano.specs -mfpu=fpv4-sp-d16 -mfloat-abi=hard -mthumb -o "Core/Src/timer.o"
arm-none-eabi-gcc -o "A4.elf" @"objects.list"   -mcpu=cortex-m4 -T"C:\Users\blew2\Documents\GitHub\STM32CubeIDE\workspace_1.18.0\A4\STM32L4A6ZGTX_FLASH.ld" --specs=nosys.specs -Wl,-Map="A4.map" -Wl,--gc-sections -static --specs=nano.specs -mfpu=fpv4-sp-d16 -mfloat-abi=hard -mthumb -Wl,--start-group -lc -lm -Wl,--end-group
Finished building target: A4.elf
 
arm-none-eabi-size  A4.elf 
arm-none-eabi-objdump -h -S A4.elf  > "A4.list"
   text	   data	    bss	    dec	    hex	filename
   6420	     12	   1572	   8004	   1f44	A4.elf
Finished building: default.size.stdout
 
Finished building: A4.list
 
19:07:29 **** Incremental Build of configuration Debug for project A4 ****
make -j20 all 
arm-none-eabi-gcc "../Core/Src/timer.c" -mcpu=cortex-m4 -std=gnu11 -g3 -DDEBUG -DUSE_HAL_DRIVER -DSTM32L4A6xx -c -I../Core/Inc -I../Drivers/STM32L4xx_HAL_Driver/Inc -I../Drivers/STM32L4xx_HAL_Driver/Inc/Legacy -I../Drivers/CMSIS/Device/ST/STM32L4xx/Include -I../Drivers/CMSIS/Include -O0 -ffunction-sections -fdata-sections -Wall -fstack-usage -fcyclomatic-complexity -MMD -MP -MF"Core/Src/timer.d" -MT"Core/Src/timer.o" --specs=nano.specs -mfpu=fpv4-sp-d16 -mfloat-abi=hard -mthumb -o "Core/Src/timer.o"
arm-none-eabi-gcc -o "A4.elf" @"objects.list"   -mcpu=cortex-m4 -T"C:\Users\blew2\Documents\GitHub\STM32CubeIDE\workspace_1.18.0\A4\STM32L4A6ZGTX_FLASH.ld" --specs=nosys.specs -Wl,-Map="A4.map" -Wl,--gc-sections -static --specs=nano.specs -mfpu=fpv4-sp-d16 -mfloat-abi=hard -mthumb -Wl,--start-group -lc -lm -Wl,--end-group
Finished building target: A4.elf
 
arm-none-eabi-size  A4.elf 
arm-none-eabi-objdump -h -S A4.elf  > "A4.list"
   text	   data	    bss	    dec	    hex	filename
   6420	     12	   1572	   8004	   1f44	A4.elf
Finished building: default.size.stdout
 
Finished building: A4.list
 
19:08:43 **** Incremental Build of configuration Debug for project A4 ****
make -j20 all 
arm-none-eabi-gcc "../Core/Src/timer.c" -mcpu=cortex-m4 -std=gnu11 -g3 -DDEBUG -DUSE_HAL_DRIVER -DSTM32L4A6xx -c -I../Core/Inc -I../Drivers/STM32L4xx_HAL_Driver/Inc -I../Drivers/STM32L4xx_HAL_Driver/Inc/Legacy -I../Drivers/CMSIS/Device/ST/STM32L4xx/Include -I../Drivers/CMSIS/Include -O0 -ffunction-sections -fdata-sections -Wall -fstack-usage -fcyclomatic-complexity -MMD -MP -MF"Core/Src/timer.d" -MT"Core/Src/timer.o" --specs=nano.specs -mfpu=fpv4-sp-d16 -mfloat-abi=hard -mthumb -o "Core/Src/timer.o"
../Core/Src/timer.c:95: warning: "PERIOD" redefined
   95 | #define PERIOD       14000u             // example: ARR = 14 000 ticks @4 MHz → 250 Hz
      | 
In file included from ../Core/Src/timer.c:8:
../Core/Inc/timer.h:23: note: this is the location of the previous definition
   23 | #define PERIOD ( (CLOCK_FREQ / FREQ) - 1 ) // 4MHz / 5kHz = 800, 800 - 1 = 799
      | 
arm-none-eabi-gcc -o "A4.elf" @"objects.list"   -mcpu=cortex-m4 -T"C:\Users\blew2\Documents\GitHub\STM32CubeIDE\workspace_1.18.0\A4\STM32L4A6ZGTX_FLASH.ld" --specs=nosys.specs -Wl,-Map="A4.map" -Wl,--gc-sections -static --specs=nano.specs -mfpu=fpv4-sp-d16 -mfloat-abi=hard -mthumb -Wl,--start-group -lc -lm -Wl,--end-group
Finished building target: A4.elf
 
arm-none-eabi-size  A4.elf 
arm-none-eabi-objdump -h -S A4.elf  > "A4.list"
   text	   data	    bss	    dec	    hex	filename
   5436	     12	   1572	   7020	   1b6c	A4.elf
Finished building: default.size.stdout
 
Finished building: A4.list
 
19:10:21 **** Incremental Build of configuration Debug for project A4 ****
make -j20 all 
arm-none-eabi-gcc "../Core/Src/timer.c" -mcpu=cortex-m4 -std=gnu11 -g3 -DDEBUG -DUSE_HAL_DRIVER -DSTM32L4A6xx -c -I../Core/Inc -I../Drivers/STM32L4xx_HAL_Driver/Inc -I../Drivers/STM32L4xx_HAL_Driver/Inc/Legacy -I../Drivers/CMSIS/Device/ST/STM32L4xx/Include -I../Drivers/CMSIS/Include -O0 -ffunction-sections -fdata-sections -Wall -fstack-usage -fcyclomatic-complexity -MMD -MP -MF"Core/Src/timer.d" -MT"Core/Src/timer.o" --specs=nano.specs -mfpu=fpv4-sp-d16 -mfloat-abi=hard -mthumb -o "Core/Src/timer.o"
arm-none-eabi-gcc -o "A4.elf" @"objects.list"   -mcpu=cortex-m4 -T"C:\Users\blew2\Documents\GitHub\STM32CubeIDE\workspace_1.18.0\A4\STM32L4A6ZGTX_FLASH.ld" --specs=nosys.specs -Wl,-Map="A4.map" -Wl,--gc-sections -static --specs=nano.specs -mfpu=fpv4-sp-d16 -mfloat-abi=hard -mthumb -Wl,--start-group -lc -lm -Wl,--end-group
Finished building target: A4.elf
 
arm-none-eabi-size  A4.elf 
arm-none-eabi-objdump -h -S A4.elf  > "A4.list"
   text	   data	    bss	    dec	    hex	filename
   5432	     12	   1572	   7016	   1b68	A4.elf
Finished building: default.size.stdout
 
Finished building: A4.list
 
