00:49:49 **** Incremental Build of configuration Debug for project Relay_Controller_STM_32_Debug ****
make -j12 all 
arm-none-eabi-size  Relay_Controller_STM_32_Debug.elf 
   text	   data	    bss	    dec	    hex	filename
  25784	    104	   2256	  28144	   6df0	Relay_Controller_STM_32_Debug.elf
Finished building: default.size.stdout
 
00:51:00 **** Incremental Build of configuration Debug for project Relay_Controller_STM_32_Debug ****
make -j12 all 
arm-none-eabi-size  Relay_Controller_STM_32_Debug.elf 
   text	   data	    bss	    dec	    hex	filename
  25784	    104	   2256	  28144	   6df0	Relay_Controller_STM_32_Debug.elf
Finished building: default.size.stdout
 
00:51:07 **** Incremental Build of configuration Debug for project Relay_Controller_STM_32_Debug ****
make -j12 all 
arm-none-eabi-size  Relay_Controller_STM_32_Debug.elf 
   text	   data	    bss	    dec	    hex	filename
  25784	    104	   2256	  28144	   6df0	Relay_Controller_STM_32_Debug.elf
Finished building: default.size.stdout
 
00:51:42 **** Incremental Build of configuration Debug for project Relay_Controller_STM_32_Debug ****
make -j12 all 
arm-none-eabi-size  Relay_Controller_STM_32_Debug.elf 
   text	   data	    bss	    dec	    hex	filename
  25784	    104	   2256	  28144	   6df0	Relay_Controller_STM_32_Debug.elf
Finished building: default.size.stdout
 
