00:21:33 **** Incremental Build of configuration Debug for project Relay_Controller_STM_32_Debug ****
make -j12 all 
arm-none-eabi-size  Relay_Controller_STM_32_Debug.elf 
   text	   data	    bss	    dec	    hex	filename
  25396	    104	   2256	  27756	   6c6c	Relay_Controller_STM_32_Debug.elf
Finished building: default.size.stdout
 
00:21:37 **** Incremental Build of configuration Debug for project Relay_Controller_STM_32_Debug ****
make -j12 all 
arm-none-eabi-size  Relay_Controller_STM_32_Debug.elf 
   text	   data	    bss	    dec	    hex	filename
  25396	    104	   2256	  27756	   6c6c	Relay_Controller_STM_32_Debug.elf
Finished building: default.size.stdout
 
00:21:49 **** Incremental Build of configuration Debug for project Relay_Controller_STM_32_Debug ****
make -j12 all 
arm-none-eabi-size  Relay_Controller_STM_32_Debug.elf 
   text	   data	    bss	    dec	    hex	filename
  25396	    104	   2256	  27756	   6c6c	Relay_Controller_STM_32_Debug.elf
Finished building: default.size.stdout
 
19:56:20 **** Build of configuration Debug for project A1 ****
make -j12 all 
arm-none-eabi-gcc "../Drivers/STM32L4xx_HAL_Driver/Src/stm32l4xx_hal.c" -mcpu=cortex-m4 -std=gnu11 -g3 -DDEBUG -DUSE_HAL_DRIVER -DSTM32L4A6xx -c -I../Core/Inc -I../Drivers/STM32L4xx_HAL_Driver/Inc -I../Drivers/STM32L4xx_HAL_Driver/Inc/Legacy -I../Drivers/CMSIS/Device/ST/STM32L4xx/Include -I../Drivers/CMSIS/Include -O0 -ffunction-sections -fdata-sections -Wall -fstack-usage -fcyclomatic-complexity -MMD -MP -MF"Drivers/STM32L4xx_HAL_Driver/Src/stm32l4xx_hal.d" -MT"Drivers/STM32L4xx_HAL_Driver/Src/stm32l4xx_hal.o" --specs=nano.specs -mfpu=fpv4-sp-d16 -mfloat-abi=hard -mthumb -o "Drivers/STM32L4xx_HAL_Driver/Src/stm32l4xx_hal.o"
arm-none-eabi-gcc "../Drivers/STM32L4xx_HAL_Driver/Src/stm32l4xx_hal_cortex.c" -mcpu=cortex-m4 -std=gnu11 -g3 -DDEBUG -DUSE_HAL_DRIVER -DSTM32L4A6xx -c -I../Core/Inc -I../Drivers/STM32L4xx_HAL_Driver/Inc -I../Drivers/STM32L4xx_HAL_Driver/Inc/Legacy -I../Drivers/CMSIS/Device/ST/STM32L4xx/Include -I../Drivers/CMSIS/Include -O0 -ffunction-sections -fdata-sections -Wall -fstack-usage -fcyclomatic-complexity -MMD -MP -MF"Drivers/STM32L4xx_HAL_Driver/Src/stm32l4xx_hal_cortex.d" -MT"Drivers/STM32L4xx_HAL_Driver/Src/stm32l4xx_hal_cortex.o" --specs=nano.specs -mfpu=fpv4-sp-d16 -mfloat-abi=hard -mthumb -o "Drivers/STM32L4xx_HAL_Driver/Src/stm32l4xx_hal_cortex.o"
arm-none-eabi-gcc "../Drivers/STM32L4xx_HAL_Driver/Src/stm32l4xx_hal_dma.c" -mcpu=cortex-m4 -std=gnu11 -g3 -DDEBUG -DUSE_HAL_DRIVER -DSTM32L4A6xx -c -I../Core/Inc -I../Drivers/STM32L4xx_HAL_Driver/Inc -I../Drivers/STM32L4xx_HAL_Driver/Inc/Legacy -I../Drivers/CMSIS/Device/ST/STM32L4xx/Include -I../Drivers/CMSIS/Include -O0 -ffunction-sections -fdata-sections -Wall -fstack-usage -fcyclomatic-complexity -MMD -MP -MF"Drivers/STM32L4xx_HAL_Driver/Src/stm32l4xx_hal_dma.d" -MT"Drivers/STM32L4xx_HAL_Driver/Src/stm32l4xx_hal_dma.o" --specs=nano.specs -mfpu=fpv4-sp-d16 -mfloat-abi=hard -mthumb -o "Drivers/STM32L4xx_HAL_Driver/Src/stm32l4xx_hal_dma.o"
arm-none-eabi-gcc "../Drivers/STM32L4xx_HAL_Driver/Src/stm32l4xx_hal_dma_ex.c" -mcpu=cortex-m4 -std=gnu11 -g3 -DDEBUG -DUSE_HAL_DRIVER -DSTM32L4A6xx -c -I../Core/Inc -I../Drivers/STM32L4xx_HAL_Driver/Inc -I../Drivers/STM32L4xx_HAL_Driver/Inc/Legacy -I../Drivers/CMSIS/Device/ST/STM32L4xx/Include -I../Drivers/CMSIS/Include -O0 -ffunction-sections -fdata-sections -Wall -fstack-usage -fcyclomatic-complexity -MMD -MP -MF"Drivers/STM32L4xx_HAL_Driver/Src/stm32l4xx_hal_dma_ex.d" -MT"Drivers/STM32L4xx_HAL_Driver/Src/stm32l4xx_hal_dma_ex.o" --specs=nano.specs -mfpu=fpv4-sp-d16 -mfloat-abi=hard -mthumb -o "Drivers/STM32L4xx_HAL_Driver/Src/stm32l4xx_hal_dma_ex.o"
arm-none-eabi-gcc "../Drivers/STM32L4xx_HAL_Driver/Src/stm32l4xx_hal_exti.c" -mcpu=cortex-m4 -std=gnu11 -g3 -DDEBUG -DUSE_HAL_DRIVER -DSTM32L4A6xx -c -I../Core/Inc -I../Drivers/STM32L4xx_HAL_Driver/Inc -I../Drivers/STM32L4xx_HAL_Driver/Inc/Legacy -I../Drivers/CMSIS/Device/ST/STM32L4xx/Include -I../Drivers/CMSIS/Include -O0 -ffunction-sections -fdata-sections -Wall -fstack-usage -fcyclomatic-complexity -MMD -MP -MF"Drivers/STM32L4xx_HAL_Driver/Src/stm32l4xx_hal_exti.d" -MT"Drivers/STM32L4xx_HAL_Driver/Src/stm32l4xx_hal_exti.o" --specs=nano.specs -mfpu=fpv4-sp-d16 -mfloat-abi=hard -mthumb -o "Drivers/STM32L4xx_HAL_Driver/Src/stm32l4xx_hal_exti.o"
arm-none-eabi-gcc "../Drivers/STM32L4xx_HAL_Driver/Src/stm32l4xx_hal_flash.c" -mcpu=cortex-m4 -std=gnu11 -g3 -DDEBUG -DUSE_HAL_DRIVER -DSTM32L4A6xx -c -I../Core/Inc -I../Drivers/STM32L4xx_HAL_Driver/Inc -I../Drivers/STM32L4xx_HAL_Driver/Inc/Legacy -I../Drivers/CMSIS/Device/ST/STM32L4xx/Include -I../Drivers/CMSIS/Include -O0 -ffunction-sections -fdata-sections -Wall -fstack-usage -fcyclomatic-complexity -MMD -MP -MF"Drivers/STM32L4xx_HAL_Driver/Src/stm32l4xx_hal_flash.d" -MT"Drivers/STM32L4xx_HAL_Driver/Src/stm32l4xx_hal_flash.o" --specs=nano.specs -mfpu=fpv4-sp-d16 -mfloat-abi=hard -mthumb -o "Drivers/STM32L4xx_HAL_Driver/Src/stm32l4xx_hal_flash.o"
arm-none-eabi-gcc "../Drivers/STM32L4xx_HAL_Driver/Src/stm32l4xx_hal_flash_ex.c" -mcpu=cortex-m4 -std=gnu11 -g3 -DDEBUG -DUSE_HAL_DRIVER -DSTM32L4A6xx -c -I../Core/Inc -I../Drivers/STM32L4xx_HAL_Driver/Inc -I../Drivers/STM32L4xx_HAL_Driver/Inc/Legacy -I../Drivers/CMSIS/Device/ST/STM32L4xx/Include -I../Drivers/CMSIS/Include -O0 -ffunction-sections -fdata-sections -Wall -fstack-usage -fcyclomatic-complexity -MMD -MP -MF"Drivers/STM32L4xx_HAL_Driver/Src/stm32l4xx_hal_flash_ex.d" -MT"Drivers/STM32L4xx_HAL_Driver/Src/stm32l4xx_hal_flash_ex.o" --specs=nano.specs -mfpu=fpv4-sp-d16 -mfloat-abi=hard -mthumb -o "Drivers/STM32L4xx_HAL_Driver/Src/stm32l4xx_hal_flash_ex.o"
arm-none-eabi-gcc "../Drivers/STM32L4xx_HAL_Driver/Src/stm32l4xx_hal_flash_ramfunc.c" -mcpu=cortex-m4 -std=gnu11 -g3 -DDEBUG -DUSE_HAL_DRIVER -DSTM32L4A6xx -c -I../Core/Inc -I../Drivers/STM32L4xx_HAL_Driver/Inc -I../Drivers/STM32L4xx_HAL_Driver/Inc/Legacy -I../Drivers/CMSIS/Device/ST/STM32L4xx/Include -I../Drivers/CMSIS/Include -O0 -ffunction-sections -fdata-sections -Wall -fstack-usage -fcyclomatic-complexity -MMD -MP -MF"Drivers/STM32L4xx_HAL_Driver/Src/stm32l4xx_hal_flash_ramfunc.d" -MT"Drivers/STM32L4xx_HAL_Driver/Src/stm32l4xx_hal_flash_ramfunc.o" --specs=nano.specs -mfpu=fpv4-sp-d16 -mfloat-abi=hard -mthumb -o "Drivers/STM32L4xx_HAL_Driver/Src/stm32l4xx_hal_flash_ramfunc.o"
arm-none-eabi-gcc "../Drivers/STM32L4xx_HAL_Driver/Src/stm32l4xx_hal_gpio.c" -mcpu=cortex-m4 -std=gnu11 -g3 -DDEBUG -DUSE_HAL_DRIVER -DSTM32L4A6xx -c -I../Core/Inc -I../Drivers/STM32L4xx_HAL_Driver/Inc -I../Drivers/STM32L4xx_HAL_Driver/Inc/Legacy -I../Drivers/CMSIS/Device/ST/STM32L4xx/Include -I../Drivers/CMSIS/Include -O0 -ffunction-sections -fdata-sections -Wall -fstack-usage -fcyclomatic-complexity -MMD -MP -MF"Drivers/STM32L4xx_HAL_Driver/Src/stm32l4xx_hal_gpio.d" -MT"Drivers/STM32L4xx_HAL_Driver/Src/stm32l4xx_hal_gpio.o" --specs=nano.specs -mfpu=fpv4-sp-d16 -mfloat-abi=hard -mthumb -o "Drivers/STM32L4xx_HAL_Driver/Src/stm32l4xx_hal_gpio.o"
arm-none-eabi-gcc "../Drivers/STM32L4xx_HAL_Driver/Src/stm32l4xx_hal_i2c.c" -mcpu=cortex-m4 -std=gnu11 -g3 -DDEBUG -DUSE_HAL_DRIVER -DSTM32L4A6xx -c -I../Core/Inc -I../Drivers/STM32L4xx_HAL_Driver/Inc -I../Drivers/STM32L4xx_HAL_Driver/Inc/Legacy -I../Drivers/CMSIS/Device/ST/STM32L4xx/Include -I../Drivers/CMSIS/Include -O0 -ffunction-sections -fdata-sections -Wall -fstack-usage -fcyclomatic-complexity -MMD -MP -MF"Drivers/STM32L4xx_HAL_Driver/Src/stm32l4xx_hal_i2c.d" -MT"Drivers/STM32L4xx_HAL_Driver/Src/stm32l4xx_hal_i2c.o" --specs=nano.specs -mfpu=fpv4-sp-d16 -mfloat-abi=hard -mthumb -o "Drivers/STM32L4xx_HAL_Driver/Src/stm32l4xx_hal_i2c.o"
arm-none-eabi-gcc "../Drivers/STM32L4xx_HAL_Driver/Src/stm32l4xx_hal_i2c_ex.c" -mcpu=cortex-m4 -std=gnu11 -g3 -DDEBUG -DUSE_HAL_DRIVER -DSTM32L4A6xx -c -I../Core/Inc -I../Drivers/STM32L4xx_HAL_Driver/Inc -I../Drivers/STM32L4xx_HAL_Driver/Inc/Legacy -I../Drivers/CMSIS/Device/ST/STM32L4xx/Include -I../Drivers/CMSIS/Include -O0 -ffunction-sections -fdata-sections -Wall -fstack-usage -fcyclomatic-complexity -MMD -MP -MF"Drivers/STM32L4xx_HAL_Driver/Src/stm32l4xx_hal_i2c_ex.d" -MT"Drivers/STM32L4xx_HAL_Driver/Src/stm32l4xx_hal_i2c_ex.o" --specs=nano.specs -mfpu=fpv4-sp-d16 -mfloat-abi=hard -mthumb -o "Drivers/STM32L4xx_HAL_Driver/Src/stm32l4xx_hal_i2c_ex.o"
arm-none-eabi-gcc "../Drivers/STM32L4xx_HAL_Driver/Src/stm32l4xx_hal_pwr.c" -mcpu=cortex-m4 -std=gnu11 -g3 -DDEBUG -DUSE_HAL_DRIVER -DSTM32L4A6xx -c -I../Core/Inc -I../Drivers/STM32L4xx_HAL_Driver/Inc -I../Drivers/STM32L4xx_HAL_Driver/Inc/Legacy -I../Drivers/CMSIS/Device/ST/STM32L4xx/Include -I../Drivers/CMSIS/Include -O0 -ffunction-sections -fdata-sections -Wall -fstack-usage -fcyclomatic-complexity -MMD -MP -MF"Drivers/STM32L4xx_HAL_Driver/Src/stm32l4xx_hal_pwr.d" -MT"Drivers/STM32L4xx_HAL_Driver/Src/stm32l4xx_hal_pwr.o" --specs=nano.specs -mfpu=fpv4-sp-d16 -mfloat-abi=hard -mthumb -o "Drivers/STM32L4xx_HAL_Driver/Src/stm32l4xx_hal_pwr.o"
arm-none-eabi-gcc "../Drivers/STM32L4xx_HAL_Driver/Src/stm32l4xx_hal_pwr_ex.c" -mcpu=cortex-m4 -std=gnu11 -g3 -DDEBUG -DUSE_HAL_DRIVER -DSTM32L4A6xx -c -I../Core/Inc -I../Drivers/STM32L4xx_HAL_Driver/Inc -I../Drivers/STM32L4xx_HAL_Driver/Inc/Legacy -I../Drivers/CMSIS/Device/ST/STM32L4xx/Include -I../Drivers/CMSIS/Include -O0 -ffunction-sections -fdata-sections -Wall -fstack-usage -fcyclomatic-complexity -MMD -MP -MF"Drivers/STM32L4xx_HAL_Driver/Src/stm32l4xx_hal_pwr_ex.d" -MT"Drivers/STM32L4xx_HAL_Driver/Src/stm32l4xx_hal_pwr_ex.o" --specs=nano.specs -mfpu=fpv4-sp-d16 -mfloat-abi=hard -mthumb -o "Drivers/STM32L4xx_HAL_Driver/Src/stm32l4xx_hal_pwr_ex.o"
arm-none-eabi-gcc "../Drivers/STM32L4xx_HAL_Driver/Src/stm32l4xx_hal_rcc.c" -mcpu=cortex-m4 -std=gnu11 -g3 -DDEBUG -DUSE_HAL_DRIVER -DSTM32L4A6xx -c -I../Core/Inc -I../Drivers/STM32L4xx_HAL_Driver/Inc -I../Drivers/STM32L4xx_HAL_Driver/Inc/Legacy -I../Drivers/CMSIS/Device/ST/STM32L4xx/Include -I../Drivers/CMSIS/Include -O0 -ffunction-sections -fdata-sections -Wall -fstack-usage -fcyclomatic-complexity -MMD -MP -MF"Drivers/STM32L4xx_HAL_Driver/Src/stm32l4xx_hal_rcc.d" -MT"Drivers/STM32L4xx_HAL_Driver/Src/stm32l4xx_hal_rcc.o" --specs=nano.specs -mfpu=fpv4-sp-d16 -mfloat-abi=hard -mthumb -o "Drivers/STM32L4xx_HAL_Driver/Src/stm32l4xx_hal_rcc.o"
arm-none-eabi-gcc "../Drivers/STM32L4xx_HAL_Driver/Src/stm32l4xx_hal_rcc_ex.c" -mcpu=cortex-m4 -std=gnu11 -g3 -DDEBUG -DUSE_HAL_DRIVER -DSTM32L4A6xx -c -I../Core/Inc -I../Drivers/STM32L4xx_HAL_Driver/Inc -I../Drivers/STM32L4xx_HAL_Driver/Inc/Legacy -I../Drivers/CMSIS/Device/ST/STM32L4xx/Include -I../Drivers/CMSIS/Include -O0 -ffunction-sections -fdata-sections -Wall -fstack-usage -fcyclomatic-complexity -MMD -MP -MF"Drivers/STM32L4xx_HAL_Driver/Src/stm32l4xx_hal_rcc_ex.d" -MT"Drivers/STM32L4xx_HAL_Driver/Src/stm32l4xx_hal_rcc_ex.o" --specs=nano.specs -mfpu=fpv4-sp-d16 -mfloat-abi=hard -mthumb -o "Drivers/STM32L4xx_HAL_Driver/Src/stm32l4xx_hal_rcc_ex.o"
arm-none-eabi-gcc -mcpu=cortex-m4 -g3 -DDEBUG -c -x assembler-with-cpp -MMD -MP -MF"Core/Startup/startup_stm32l4a6zgtx.d" -MT"Core/Startup/startup_stm32l4a6zgtx.o" --specs=nano.specs -mfpu=fpv4-sp-d16 -mfloat-abi=hard -mthumb -o "Core/Startup/startup_stm32l4a6zgtx.o" "../Core/Startup/startup_stm32l4a6zgtx.s"
arm-none-eabi-gcc "../Core/Src/main.c" -mcpu=cortex-m4 -std=gnu11 -g3 -DDEBUG -DUSE_HAL_DRIVER -DSTM32L4A6xx -c -I../Core/Inc -I../Drivers/STM32L4xx_HAL_Driver/Inc -I../Drivers/STM32L4xx_HAL_Driver/Inc/Legacy -I../Drivers/CMSIS/Device/ST/STM32L4xx/Include -I../Drivers/CMSIS/Include -O0 -ffunction-sections -fdata-sections -Wall -fstack-usage -fcyclomatic-complexity -MMD -MP -MF"Core/Src/main.d" -MT"Core/Src/main.o" --specs=nano.specs -mfpu=fpv4-sp-d16 -mfloat-abi=hard -mthumb -o "Core/Src/main.o"
arm-none-eabi-gcc "../Core/Src/stm32l4xx_hal_msp.c" -mcpu=cortex-m4 -std=gnu11 -g3 -DDEBUG -DUSE_HAL_DRIVER -DSTM32L4A6xx -c -I../Core/Inc -I../Drivers/STM32L4xx_HAL_Driver/Inc -I../Drivers/STM32L4xx_HAL_Driver/Inc/Legacy -I../Drivers/CMSIS/Device/ST/STM32L4xx/Include -I../Drivers/CMSIS/Include -O0 -ffunction-sections -fdata-sections -Wall -fstack-usage -fcyclomatic-complexity -MMD -MP -MF"Core/Src/stm32l4xx_hal_msp.d" -MT"Core/Src/stm32l4xx_hal_msp.o" --specs=nano.specs -mfpu=fpv4-sp-d16 -mfloat-abi=hard -mthumb -o "Core/Src/stm32l4xx_hal_msp.o"
arm-none-eabi-gcc "../Core/Src/stm32l4xx_it.c" -mcpu=cortex-m4 -std=gnu11 -g3 -DDEBUG -DUSE_HAL_DRIVER -DSTM32L4A6xx -c -I../Core/Inc -I../Drivers/STM32L4xx_HAL_Driver/Inc -I../Drivers/STM32L4xx_HAL_Driver/Inc/Legacy -I../Drivers/CMSIS/Device/ST/STM32L4xx/Include -I../Drivers/CMSIS/Include -O0 -ffunction-sections -fdata-sections -Wall -fstack-usage -fcyclomatic-complexity -MMD -MP -MF"Core/Src/stm32l4xx_it.d" -MT"Core/Src/stm32l4xx_it.o" --specs=nano.specs -mfpu=fpv4-sp-d16 -mfloat-abi=hard -mthumb -o "Core/Src/stm32l4xx_it.o"
arm-none-eabi-gcc "../Core/Src/syscalls.c" -mcpu=cortex-m4 -std=gnu11 -g3 -DDEBUG -DUSE_HAL_DRIVER -DSTM32L4A6xx -c -I../Core/Inc -I../Drivers/STM32L4xx_HAL_Driver/Inc -I../Drivers/STM32L4xx_HAL_Driver/Inc/Legacy -I../Drivers/CMSIS/Device/ST/STM32L4xx/Include -I../Drivers/CMSIS/Include -O0 -ffunction-sections -fdata-sections -Wall -fstack-usage -fcyclomatic-complexity -MMD -MP -MF"Core/Src/syscalls.d" -MT"Core/Src/syscalls.o" --specs=nano.specs -mfpu=fpv4-sp-d16 -mfloat-abi=hard -mthumb -o "Core/Src/syscalls.o"
arm-none-eabi-gcc "../Core/Src/sysmem.c" -mcpu=cortex-m4 -std=gnu11 -g3 -DDEBUG -DUSE_HAL_DRIVER -DSTM32L4A6xx -c -I../Core/Inc -I../Drivers/STM32L4xx_HAL_Driver/Inc -I../Drivers/STM32L4xx_HAL_Driver/Inc/Legacy -I../Drivers/CMSIS/Device/ST/STM32L4xx/Include -I../Drivers/CMSIS/Include -O0 -ffunction-sections -fdata-sections -Wall -fstack-usage -fcyclomatic-complexity -MMD -MP -MF"Core/Src/sysmem.d" -MT"Core/Src/sysmem.o" --specs=nano.specs -mfpu=fpv4-sp-d16 -mfloat-abi=hard -mthumb -o "Core/Src/sysmem.o"
arm-none-eabi-gcc "../Core/Src/system_stm32l4xx.c" -mcpu=cortex-m4 -std=gnu11 -g3 -DDEBUG -DUSE_HAL_DRIVER -DSTM32L4A6xx -c -I../Core/Inc -I../Drivers/STM32L4xx_HAL_Driver/Inc -I../Drivers/STM32L4xx_HAL_Driver/Inc/Legacy -I../Drivers/CMSIS/Device/ST/STM32L4xx/Include -I../Drivers/CMSIS/Include -O0 -ffunction-sections -fdata-sections -Wall -fstack-usage -fcyclomatic-complexity -MMD -MP -MF"Core/Src/system_stm32l4xx.d" -MT"Core/Src/system_stm32l4xx.o" --specs=nano.specs -mfpu=fpv4-sp-d16 -mfloat-abi=hard -mthumb -o "Core/Src/system_stm32l4xx.o"
../Core/Src/main.c:27:6: warning: return type of 'main' is not 'int' [-Wmain]
   27 | void main(void)  {
      |      ^~~~
../Core/Src/main.c:113:13: warning: 'MX_GPIO_Init' defined but not used [-Wunused-function]
  113 | static void MX_GPIO_Init(void)
      |             ^~~~~~~~~~~~
../Core/Src/main.c: In function 'TestFunction':
../Core/Src/main.c:61:10: warning: 'test_var' is used uninitialized [-Wuninitialized]
   61 |   return test_var;
      |          ^~~~~~~~
../Core/Src/main.c:55:7: note: 'test_var' was declared here
   55 |   int test_var;                                 // local variable
      |       ^~~~~~~~
arm-none-eabi-gcc -o "A1.elf" @"objects.list"   -mcpu=cortex-m4 -T"C:\Users\blew2\Documents\GitHub\STM32CubeIDE\workspace_1.18.0\A1\STM32L4A6ZGTX_FLASH.ld" --specs=nosys.specs -Wl,-Map="A1.map" -Wl,--gc-sections -static --specs=nano.specs -mfpu=fpv4-sp-d16 -mfloat-abi=hard -mthumb -Wl,--start-group -lc -lm -Wl,--end-group
Finished building target: A1.elf
 
arm-none-eabi-size  A1.elf 
arm-none-eabi-objdump -h -S A1.elf  > "A1.list"
   text	   data	    bss	    dec	    hex	filename
   5264	     12	   1572	   6848	   1ac0	A1.elf
Finished building: default.size.stdout
 
Finished building: A1.list
 
19:56:24 **** Build of configuration Debug for project I2C_Test ****
make -j12 all 
arm-none-eabi-gcc "../Drivers/STM32F4xx_HAL_Driver/Src/stm32f4xx_hal.c" -mcpu=cortex-m4 -std=gnu11 -g3 -DDEBUG -DUSE_HAL_DRIVER -DSTM32F401xE -c -I../Core/Inc -I../Drivers/STM32F4xx_HAL_Driver/Inc -I../Drivers/STM32F4xx_HAL_Driver/Inc/Legacy -I../Drivers/CMSIS/Device/ST/STM32F4xx/Include -I../Drivers/CMSIS/Include -O0 -ffunction-sections -fdata-sections -Wall -fstack-usage -fcyclomatic-complexity -MMD -MP -MF"Drivers/STM32F4xx_HAL_Driver/Src/stm32f4xx_hal.d" -MT"Drivers/STM32F4xx_HAL_Driver/Src/stm32f4xx_hal.o" --specs=nano.specs -mfpu=fpv4-sp-d16 -mfloat-abi=hard -mthumb -o "Drivers/STM32F4xx_HAL_Driver/Src/stm32f4xx_hal.o"
arm-none-eabi-gcc "../Drivers/STM32F4xx_HAL_Driver/Src/stm32f4xx_hal_cortex.c" -mcpu=cortex-m4 -std=gnu11 -g3 -DDEBUG -DUSE_HAL_DRIVER -DSTM32F401xE -c -I../Core/Inc -I../Drivers/STM32F4xx_HAL_Driver/Inc -I../Drivers/STM32F4xx_HAL_Driver/Inc/Legacy -I../Drivers/CMSIS/Device/ST/STM32F4xx/Include -I../Drivers/CMSIS/Include -O0 -ffunction-sections -fdata-sections -Wall -fstack-usage -fcyclomatic-complexity -MMD -MP -MF"Drivers/STM32F4xx_HAL_Driver/Src/stm32f4xx_hal_cortex.d" -MT"Drivers/STM32F4xx_HAL_Driver/Src/stm32f4xx_hal_cortex.o" --specs=nano.specs -mfpu=fpv4-sp-d16 -mfloat-abi=hard -mthumb -o "Drivers/STM32F4xx_HAL_Driver/Src/stm32f4xx_hal_cortex.o"
arm-none-eabi-gcc "../Drivers/STM32F4xx_HAL_Driver/Src/stm32f4xx_hal_dma.c" -mcpu=cortex-m4 -std=gnu11 -g3 -DDEBUG -DUSE_HAL_DRIVER -DSTM32F401xE -c -I../Core/Inc -I../Drivers/STM32F4xx_HAL_Driver/Inc -I../Drivers/STM32F4xx_HAL_Driver/Inc/Legacy -I../Drivers/CMSIS/Device/ST/STM32F4xx/Include -I../Drivers/CMSIS/Include -O0 -ffunction-sections -fdata-sections -Wall -fstack-usage -fcyclomatic-complexity -MMD -MP -MF"Drivers/STM32F4xx_HAL_Driver/Src/stm32f4xx_hal_dma.d" -MT"Drivers/STM32F4xx_HAL_Driver/Src/stm32f4xx_hal_dma.o" --specs=nano.specs -mfpu=fpv4-sp-d16 -mfloat-abi=hard -mthumb -o "Drivers/STM32F4xx_HAL_Driver/Src/stm32f4xx_hal_dma.o"
arm-none-eabi-gcc "../Drivers/STM32F4xx_HAL_Driver/Src/stm32f4xx_hal_dma_ex.c" -mcpu=cortex-m4 -std=gnu11 -g3 -DDEBUG -DUSE_HAL_DRIVER -DSTM32F401xE -c -I../Core/Inc -I../Drivers/STM32F4xx_HAL_Driver/Inc -I../Drivers/STM32F4xx_HAL_Driver/Inc/Legacy -I../Drivers/CMSIS/Device/ST/STM32F4xx/Include -I../Drivers/CMSIS/Include -O0 -ffunction-sections -fdata-sections -Wall -fstack-usage -fcyclomatic-complexity -MMD -MP -MF"Drivers/STM32F4xx_HAL_Driver/Src/stm32f4xx_hal_dma_ex.d" -MT"Drivers/STM32F4xx_HAL_Driver/Src/stm32f4xx_hal_dma_ex.o" --specs=nano.specs -mfpu=fpv4-sp-d16 -mfloat-abi=hard -mthumb -o "Drivers/STM32F4xx_HAL_Driver/Src/stm32f4xx_hal_dma_ex.o"
arm-none-eabi-gcc "../Drivers/STM32F4xx_HAL_Driver/Src/stm32f4xx_hal_exti.c" -mcpu=cortex-m4 -std=gnu11 -g3 -DDEBUG -DUSE_HAL_DRIVER -DSTM32F401xE -c -I../Core/Inc -I../Drivers/STM32F4xx_HAL_Driver/Inc -I../Drivers/STM32F4xx_HAL_Driver/Inc/Legacy -I../Drivers/CMSIS/Device/ST/STM32F4xx/Include -I../Drivers/CMSIS/Include -O0 -ffunction-sections -fdata-sections -Wall -fstack-usage -fcyclomatic-complexity -MMD -MP -MF"Drivers/STM32F4xx_HAL_Driver/Src/stm32f4xx_hal_exti.d" -MT"Drivers/STM32F4xx_HAL_Driver/Src/stm32f4xx_hal_exti.o" --specs=nano.specs -mfpu=fpv4-sp-d16 -mfloat-abi=hard -mthumb -o "Drivers/STM32F4xx_HAL_Driver/Src/stm32f4xx_hal_exti.o"
arm-none-eabi-gcc "../Drivers/STM32F4xx_HAL_Driver/Src/stm32f4xx_hal_flash.c" -mcpu=cortex-m4 -std=gnu11 -g3 -DDEBUG -DUSE_HAL_DRIVER -DSTM32F401xE -c -I../Core/Inc -I../Drivers/STM32F4xx_HAL_Driver/Inc -I../Drivers/STM32F4xx_HAL_Driver/Inc/Legacy -I../Drivers/CMSIS/Device/ST/STM32F4xx/Include -I../Drivers/CMSIS/Include -O0 -ffunction-sections -fdata-sections -Wall -fstack-usage -fcyclomatic-complexity -MMD -MP -MF"Drivers/STM32F4xx_HAL_Driver/Src/stm32f4xx_hal_flash.d" -MT"Drivers/STM32F4xx_HAL_Driver/Src/stm32f4xx_hal_flash.o" --specs=nano.specs -mfpu=fpv4-sp-d16 -mfloat-abi=hard -mthumb -o "Drivers/STM32F4xx_HAL_Driver/Src/stm32f4xx_hal_flash.o"
arm-none-eabi-gcc "../Drivers/STM32F4xx_HAL_Driver/Src/stm32f4xx_hal_flash_ex.c" -mcpu=cortex-m4 -std=gnu11 -g3 -DDEBUG -DUSE_HAL_DRIVER -DSTM32F401xE -c -I../Core/Inc -I../Drivers/STM32F4xx_HAL_Driver/Inc -I../Drivers/STM32F4xx_HAL_Driver/Inc/Legacy -I../Drivers/CMSIS/Device/ST/STM32F4xx/Include -I../Drivers/CMSIS/Include -O0 -ffunction-sections -fdata-sections -Wall -fstack-usage -fcyclomatic-complexity -MMD -MP -MF"Drivers/STM32F4xx_HAL_Driver/Src/stm32f4xx_hal_flash_ex.d" -MT"Drivers/STM32F4xx_HAL_Driver/Src/stm32f4xx_hal_flash_ex.o" --specs=nano.specs -mfpu=fpv4-sp-d16 -mfloat-abi=hard -mthumb -o "Drivers/STM32F4xx_HAL_Driver/Src/stm32f4xx_hal_flash_ex.o"
arm-none-eabi-gcc "../Drivers/STM32F4xx_HAL_Driver/Src/stm32f4xx_hal_flash_ramfunc.c" -mcpu=cortex-m4 -std=gnu11 -g3 -DDEBUG -DUSE_HAL_DRIVER -DSTM32F401xE -c -I../Core/Inc -I../Drivers/STM32F4xx_HAL_Driver/Inc -I../Drivers/STM32F4xx_HAL_Driver/Inc/Legacy -I../Drivers/CMSIS/Device/ST/STM32F4xx/Include -I../Drivers/CMSIS/Include -O0 -ffunction-sections -fdata-sections -Wall -fstack-usage -fcyclomatic-complexity -MMD -MP -MF"Drivers/STM32F4xx_HAL_Driver/Src/stm32f4xx_hal_flash_ramfunc.d" -MT"Drivers/STM32F4xx_HAL_Driver/Src/stm32f4xx_hal_flash_ramfunc.o" --specs=nano.specs -mfpu=fpv4-sp-d16 -mfloat-abi=hard -mthumb -o "Drivers/STM32F4xx_HAL_Driver/Src/stm32f4xx_hal_flash_ramfunc.o"
arm-none-eabi-gcc "../Drivers/STM32F4xx_HAL_Driver/Src/stm32f4xx_hal_gpio.c" -mcpu=cortex-m4 -std=gnu11 -g3 -DDEBUG -DUSE_HAL_DRIVER -DSTM32F401xE -c -I../Core/Inc -I../Drivers/STM32F4xx_HAL_Driver/Inc -I../Drivers/STM32F4xx_HAL_Driver/Inc/Legacy -I../Drivers/CMSIS/Device/ST/STM32F4xx/Include -I../Drivers/CMSIS/Include -O0 -ffunction-sections -fdata-sections -Wall -fstack-usage -fcyclomatic-complexity -MMD -MP -MF"Drivers/STM32F4xx_HAL_Driver/Src/stm32f4xx_hal_gpio.d" -MT"Drivers/STM32F4xx_HAL_Driver/Src/stm32f4xx_hal_gpio.o" --specs=nano.specs -mfpu=fpv4-sp-d16 -mfloat-abi=hard -mthumb -o "Drivers/STM32F4xx_HAL_Driver/Src/stm32f4xx_hal_gpio.o"
arm-none-eabi-gcc "../Drivers/STM32F4xx_HAL_Driver/Src/stm32f4xx_hal_i2c.c" -mcpu=cortex-m4 -std=gnu11 -g3 -DDEBUG -DUSE_HAL_DRIVER -DSTM32F401xE -c -I../Core/Inc -I../Drivers/STM32F4xx_HAL_Driver/Inc -I../Drivers/STM32F4xx_HAL_Driver/Inc/Legacy -I../Drivers/CMSIS/Device/ST/STM32F4xx/Include -I../Drivers/CMSIS/Include -O0 -ffunction-sections -fdata-sections -Wall -fstack-usage -fcyclomatic-complexity -MMD -MP -MF"Drivers/STM32F4xx_HAL_Driver/Src/stm32f4xx_hal_i2c.d" -MT"Drivers/STM32F4xx_HAL_Driver/Src/stm32f4xx_hal_i2c.o" --specs=nano.specs -mfpu=fpv4-sp-d16 -mfloat-abi=hard -mthumb -o "Drivers/STM32F4xx_HAL_Driver/Src/stm32f4xx_hal_i2c.o"
arm-none-eabi-gcc "../Drivers/STM32F4xx_HAL_Driver/Src/stm32f4xx_hal_i2c_ex.c" -mcpu=cortex-m4 -std=gnu11 -g3 -DDEBUG -DUSE_HAL_DRIVER -DSTM32F401xE -c -I../Core/Inc -I../Drivers/STM32F4xx_HAL_Driver/Inc -I../Drivers/STM32F4xx_HAL_Driver/Inc/Legacy -I../Drivers/CMSIS/Device/ST/STM32F4xx/Include -I../Drivers/CMSIS/Include -O0 -ffunction-sections -fdata-sections -Wall -fstack-usage -fcyclomatic-complexity -MMD -MP -MF"Drivers/STM32F4xx_HAL_Driver/Src/stm32f4xx_hal_i2c_ex.d" -MT"Drivers/STM32F4xx_HAL_Driver/Src/stm32f4xx_hal_i2c_ex.o" --specs=nano.specs -mfpu=fpv4-sp-d16 -mfloat-abi=hard -mthumb -o "Drivers/STM32F4xx_HAL_Driver/Src/stm32f4xx_hal_i2c_ex.o"
arm-none-eabi-gcc "../Drivers/STM32F4xx_HAL_Driver/Src/stm32f4xx_hal_pwr.c" -mcpu=cortex-m4 -std=gnu11 -g3 -DDEBUG -DUSE_HAL_DRIVER -DSTM32F401xE -c -I../Core/Inc -I../Drivers/STM32F4xx_HAL_Driver/Inc -I../Drivers/STM32F4xx_HAL_Driver/Inc/Legacy -I../Drivers/CMSIS/Device/ST/STM32F4xx/Include -I../Drivers/CMSIS/Include -O0 -ffunction-sections -fdata-sections -Wall -fstack-usage -fcyclomatic-complexity -MMD -MP -MF"Drivers/STM32F4xx_HAL_Driver/Src/stm32f4xx_hal_pwr.d" -MT"Drivers/STM32F4xx_HAL_Driver/Src/stm32f4xx_hal_pwr.o" --specs=nano.specs -mfpu=fpv4-sp-d16 -mfloat-abi=hard -mthumb -o "Drivers/STM32F4xx_HAL_Driver/Src/stm32f4xx_hal_pwr.o"
arm-none-eabi-gcc "../Drivers/STM32F4xx_HAL_Driver/Src/stm32f4xx_hal_pwr_ex.c" -mcpu=cortex-m4 -std=gnu11 -g3 -DDEBUG -DUSE_HAL_DRIVER -DSTM32F401xE -c -I../Core/Inc -I../Drivers/STM32F4xx_HAL_Driver/Inc -I../Drivers/STM32F4xx_HAL_Driver/Inc/Legacy -I../Drivers/CMSIS/Device/ST/STM32F4xx/Include -I../Drivers/CMSIS/Include -O0 -ffunction-sections -fdata-sections -Wall -fstack-usage -fcyclomatic-complexity -MMD -MP -MF"Drivers/STM32F4xx_HAL_Driver/Src/stm32f4xx_hal_pwr_ex.d" -MT"Drivers/STM32F4xx_HAL_Driver/Src/stm32f4xx_hal_pwr_ex.o" --specs=nano.specs -mfpu=fpv4-sp-d16 -mfloat-abi=hard -mthumb -o "Drivers/STM32F4xx_HAL_Driver/Src/stm32f4xx_hal_pwr_ex.o"
arm-none-eabi-gcc "../Drivers/STM32F4xx_HAL_Driver/Src/stm32f4xx_hal_rcc.c" -mcpu=cortex-m4 -std=gnu11 -g3 -DDEBUG -DUSE_HAL_DRIVER -DSTM32F401xE -c -I../Core/Inc -I../Drivers/STM32F4xx_HAL_Driver/Inc -I../Drivers/STM32F4xx_HAL_Driver/Inc/Legacy -I../Drivers/CMSIS/Device/ST/STM32F4xx/Include -I../Drivers/CMSIS/Include -O0 -ffunction-sections -fdata-sections -Wall -fstack-usage -fcyclomatic-complexity -MMD -MP -MF"Drivers/STM32F4xx_HAL_Driver/Src/stm32f4xx_hal_rcc.d" -MT"Drivers/STM32F4xx_HAL_Driver/Src/stm32f4xx_hal_rcc.o" --specs=nano.specs -mfpu=fpv4-sp-d16 -mfloat-abi=hard -mthumb -o "Drivers/STM32F4xx_HAL_Driver/Src/stm32f4xx_hal_rcc.o"
arm-none-eabi-gcc "../Drivers/STM32F4xx_HAL_Driver/Src/stm32f4xx_hal_rcc_ex.c" -mcpu=cortex-m4 -std=gnu11 -g3 -DDEBUG -DUSE_HAL_DRIVER -DSTM32F401xE -c -I../Core/Inc -I../Drivers/STM32F4xx_HAL_Driver/Inc -I../Drivers/STM32F4xx_HAL_Driver/Inc/Legacy -I../Drivers/CMSIS/Device/ST/STM32F4xx/Include -I../Drivers/CMSIS/Include -O0 -ffunction-sections -fdata-sections -Wall -fstack-usage -fcyclomatic-complexity -MMD -MP -MF"Drivers/STM32F4xx_HAL_Driver/Src/stm32f4xx_hal_rcc_ex.d" -MT"Drivers/STM32F4xx_HAL_Driver/Src/stm32f4xx_hal_rcc_ex.o" --specs=nano.specs -mfpu=fpv4-sp-d16 -mfloat-abi=hard -mthumb -o "Drivers/STM32F4xx_HAL_Driver/Src/stm32f4xx_hal_rcc_ex.o"
arm-none-eabi-gcc "../Drivers/STM32F4xx_HAL_Driver/Src/stm32f4xx_hal_uart.c" -mcpu=cortex-m4 -std=gnu11 -g3 -DDEBUG -DUSE_HAL_DRIVER -DSTM32F401xE -c -I../Core/Inc -I../Drivers/STM32F4xx_HAL_Driver/Inc -I../Drivers/STM32F4xx_HAL_Driver/Inc/Legacy -I../Drivers/CMSIS/Device/ST/STM32F4xx/Include -I../Drivers/CMSIS/Include -O0 -ffunction-sections -fdata-sections -Wall -fstack-usage -fcyclomatic-complexity -MMD -MP -MF"Drivers/STM32F4xx_HAL_Driver/Src/stm32f4xx_hal_uart.d" -MT"Drivers/STM32F4xx_HAL_Driver/Src/stm32f4xx_hal_uart.o" --specs=nano.specs -mfpu=fpv4-sp-d16 -mfloat-abi=hard -mthumb -o "Drivers/STM32F4xx_HAL_Driver/Src/stm32f4xx_hal_uart.o"
arm-none-eabi-gcc -mcpu=cortex-m4 -g3 -DDEBUG -c -x assembler-with-cpp -MMD -MP -MF"Core/Startup/startup_stm32f401retx.d" -MT"Core/Startup/startup_stm32f401retx.o" --specs=nano.specs -mfpu=fpv4-sp-d16 -mfloat-abi=hard -mthumb -o "Core/Startup/startup_stm32f401retx.o" "../Core/Startup/startup_stm32f401retx.s"
arm-none-eabi-gcc "../Core/Src/main.c" -mcpu=cortex-m4 -std=gnu11 -g3 -DDEBUG -DUSE_HAL_DRIVER -DSTM32F401xE -c -I../Core/Inc -I../Drivers/STM32F4xx_HAL_Driver/Inc -I../Drivers/STM32F4xx_HAL_Driver/Inc/Legacy -I../Drivers/CMSIS/Device/ST/STM32F4xx/Include -I../Drivers/CMSIS/Include -O0 -ffunction-sections -fdata-sections -Wall -fstack-usage -fcyclomatic-complexity -MMD -MP -MF"Core/Src/main.d" -MT"Core/Src/main.o" --specs=nano.specs -mfpu=fpv4-sp-d16 -mfloat-abi=hard -mthumb -o "Core/Src/main.o"
arm-none-eabi-gcc "../Core/Src/stm32f4xx_hal_msp.c" -mcpu=cortex-m4 -std=gnu11 -g3 -DDEBUG -DUSE_HAL_DRIVER -DSTM32F401xE -c -I../Core/Inc -I../Drivers/STM32F4xx_HAL_Driver/Inc -I../Drivers/STM32F4xx_HAL_Driver/Inc/Legacy -I../Drivers/CMSIS/Device/ST/STM32F4xx/Include -I../Drivers/CMSIS/Include -O0 -ffunction-sections -fdata-sections -Wall -fstack-usage -fcyclomatic-complexity -MMD -MP -MF"Core/Src/stm32f4xx_hal_msp.d" -MT"Core/Src/stm32f4xx_hal_msp.o" --specs=nano.specs -mfpu=fpv4-sp-d16 -mfloat-abi=hard -mthumb -o "Core/Src/stm32f4xx_hal_msp.o"
arm-none-eabi-gcc "../Core/Src/stm32f4xx_it.c" -mcpu=cortex-m4 -std=gnu11 -g3 -DDEBUG -DUSE_HAL_DRIVER -DSTM32F401xE -c -I../Core/Inc -I../Drivers/STM32F4xx_HAL_Driver/Inc -I../Drivers/STM32F4xx_HAL_Driver/Inc/Legacy -I../Drivers/CMSIS/Device/ST/STM32F4xx/Include -I../Drivers/CMSIS/Include -O0 -ffunction-sections -fdata-sections -Wall -fstack-usage -fcyclomatic-complexity -MMD -MP -MF"Core/Src/stm32f4xx_it.d" -MT"Core/Src/stm32f4xx_it.o" --specs=nano.specs -mfpu=fpv4-sp-d16 -mfloat-abi=hard -mthumb -o "Core/Src/stm32f4xx_it.o"
arm-none-eabi-gcc "../Core/Src/syscalls.c" -mcpu=cortex-m4 -std=gnu11 -g3 -DDEBUG -DUSE_HAL_DRIVER -DSTM32F401xE -c -I../Core/Inc -I../Drivers/STM32F4xx_HAL_Driver/Inc -I../Drivers/STM32F4xx_HAL_Driver/Inc/Legacy -I../Drivers/CMSIS/Device/ST/STM32F4xx/Include -I../Drivers/CMSIS/Include -O0 -ffunction-sections -fdata-sections -Wall -fstack-usage -fcyclomatic-complexity -MMD -MP -MF"Core/Src/syscalls.d" -MT"Core/Src/syscalls.o" --specs=nano.specs -mfpu=fpv4-sp-d16 -mfloat-abi=hard -mthumb -o "Core/Src/syscalls.o"
arm-none-eabi-gcc "../Core/Src/sysmem.c" -mcpu=cortex-m4 -std=gnu11 -g3 -DDEBUG -DUSE_HAL_DRIVER -DSTM32F401xE -c -I../Core/Inc -I../Drivers/STM32F4xx_HAL_Driver/Inc -I../Drivers/STM32F4xx_HAL_Driver/Inc/Legacy -I../Drivers/CMSIS/Device/ST/STM32F4xx/Include -I../Drivers/CMSIS/Include -O0 -ffunction-sections -fdata-sections -Wall -fstack-usage -fcyclomatic-complexity -MMD -MP -MF"Core/Src/sysmem.d" -MT"Core/Src/sysmem.o" --specs=nano.specs -mfpu=fpv4-sp-d16 -mfloat-abi=hard -mthumb -o "Core/Src/sysmem.o"
arm-none-eabi-gcc "../Core/Src/system_stm32f4xx.c" -mcpu=cortex-m4 -std=gnu11 -g3 -DDEBUG -DUSE_HAL_DRIVER -DSTM32F401xE -c -I../Core/Inc -I../Drivers/STM32F4xx_HAL_Driver/Inc -I../Drivers/STM32F4xx_HAL_Driver/Inc/Legacy -I../Drivers/CMSIS/Device/ST/STM32F4xx/Include -I../Drivers/CMSIS/Include -O0 -ffunction-sections -fdata-sections -Wall -fstack-usage -fcyclomatic-complexity -MMD -MP -MF"Core/Src/system_stm32f4xx.d" -MT"Core/Src/system_stm32f4xx.o" --specs=nano.specs -mfpu=fpv4-sp-d16 -mfloat-abi=hard -mthumb -o "Core/Src/system_stm32f4xx.o"
arm-none-eabi-gcc -o "I2C_Test.elf" @"objects.list"   -mcpu=cortex-m4 -T"C:\Users\blew2\Documents\GitHub\STM32CubeIDE\workspace_1.18.0\I2C_Test\STM32F401RETX_FLASH.ld" --specs=nosys.specs -Wl,-Map="I2C_Test.map" -Wl,--gc-sections -static --specs=nano.specs -mfpu=fpv4-sp-d16 -mfloat-abi=hard -mthumb -u _printf_float -Wl,--start-group -lc -lm -Wl,--end-group
Finished building target: I2C_Test.elf
 
arm-none-eabi-size  I2C_Test.elf 
arm-none-eabi-objdump -h -S I2C_Test.elf  > "I2C_Test.list"
   text	   data	    bss	    dec	    hex	filename
  27292	    468	   2100	  29860	   74a4	I2C_Test.elf
Finished building: default.size.stdout
 
Finished building: I2C_Test.list
 
19:56:27 **** Build of configuration Debug for project Relay_Controller_STM32 ****
make -j12 all 
arm-none-eabi-gcc "../Drivers/STM32G0xx_HAL_Driver/Src/stm32g0xx_hal.c" -mcpu=cortex-m0plus -std=gnu11 -g3 -DDEBUG -DUSE_HAL_DRIVER -DSTM32G051xx -c -I../Core/Inc -I../Drivers/STM32G0xx_HAL_Driver/Inc -I../Drivers/STM32G0xx_HAL_Driver/Inc/Legacy -I../Drivers/CMSIS/Device/ST/STM32G0xx/Include -I../Drivers/CMSIS/Include -O0 -ffunction-sections -fdata-sections -Wall -fstack-usage -fcyclomatic-complexity -MMD -MP -MF"Drivers/STM32G0xx_HAL_Driver/Src/stm32g0xx_hal.d" -MT"Drivers/STM32G0xx_HAL_Driver/Src/stm32g0xx_hal.o" --specs=nano.specs -mfloat-abi=soft -mthumb -o "Drivers/STM32G0xx_HAL_Driver/Src/stm32g0xx_hal.o"
arm-none-eabi-gcc "../Drivers/STM32G0xx_HAL_Driver/Src/stm32g0xx_hal_cortex.c" -mcpu=cortex-m0plus -std=gnu11 -g3 -DDEBUG -DUSE_HAL_DRIVER -DSTM32G051xx -c -I../Core/Inc -I../Drivers/STM32G0xx_HAL_Driver/Inc -I../Drivers/STM32G0xx_HAL_Driver/Inc/Legacy -I../Drivers/CMSIS/Device/ST/STM32G0xx/Include -I../Drivers/CMSIS/Include -O0 -ffunction-sections -fdata-sections -Wall -fstack-usage -fcyclomatic-complexity -MMD -MP -MF"Drivers/STM32G0xx_HAL_Driver/Src/stm32g0xx_hal_cortex.d" -MT"Drivers/STM32G0xx_HAL_Driver/Src/stm32g0xx_hal_cortex.o" --specs=nano.specs -mfloat-abi=soft -mthumb -o "Drivers/STM32G0xx_HAL_Driver/Src/stm32g0xx_hal_cortex.o"
arm-none-eabi-gcc "../Drivers/STM32G0xx_HAL_Driver/Src/stm32g0xx_hal_dma.c" -mcpu=cortex-m0plus -std=gnu11 -g3 -DDEBUG -DUSE_HAL_DRIVER -DSTM32G051xx -c -I../Core/Inc -I../Drivers/STM32G0xx_HAL_Driver/Inc -I../Drivers/STM32G0xx_HAL_Driver/Inc/Legacy -I../Drivers/CMSIS/Device/ST/STM32G0xx/Include -I../Drivers/CMSIS/Include -O0 -ffunction-sections -fdata-sections -Wall -fstack-usage -fcyclomatic-complexity -MMD -MP -MF"Drivers/STM32G0xx_HAL_Driver/Src/stm32g0xx_hal_dma.d" -MT"Drivers/STM32G0xx_HAL_Driver/Src/stm32g0xx_hal_dma.o" --specs=nano.specs -mfloat-abi=soft -mthumb -o "Drivers/STM32G0xx_HAL_Driver/Src/stm32g0xx_hal_dma.o"
arm-none-eabi-gcc "../Drivers/STM32G0xx_HAL_Driver/Src/stm32g0xx_hal_dma_ex.c" -mcpu=cortex-m0plus -std=gnu11 -g3 -DDEBUG -DUSE_HAL_DRIVER -DSTM32G051xx -c -I../Core/Inc -I../Drivers/STM32G0xx_HAL_Driver/Inc -I../Drivers/STM32G0xx_HAL_Driver/Inc/Legacy -I../Drivers/CMSIS/Device/ST/STM32G0xx/Include -I../Drivers/CMSIS/Include -O0 -ffunction-sections -fdata-sections -Wall -fstack-usage -fcyclomatic-complexity -MMD -MP -MF"Drivers/STM32G0xx_HAL_Driver/Src/stm32g0xx_hal_dma_ex.d" -MT"Drivers/STM32G0xx_HAL_Driver/Src/stm32g0xx_hal_dma_ex.o" --specs=nano.specs -mfloat-abi=soft -mthumb -o "Drivers/STM32G0xx_HAL_Driver/Src/stm32g0xx_hal_dma_ex.o"
arm-none-eabi-gcc "../Drivers/STM32G0xx_HAL_Driver/Src/stm32g0xx_hal_exti.c" -mcpu=cortex-m0plus -std=gnu11 -g3 -DDEBUG -DUSE_HAL_DRIVER -DSTM32G051xx -c -I../Core/Inc -I../Drivers/STM32G0xx_HAL_Driver/Inc -I../Drivers/STM32G0xx_HAL_Driver/Inc/Legacy -I../Drivers/CMSIS/Device/ST/STM32G0xx/Include -I../Drivers/CMSIS/Include -O0 -ffunction-sections -fdata-sections -Wall -fstack-usage -fcyclomatic-complexity -MMD -MP -MF"Drivers/STM32G0xx_HAL_Driver/Src/stm32g0xx_hal_exti.d" -MT"Drivers/STM32G0xx_HAL_Driver/Src/stm32g0xx_hal_exti.o" --specs=nano.specs -mfloat-abi=soft -mthumb -o "Drivers/STM32G0xx_HAL_Driver/Src/stm32g0xx_hal_exti.o"
arm-none-eabi-gcc "../Drivers/STM32G0xx_HAL_Driver/Src/stm32g0xx_hal_flash.c" -mcpu=cortex-m0plus -std=gnu11 -g3 -DDEBUG -DUSE_HAL_DRIVER -DSTM32G051xx -c -I../Core/Inc -I../Drivers/STM32G0xx_HAL_Driver/Inc -I../Drivers/STM32G0xx_HAL_Driver/Inc/Legacy -I../Drivers/CMSIS/Device/ST/STM32G0xx/Include -I../Drivers/CMSIS/Include -O0 -ffunction-sections -fdata-sections -Wall -fstack-usage -fcyclomatic-complexity -MMD -MP -MF"Drivers/STM32G0xx_HAL_Driver/Src/stm32g0xx_hal_flash.d" -MT"Drivers/STM32G0xx_HAL_Driver/Src/stm32g0xx_hal_flash.o" --specs=nano.specs -mfloat-abi=soft -mthumb -o "Drivers/STM32G0xx_HAL_Driver/Src/stm32g0xx_hal_flash.o"
arm-none-eabi-gcc "../Drivers/STM32G0xx_HAL_Driver/Src/stm32g0xx_hal_flash_ex.c" -mcpu=cortex-m0plus -std=gnu11 -g3 -DDEBUG -DUSE_HAL_DRIVER -DSTM32G051xx -c -I../Core/Inc -I../Drivers/STM32G0xx_HAL_Driver/Inc -I../Drivers/STM32G0xx_HAL_Driver/Inc/Legacy -I../Drivers/CMSIS/Device/ST/STM32G0xx/Include -I../Drivers/CMSIS/Include -O0 -ffunction-sections -fdata-sections -Wall -fstack-usage -fcyclomatic-complexity -MMD -MP -MF"Drivers/STM32G0xx_HAL_Driver/Src/stm32g0xx_hal_flash_ex.d" -MT"Drivers/STM32G0xx_HAL_Driver/Src/stm32g0xx_hal_flash_ex.o" --specs=nano.specs -mfloat-abi=soft -mthumb -o "Drivers/STM32G0xx_HAL_Driver/Src/stm32g0xx_hal_flash_ex.o"
arm-none-eabi-gcc "../Drivers/STM32G0xx_HAL_Driver/Src/stm32g0xx_hal_gpio.c" -mcpu=cortex-m0plus -std=gnu11 -g3 -DDEBUG -DUSE_HAL_DRIVER -DSTM32G051xx -c -I../Core/Inc -I../Drivers/STM32G0xx_HAL_Driver/Inc -I../Drivers/STM32G0xx_HAL_Driver/Inc/Legacy -I../Drivers/CMSIS/Device/ST/STM32G0xx/Include -I../Drivers/CMSIS/Include -O0 -ffunction-sections -fdata-sections -Wall -fstack-usage -fcyclomatic-complexity -MMD -MP -MF"Drivers/STM32G0xx_HAL_Driver/Src/stm32g0xx_hal_gpio.d" -MT"Drivers/STM32G0xx_HAL_Driver/Src/stm32g0xx_hal_gpio.o" --specs=nano.specs -mfloat-abi=soft -mthumb -o "Drivers/STM32G0xx_HAL_Driver/Src/stm32g0xx_hal_gpio.o"
arm-none-eabi-gcc "../Drivers/STM32G0xx_HAL_Driver/Src/stm32g0xx_hal_i2c.c" -mcpu=cortex-m0plus -std=gnu11 -g3 -DDEBUG -DUSE_HAL_DRIVER -DSTM32G051xx -c -I../Core/Inc -I../Drivers/STM32G0xx_HAL_Driver/Inc -I../Drivers/STM32G0xx_HAL_Driver/Inc/Legacy -I../Drivers/CMSIS/Device/ST/STM32G0xx/Include -I../Drivers/CMSIS/Include -O0 -ffunction-sections -fdata-sections -Wall -fstack-usage -fcyclomatic-complexity -MMD -MP -MF"Drivers/STM32G0xx_HAL_Driver/Src/stm32g0xx_hal_i2c.d" -MT"Drivers/STM32G0xx_HAL_Driver/Src/stm32g0xx_hal_i2c.o" --specs=nano.specs -mfloat-abi=soft -mthumb -o "Drivers/STM32G0xx_HAL_Driver/Src/stm32g0xx_hal_i2c.o"
arm-none-eabi-gcc "../Drivers/STM32G0xx_HAL_Driver/Src/stm32g0xx_hal_i2c_ex.c" -mcpu=cortex-m0plus -std=gnu11 -g3 -DDEBUG -DUSE_HAL_DRIVER -DSTM32G051xx -c -I../Core/Inc -I../Drivers/STM32G0xx_HAL_Driver/Inc -I../Drivers/STM32G0xx_HAL_Driver/Inc/Legacy -I../Drivers/CMSIS/Device/ST/STM32G0xx/Include -I../Drivers/CMSIS/Include -O0 -ffunction-sections -fdata-sections -Wall -fstack-usage -fcyclomatic-complexity -MMD -MP -MF"Drivers/STM32G0xx_HAL_Driver/Src/stm32g0xx_hal_i2c_ex.d" -MT"Drivers/STM32G0xx_HAL_Driver/Src/stm32g0xx_hal_i2c_ex.o" --specs=nano.specs -mfloat-abi=soft -mthumb -o "Drivers/STM32G0xx_HAL_Driver/Src/stm32g0xx_hal_i2c_ex.o"
arm-none-eabi-gcc "../Drivers/STM32G0xx_HAL_Driver/Src/stm32g0xx_hal_pwr.c" -mcpu=cortex-m0plus -std=gnu11 -g3 -DDEBUG -DUSE_HAL_DRIVER -DSTM32G051xx -c -I../Core/Inc -I../Drivers/STM32G0xx_HAL_Driver/Inc -I../Drivers/STM32G0xx_HAL_Driver/Inc/Legacy -I../Drivers/CMSIS/Device/ST/STM32G0xx/Include -I../Drivers/CMSIS/Include -O0 -ffunction-sections -fdata-sections -Wall -fstack-usage -fcyclomatic-complexity -MMD -MP -MF"Drivers/STM32G0xx_HAL_Driver/Src/stm32g0xx_hal_pwr.d" -MT"Drivers/STM32G0xx_HAL_Driver/Src/stm32g0xx_hal_pwr.o" --specs=nano.specs -mfloat-abi=soft -mthumb -o "Drivers/STM32G0xx_HAL_Driver/Src/stm32g0xx_hal_pwr.o"
arm-none-eabi-gcc "../Drivers/STM32G0xx_HAL_Driver/Src/stm32g0xx_hal_pwr_ex.c" -mcpu=cortex-m0plus -std=gnu11 -g3 -DDEBUG -DUSE_HAL_DRIVER -DSTM32G051xx -c -I../Core/Inc -I../Drivers/STM32G0xx_HAL_Driver/Inc -I../Drivers/STM32G0xx_HAL_Driver/Inc/Legacy -I../Drivers/CMSIS/Device/ST/STM32G0xx/Include -I../Drivers/CMSIS/Include -O0 -ffunction-sections -fdata-sections -Wall -fstack-usage -fcyclomatic-complexity -MMD -MP -MF"Drivers/STM32G0xx_HAL_Driver/Src/stm32g0xx_hal_pwr_ex.d" -MT"Drivers/STM32G0xx_HAL_Driver/Src/stm32g0xx_hal_pwr_ex.o" --specs=nano.specs -mfloat-abi=soft -mthumb -o "Drivers/STM32G0xx_HAL_Driver/Src/stm32g0xx_hal_pwr_ex.o"
arm-none-eabi-gcc "../Drivers/STM32G0xx_HAL_Driver/Src/stm32g0xx_hal_rcc.c" -mcpu=cortex-m0plus -std=gnu11 -g3 -DDEBUG -DUSE_HAL_DRIVER -DSTM32G051xx -c -I../Core/Inc -I../Drivers/STM32G0xx_HAL_Driver/Inc -I../Drivers/STM32G0xx_HAL_Driver/Inc/Legacy -I../Drivers/CMSIS/Device/ST/STM32G0xx/Include -I../Drivers/CMSIS/Include -O0 -ffunction-sections -fdata-sections -Wall -fstack-usage -fcyclomatic-complexity -MMD -MP -MF"Drivers/STM32G0xx_HAL_Driver/Src/stm32g0xx_hal_rcc.d" -MT"Drivers/STM32G0xx_HAL_Driver/Src/stm32g0xx_hal_rcc.o" --specs=nano.specs -mfloat-abi=soft -mthumb -o "Drivers/STM32G0xx_HAL_Driver/Src/stm32g0xx_hal_rcc.o"
arm-none-eabi-gcc "../Drivers/STM32G0xx_HAL_Driver/Src/stm32g0xx_hal_rcc_ex.c" -mcpu=cortex-m0plus -std=gnu11 -g3 -DDEBUG -DUSE_HAL_DRIVER -DSTM32G051xx -c -I../Core/Inc -I../Drivers/STM32G0xx_HAL_Driver/Inc -I../Drivers/STM32G0xx_HAL_Driver/Inc/Legacy -I../Drivers/CMSIS/Device/ST/STM32G0xx/Include -I../Drivers/CMSIS/Include -O0 -ffunction-sections -fdata-sections -Wall -fstack-usage -fcyclomatic-complexity -MMD -MP -MF"Drivers/STM32G0xx_HAL_Driver/Src/stm32g0xx_hal_rcc_ex.d" -MT"Drivers/STM32G0xx_HAL_Driver/Src/stm32g0xx_hal_rcc_ex.o" --specs=nano.specs -mfloat-abi=soft -mthumb -o "Drivers/STM32G0xx_HAL_Driver/Src/stm32g0xx_hal_rcc_ex.o"
arm-none-eabi-gcc "../Drivers/STM32G0xx_HAL_Driver/Src/stm32g0xx_ll_rcc.c" -mcpu=cortex-m0plus -std=gnu11 -g3 -DDEBUG -DUSE_HAL_DRIVER -DSTM32G051xx -c -I../Core/Inc -I../Drivers/STM32G0xx_HAL_Driver/Inc -I../Drivers/STM32G0xx_HAL_Driver/Inc/Legacy -I../Drivers/CMSIS/Device/ST/STM32G0xx/Include -I../Drivers/CMSIS/Include -O0 -ffunction-sections -fdata-sections -Wall -fstack-usage -fcyclomatic-complexity -MMD -MP -MF"Drivers/STM32G0xx_HAL_Driver/Src/stm32g0xx_ll_rcc.d" -MT"Drivers/STM32G0xx_HAL_Driver/Src/stm32g0xx_ll_rcc.o" --specs=nano.specs -mfloat-abi=soft -mthumb -o "Drivers/STM32G0xx_HAL_Driver/Src/stm32g0xx_ll_rcc.o"
arm-none-eabi-gcc -mcpu=cortex-m0plus -g3 -DDEBUG -c -x assembler-with-cpp -MMD -MP -MF"Core/Startup/startup_stm32g051f8px.d" -MT"Core/Startup/startup_stm32g051f8px.o" --specs=nano.specs -mfloat-abi=soft -mthumb -o "Core/Startup/startup_stm32g051f8px.o" "../Core/Startup/startup_stm32g051f8px.s"
arm-none-eabi-gcc "../Core/Src/main.c" -mcpu=cortex-m0plus -std=gnu11 -g3 -DDEBUG -DUSE_HAL_DRIVER -DSTM32G051xx -c -I../Core/Inc -I../Drivers/STM32G0xx_HAL_Driver/Inc -I../Drivers/STM32G0xx_HAL_Driver/Inc/Legacy -I../Drivers/CMSIS/Device/ST/STM32G0xx/Include -I../Drivers/CMSIS/Include -O0 -ffunction-sections -fdata-sections -Wall -fstack-usage -fcyclomatic-complexity -MMD -MP -MF"Core/Src/main.d" -MT"Core/Src/main.o" --specs=nano.specs -mfloat-abi=soft -mthumb -o "Core/Src/main.o"
arm-none-eabi-gcc "../Core/Src/stm32g0xx_hal_msp.c" -mcpu=cortex-m0plus -std=gnu11 -g3 -DDEBUG -DUSE_HAL_DRIVER -DSTM32G051xx -c -I../Core/Inc -I../Drivers/STM32G0xx_HAL_Driver/Inc -I../Drivers/STM32G0xx_HAL_Driver/Inc/Legacy -I../Drivers/CMSIS/Device/ST/STM32G0xx/Include -I../Drivers/CMSIS/Include -O0 -ffunction-sections -fdata-sections -Wall -fstack-usage -fcyclomatic-complexity -MMD -MP -MF"Core/Src/stm32g0xx_hal_msp.d" -MT"Core/Src/stm32g0xx_hal_msp.o" --specs=nano.specs -mfloat-abi=soft -mthumb -o "Core/Src/stm32g0xx_hal_msp.o"
arm-none-eabi-gcc "../Core/Src/stm32g0xx_it.c" -mcpu=cortex-m0plus -std=gnu11 -g3 -DDEBUG -DUSE_HAL_DRIVER -DSTM32G051xx -c -I../Core/Inc -I../Drivers/STM32G0xx_HAL_Driver/Inc -I../Drivers/STM32G0xx_HAL_Driver/Inc/Legacy -I../Drivers/CMSIS/Device/ST/STM32G0xx/Include -I../Drivers/CMSIS/Include -O0 -ffunction-sections -fdata-sections -Wall -fstack-usage -fcyclomatic-complexity -MMD -MP -MF"Core/Src/stm32g0xx_it.d" -MT"Core/Src/stm32g0xx_it.o" --specs=nano.specs -mfloat-abi=soft -mthumb -o "Core/Src/stm32g0xx_it.o"
arm-none-eabi-gcc "../Core/Src/syscalls.c" -mcpu=cortex-m0plus -std=gnu11 -g3 -DDEBUG -DUSE_HAL_DRIVER -DSTM32G051xx -c -I../Core/Inc -I../Drivers/STM32G0xx_HAL_Driver/Inc -I../Drivers/STM32G0xx_HAL_Driver/Inc/Legacy -I../Drivers/CMSIS/Device/ST/STM32G0xx/Include -I../Drivers/CMSIS/Include -O0 -ffunction-sections -fdata-sections -Wall -fstack-usage -fcyclomatic-complexity -MMD -MP -MF"Core/Src/syscalls.d" -MT"Core/Src/syscalls.o" --specs=nano.specs -mfloat-abi=soft -mthumb -o "Core/Src/syscalls.o"
arm-none-eabi-gcc "../Core/Src/sysmem.c" -mcpu=cortex-m0plus -std=gnu11 -g3 -DDEBUG -DUSE_HAL_DRIVER -DSTM32G051xx -c -I../Core/Inc -I../Drivers/STM32G0xx_HAL_Driver/Inc -I../Drivers/STM32G0xx_HAL_Driver/Inc/Legacy -I../Drivers/CMSIS/Device/ST/STM32G0xx/Include -I../Drivers/CMSIS/Include -O0 -ffunction-sections -fdata-sections -Wall -fstack-usage -fcyclomatic-complexity -MMD -MP -MF"Core/Src/sysmem.d" -MT"Core/Src/sysmem.o" --specs=nano.specs -mfloat-abi=soft -mthumb -o "Core/Src/sysmem.o"
arm-none-eabi-gcc "../Core/Src/system_stm32g0xx.c" -mcpu=cortex-m0plus -std=gnu11 -g3 -DDEBUG -DUSE_HAL_DRIVER -DSTM32G051xx -c -I../Core/Inc -I../Drivers/STM32G0xx_HAL_Driver/Inc -I../Drivers/STM32G0xx_HAL_Driver/Inc/Legacy -I../Drivers/CMSIS/Device/ST/STM32G0xx/Include -I../Drivers/CMSIS/Include -O0 -ffunction-sections -fdata-sections -Wall -fstack-usage -fcyclomatic-complexity -MMD -MP -MF"Core/Src/system_stm32g0xx.d" -MT"Core/Src/system_stm32g0xx.o" --specs=nano.specs -mfloat-abi=soft -mthumb -o "Core/Src/system_stm32g0xx.o"
arm-none-eabi-gcc -o "Relay_Controller_STM32.elf" @"objects.list"   -mcpu=cortex-m0plus -T"C:\Users\blew2\Documents\GitHub\STM32CubeIDE\workspace_1.18.0\Relay_Controller_STM32\STM32G051F8PX_FLASH.ld" --specs=nosys.specs -Wl,-Map="Relay_Controller_STM32.map" -Wl,--gc-sections -static --specs=nano.specs -mfloat-abi=soft -mthumb -Wl,--start-group -lc -lm -Wl,--end-group
Finished building target: Relay_Controller_STM32.elf
 
arm-none-eabi-size  Relay_Controller_STM32.elf 
arm-none-eabi-objdump -h -S Relay_Controller_STM32.elf  > "Relay_Controller_STM32.list"
   text	   data	    bss	    dec	    hex	filename
  11924	     12	   1836	  13772	   35cc	Relay_Controller_STM32.elf
Finished building: default.size.stdout
 
Finished building: Relay_Controller_STM32.list
 
19:56:31 **** Incremental Build of configuration Debug for project Relay_Controller_STM_32_Debug ****
make -j12 all 
arm-none-eabi-gcc "../Core/Src/main.c" -mcpu=cortex-m4 -std=gnu11 -g3 -DDEBUG -DUSE_HAL_DRIVER -DSTM32F401xE -c -I../Core/Inc -I../Drivers/STM32F4xx_HAL_Driver/Inc -I../Drivers/STM32F4xx_HAL_Driver/Inc/Legacy -I../Drivers/CMSIS/Device/ST/STM32F4xx/Include -I../Drivers/CMSIS/Include -O0 -ffunction-sections -fdata-sections -Wall -fstack-usage -fcyclomatic-complexity -MMD -MP -MF"Core/Src/main.d" -MT"Core/Src/main.o" --specs=nano.specs -mfpu=fpv4-sp-d16 -mfloat-abi=hard -mthumb -o "Core/Src/main.o"
../Core/Src/main.c: In function 'LTC4151_Init':
../Core/Src/main.c:75:13: warning: variable 'dataBuffer' set but not used [-Wunused-but-set-variable]
   75 |     uint8_t dataBuffer[1];
      |             ^~~~~~~~~~
arm-none-eabi-gcc -o "Relay_Controller_STM_32_Debug.elf" @"objects.list"   -mcpu=cortex-m4 -T"C:\Users\blew2\Documents\GitHub\STM32CubeIDE\workspace_1.18.0\Relay_Controller_STM_32_Debug\STM32F401RETX_FLASH.ld" --specs=nosys.specs -Wl,-Map="Relay_Controller_STM_32_Debug.map" -Wl,--gc-sections -static --specs=nano.specs -mfpu=fpv4-sp-d16 -mfloat-abi=hard -mthumb -Wl,--start-group -lc -lm -Wl,--end-group
Finished building target: Relay_Controller_STM_32_Debug.elf
 
arm-none-eabi-size  Relay_Controller_STM_32_Debug.elf 
arm-none-eabi-objdump -h -S Relay_Controller_STM_32_Debug.elf  > "Relay_Controller_STM_32_Debug.list"
   text	   data	    bss	    dec	    hex	filename
  24424	    104	   2256	  26784	   68a0	Relay_Controller_STM_32_Debug.elf
Finished building: default.size.stdout
 
Finished building: Relay_Controller_STM_32_Debug.list
 
19:56:34 **** Incremental Build of configuration Debug for project A1 ****
make -j12 all 
arm-none-eabi-size  A1.elf 
   text	   data	    bss	    dec	    hex	filename
   5264	     12	   1572	   6848	   1ac0	A1.elf
Finished building: default.size.stdout
 
19:56:35 **** Incremental Build of configuration Debug for project I2C_Test ****
make -j12 all 
arm-none-eabi-size  I2C_Test.elf 
   text	   data	    bss	    dec	    hex	filename
  27292	    468	   2100	  29860	   74a4	I2C_Test.elf
Finished building: default.size.stdout
 
19:56:36 **** Incremental Build of configuration Debug for project Relay_Controller_STM32 ****
make -j12 all 
arm-none-eabi-size  Relay_Controller_STM32.elf 
   text	   data	    bss	    dec	    hex	filename
  11924	     12	   1836	  13772	   35cc	Relay_Controller_STM32.elf
Finished building: default.size.stdout
 
19:56:37 **** Incremental Build of configuration Debug for project Relay_Controller_STM_32_Debug ****
make -j12 all 
arm-none-eabi-gcc "../Core/Src/main.c" -mcpu=cortex-m4 -std=gnu11 -g3 -DDEBUG -DUSE_HAL_DRIVER -DSTM32F401xE -c -I../Core/Inc -I../Drivers/STM32F4xx_HAL_Driver/Inc -I../Drivers/STM32F4xx_HAL_Driver/Inc/Legacy -I../Drivers/CMSIS/Device/ST/STM32F4xx/Include -I../Drivers/CMSIS/Include -O0 -ffunction-sections -fdata-sections -Wall -fstack-usage -fcyclomatic-complexity -MMD -MP -MF"Core/Src/main.d" -MT"Core/Src/main.o" --specs=nano.specs -mfpu=fpv4-sp-d16 -mfloat-abi=hard -mthumb -o "Core/Src/main.o"
arm-none-eabi-gcc -o "Relay_Controller_STM_32_Debug.elf" @"objects.list"   -mcpu=cortex-m4 -T"C:\Users\blew2\Documents\GitHub\STM32CubeIDE\workspace_1.18.0\Relay_Controller_STM_32_Debug\STM32F401RETX_FLASH.ld" --specs=nosys.specs -Wl,-Map="Relay_Controller_STM_32_Debug.map" -Wl,--gc-sections -static --specs=nano.specs -mfpu=fpv4-sp-d16 -mfloat-abi=hard -mthumb -Wl,--start-group -lc -lm -Wl,--end-group
Finished building target: Relay_Controller_STM_32_Debug.elf
 
arm-none-eabi-size  Relay_Controller_STM_32_Debug.elf 
arm-none-eabi-objdump -h -S Relay_Controller_STM_32_Debug.elf  > "Relay_Controller_STM_32_Debug.list"
   text	   data	    bss	    dec	    hex	filename
  25396	    104	   2256	  27756	   6c6c	Relay_Controller_STM_32_Debug.elf
Finished building: default.size.stdout
 
Finished building: Relay_Controller_STM_32_Debug.list
 
19:56:44 **** Incremental Build of configuration Debug for project Relay_Controller_STM_32_Debug ****
make -j12 all 
arm-none-eabi-size  Relay_Controller_STM_32_Debug.elf 
   text	   data	    bss	    dec	    hex	filename
  25396	    104	   2256	  27756	   6c6c	Relay_Controller_STM_32_Debug.elf
Finished building: default.size.stdout
 
19:56:51 **** Incremental Build of configuration Debug for project Relay_Controller_STM_32_Debug ****
make -j12 all 
arm-none-eabi-size  Relay_Controller_STM_32_Debug.elf 
   text	   data	    bss	    dec	    hex	filename
  25396	    104	   2256	  27756	   6c6c	Relay_Controller_STM_32_Debug.elf
Finished building: default.size.stdout
 
20:21:42 **** Incremental Build of configuration Debug for project A1 ****
make -j12 all 
arm-none-eabi-size  A1.elf 
   text	   data	    bss	    dec	    hex	filename
   5264	     12	   1572	   6848	   1ac0	A1.elf
Finished building: default.size.stdout
 
20:21:43 **** Incremental Build of configuration Debug for project I2C_Test ****
make -j12 all 
arm-none-eabi-size  I2C_Test.elf 
   text	   data	    bss	    dec	    hex	filename
  27292	    468	   2100	  29860	   74a4	I2C_Test.elf
Finished building: default.size.stdout
 
20:21:43 **** Incremental Build of configuration Debug for project Relay_Controller_STM32 ****
make -j12 all 
arm-none-eabi-size  Relay_Controller_STM32.elf 
   text	   data	    bss	    dec	    hex	filename
  11924	     12	   1836	  13772	   35cc	Relay_Controller_STM32.elf
Finished building: default.size.stdout
 
20:21:44 **** Incremental Build of configuration Debug for project Relay_Controller_STM_32_Debug ****
make -j12 all 
arm-none-eabi-gcc "../Core/Src/main.c" -mcpu=cortex-m4 -std=gnu11 -g3 -DDEBUG -DUSE_HAL_DRIVER -DSTM32F401xE -c -I../Core/Inc -I../Drivers/STM32F4xx_HAL_Driver/Inc -I../Drivers/STM32F4xx_HAL_Driver/Inc/Legacy -I../Drivers/CMSIS/Device/ST/STM32F4xx/Include -I../Drivers/CMSIS/Include -O0 -ffunction-sections -fdata-sections -Wall -fstack-usage -fcyclomatic-complexity -MMD -MP -MF"Core/Src/main.d" -MT"Core/Src/main.o" --specs=nano.specs -mfpu=fpv4-sp-d16 -mfloat-abi=hard -mthumb -o "Core/Src/main.o"
../Core/Src/main.c: In function 'LTC4151_Read':
../Core/Src/main.c:104:21: warning: format '%d' expects argument of type 'int', but argument 2 has type 'uint8_t *' {aka 'unsigned char *'} [-Wformat=]
  104 |     printf("Test1: %d\n", pData);
      |                    ~^     ~~~~~
      |                     |     |
      |                     int   uint8_t * {aka unsigned char *}
      |                    %hhn
arm-none-eabi-gcc -o "Relay_Controller_STM_32_Debug.elf" @"objects.list"   -mcpu=cortex-m4 -T"C:\Users\blew2\Documents\GitHub\STM32CubeIDE\workspace_1.18.0\Relay_Controller_STM_32_Debug\STM32F401RETX_FLASH.ld" --specs=nosys.specs -Wl,-Map="Relay_Controller_STM_32_Debug.map" -Wl,--gc-sections -static --specs=nano.specs -mfpu=fpv4-sp-d16 -mfloat-abi=hard -mthumb -Wl,--start-group -lc -lm -Wl,--end-group
Finished building target: Relay_Controller_STM_32_Debug.elf
 
arm-none-eabi-size  Relay_Controller_STM_32_Debug.elf 
arm-none-eabi-objdump -h -S Relay_Controller_STM_32_Debug.elf  > "Relay_Controller_STM_32_Debug.list"
   text	   data	    bss	    dec	    hex	filename
  25252	    104	   2256	  27612	   6bdc	Relay_Controller_STM_32_Debug.elf
Finished building: default.size.stdout
 
Finished building: Relay_Controller_STM_32_Debug.list
 
20:22:41 **** Incremental Build of configuration Debug for project A1 ****
make -j12 all 
arm-none-eabi-size  A1.elf 
   text	   data	    bss	    dec	    hex	filename
   5264	     12	   1572	   6848	   1ac0	A1.elf
Finished building: default.size.stdout
 
20:22:42 **** Incremental Build of configuration Debug for project I2C_Test ****
make -j12 all 
arm-none-eabi-size  I2C_Test.elf 
   text	   data	    bss	    dec	    hex	filename
  27292	    468	   2100	  29860	   74a4	I2C_Test.elf
Finished building: default.size.stdout
 
20:22:42 **** Incremental Build of configuration Debug for project Relay_Controller_STM32 ****
make -j12 all 
arm-none-eabi-size  Relay_Controller_STM32.elf 
   text	   data	    bss	    dec	    hex	filename
  11924	     12	   1836	  13772	   35cc	Relay_Controller_STM32.elf
Finished building: default.size.stdout
 
20:22:43 **** Incremental Build of configuration Debug for project Relay_Controller_STM_32_Debug ****
make -j12 all 
arm-none-eabi-gcc "../Core/Src/main.c" -mcpu=cortex-m4 -std=gnu11 -g3 -DDEBUG -DUSE_HAL_DRIVER -DSTM32F401xE -c -I../Core/Inc -I../Drivers/STM32F4xx_HAL_Driver/Inc -I../Drivers/STM32F4xx_HAL_Driver/Inc/Legacy -I../Drivers/CMSIS/Device/ST/STM32F4xx/Include -I../Drivers/CMSIS/Include -O0 -ffunction-sections -fdata-sections -Wall -fstack-usage -fcyclomatic-complexity -MMD -MP -MF"Core/Src/main.d" -MT"Core/Src/main.o" --specs=nano.specs -mfpu=fpv4-sp-d16 -mfloat-abi=hard -mthumb -o "Core/Src/main.o"
../Core/Src/main.c: In function 'LTC4151_Read':
../Core/Src/main.c:104:21: warning: format '%i' expects argument of type 'int', but argument 2 has type 'uint8_t *' {aka 'unsigned char *'} [-Wformat=]
  104 |     printf("Test1: %i\n", pData);
      |                    ~^     ~~~~~
      |                     |     |
      |                     int   uint8_t * {aka unsigned char *}
      |                    %hhn
arm-none-eabi-gcc -o "Relay_Controller_STM_32_Debug.elf" @"objects.list"   -mcpu=cortex-m4 -T"C:\Users\blew2\Documents\GitHub\STM32CubeIDE\workspace_1.18.0\Relay_Controller_STM_32_Debug\STM32F401RETX_FLASH.ld" --specs=nosys.specs -Wl,-Map="Relay_Controller_STM_32_Debug.map" -Wl,--gc-sections -static --specs=nano.specs -mfpu=fpv4-sp-d16 -mfloat-abi=hard -mthumb -Wl,--start-group -lc -lm -Wl,--end-group
Finished building target: Relay_Controller_STM_32_Debug.elf
 
arm-none-eabi-size  Relay_Controller_STM_32_Debug.elf 
arm-none-eabi-objdump -h -S Relay_Controller_STM_32_Debug.elf  > "Relay_Controller_STM_32_Debug.list"
   text	   data	    bss	    dec	    hex	filename
  25252	    104	   2256	  27612	   6bdc	Relay_Controller_STM_32_Debug.elf
Finished building: default.size.stdout
 
Finished building: Relay_Controller_STM_32_Debug.list
 
20:25:35 **** Incremental Build of configuration Debug for project A1 ****
make -j12 all 
arm-none-eabi-size  A1.elf 
   text	   data	    bss	    dec	    hex	filename
   5264	     12	   1572	   6848	   1ac0	A1.elf
Finished building: default.size.stdout
 
20:25:36 **** Incremental Build of configuration Debug for project I2C_Test ****
make -j12 all 
arm-none-eabi-size  I2C_Test.elf 
   text	   data	    bss	    dec	    hex	filename
  27292	    468	   2100	  29860	   74a4	I2C_Test.elf
Finished building: default.size.stdout
 
20:25:37 **** Incremental Build of configuration Debug for project Relay_Controller_STM32 ****
make -j12 all 
arm-none-eabi-size  Relay_Controller_STM32.elf 
   text	   data	    bss	    dec	    hex	filename
  11924	     12	   1836	  13772	   35cc	Relay_Controller_STM32.elf
Finished building: default.size.stdout
 
20:25:38 **** Incremental Build of configuration Debug for project Relay_Controller_STM_32_Debug ****
make -j12 all 
arm-none-eabi-gcc "../Core/Src/main.c" -mcpu=cortex-m4 -std=gnu11 -g3 -DDEBUG -DUSE_HAL_DRIVER -DSTM32F401xE -c -I../Core/Inc -I../Drivers/STM32F4xx_HAL_Driver/Inc -I../Drivers/STM32F4xx_HAL_Driver/Inc/Legacy -I../Drivers/CMSIS/Device/ST/STM32F4xx/Include -I../Drivers/CMSIS/Include -O0 -ffunction-sections -fdata-sections -Wall -fstack-usage -fcyclomatic-complexity -MMD -MP -MF"Core/Src/main.d" -MT"Core/Src/main.o" --specs=nano.specs -mfpu=fpv4-sp-d16 -mfloat-abi=hard -mthumb -o "Core/Src/main.o"
../Core/Src/main.c: In function 'LTC4151_Read':
../Core/Src/main.c:104:21: warning: format '%c' expects argument of type 'int', but argument 2 has type 'uint8_t *' {aka 'unsigned char *'} [-Wformat=]
  104 |     printf("Test1: %c\n", pData);
      |                    ~^     ~~~~~
      |                     |     |
      |                     int   uint8_t * {aka unsigned char *}
      |                    %hhn
arm-none-eabi-gcc -o "Relay_Controller_STM_32_Debug.elf" @"objects.list"   -mcpu=cortex-m4 -T"C:\Users\blew2\Documents\GitHub\STM32CubeIDE\workspace_1.18.0\Relay_Controller_STM_32_Debug\STM32F401RETX_FLASH.ld" --specs=nosys.specs -Wl,-Map="Relay_Controller_STM_32_Debug.map" -Wl,--gc-sections -static --specs=nano.specs -mfpu=fpv4-sp-d16 -mfloat-abi=hard -mthumb -Wl,--start-group -lc -lm -Wl,--end-group
Finished building target: Relay_Controller_STM_32_Debug.elf
 
arm-none-eabi-size  Relay_Controller_STM_32_Debug.elf 
arm-none-eabi-objdump -h -S Relay_Controller_STM_32_Debug.elf  > "Relay_Controller_STM_32_Debug.list"
   text	   data	    bss	    dec	    hex	filename
  25252	    104	   2256	  27612	   6bdc	Relay_Controller_STM_32_Debug.elf
Finished building: default.size.stdout
 
Finished building: Relay_Controller_STM_32_Debug.list
 
20:26:03 **** Incremental Build of configuration Debug for project Relay_Controller_STM_32_Debug ****
make -j12 all 
arm-none-eabi-gcc "../Core/Src/main.c" -mcpu=cortex-m4 -std=gnu11 -g3 -DDEBUG -DUSE_HAL_DRIVER -DSTM32F401xE -c -I../Core/Inc -I../Drivers/STM32F4xx_HAL_Driver/Inc -I../Drivers/STM32F4xx_HAL_Driver/Inc/Legacy -I../Drivers/CMSIS/Device/ST/STM32F4xx/Include -I../Drivers/CMSIS/Include -O0 -ffunction-sections -fdata-sections -Wall -fstack-usage -fcyclomatic-complexity -MMD -MP -MF"Core/Src/main.d" -MT"Core/Src/main.o" --specs=nano.specs -mfpu=fpv4-sp-d16 -mfloat-abi=hard -mthumb -o "Core/Src/main.o"
../Core/Src/main.c: In function 'LTC4151_Read':
../Core/Src/main.c:104:21: warning: format '%u' expects argument of type 'unsigned int', but argument 2 has type 'uint8_t *' {aka 'unsigned char *'} [-Wformat=]
  104 |     printf("Test1: %u\n", pData);
      |                    ~^     ~~~~~
      |                     |     |
      |                     |     uint8_t * {aka unsigned char *}
      |                     unsigned int
      |                    %hhn
arm-none-eabi-gcc -o "Relay_Controller_STM_32_Debug.elf" @"objects.list"   -mcpu=cortex-m4 -T"C:\Users\blew2\Documents\GitHub\STM32CubeIDE\workspace_1.18.0\Relay_Controller_STM_32_Debug\STM32F401RETX_FLASH.ld" --specs=nosys.specs -Wl,-Map="Relay_Controller_STM_32_Debug.map" -Wl,--gc-sections -static --specs=nano.specs -mfpu=fpv4-sp-d16 -mfloat-abi=hard -mthumb -Wl,--start-group -lc -lm -Wl,--end-group
Finished building target: Relay_Controller_STM_32_Debug.elf
 
arm-none-eabi-size  Relay_Controller_STM_32_Debug.elf 
arm-none-eabi-objdump -h -S Relay_Controller_STM_32_Debug.elf  > "Relay_Controller_STM_32_Debug.list"
   text	   data	    bss	    dec	    hex	filename
  25252	    104	   2256	  27612	   6bdc	Relay_Controller_STM_32_Debug.elf
Finished building: default.size.stdout
 
Finished building: Relay_Controller_STM_32_Debug.list
 
20:33:21 **** Incremental Build of configuration Debug for project A1 ****
make -j12 all 
arm-none-eabi-size  A1.elf 
   text	   data	    bss	    dec	    hex	filename
   5264	     12	   1572	   6848	   1ac0	A1.elf
Finished building: default.size.stdout
 
20:33:22 **** Incremental Build of configuration Debug for project I2C_Test ****
make -j12 all 
arm-none-eabi-size  I2C_Test.elf 
   text	   data	    bss	    dec	    hex	filename
  27292	    468	   2100	  29860	   74a4	I2C_Test.elf
Finished building: default.size.stdout
 
20:33:22 **** Incremental Build of configuration Debug for project Relay_Controller_STM32 ****
make -j12 all 
arm-none-eabi-size  Relay_Controller_STM32.elf 
   text	   data	    bss	    dec	    hex	filename
  11924	     12	   1836	  13772	   35cc	Relay_Controller_STM32.elf
Finished building: default.size.stdout
 
20:33:23 **** Incremental Build of configuration Debug for project Relay_Controller_STM_32_Debug ****
make -j12 all 
arm-none-eabi-gcc "../Core/Src/main.c" -mcpu=cortex-m4 -std=gnu11 -g3 -DDEBUG -DUSE_HAL_DRIVER -DSTM32F401xE -c -I../Core/Inc -I../Drivers/STM32F4xx_HAL_Driver/Inc -I../Drivers/STM32F4xx_HAL_Driver/Inc/Legacy -I../Drivers/CMSIS/Device/ST/STM32F4xx/Include -I../Drivers/CMSIS/Include -O0 -ffunction-sections -fdata-sections -Wall -fstack-usage -fcyclomatic-complexity -MMD -MP -MF"Core/Src/main.d" -MT"Core/Src/main.o" --specs=nano.specs -mfpu=fpv4-sp-d16 -mfloat-abi=hard -mthumb -o "Core/Src/main.o"
../Core/Src/main.c: In function 'LTC4151_Read':
../Core/Src/main.c:104:21: warning: format '%x' expects argument of type 'unsigned int', but argument 2 has type 'uint8_t *' {aka 'unsigned char *'} [-Wformat=]
  104 |     printf("Test1: %x\n", pData);
      |                    ~^     ~~~~~
      |                     |     |
      |                     |     uint8_t * {aka unsigned char *}
      |                     unsigned int
      |                    %hhn
arm-none-eabi-gcc -o "Relay_Controller_STM_32_Debug.elf" @"objects.list"   -mcpu=cortex-m4 -T"C:\Users\blew2\Documents\GitHub\STM32CubeIDE\workspace_1.18.0\Relay_Controller_STM_32_Debug\STM32F401RETX_FLASH.ld" --specs=nosys.specs -Wl,-Map="Relay_Controller_STM_32_Debug.map" -Wl,--gc-sections -static --specs=nano.specs -mfpu=fpv4-sp-d16 -mfloat-abi=hard -mthumb -Wl,--start-group -lc -lm -Wl,--end-group
Finished building target: Relay_Controller_STM_32_Debug.elf
 
arm-none-eabi-size  Relay_Controller_STM_32_Debug.elf 
arm-none-eabi-objdump -h -S Relay_Controller_STM_32_Debug.elf  > "Relay_Controller_STM_32_Debug.list"
   text	   data	    bss	    dec	    hex	filename
  25252	    104	   2256	  27612	   6bdc	Relay_Controller_STM_32_Debug.elf
Finished building: default.size.stdout
 
Finished building: Relay_Controller_STM_32_Debug.list
 
21:01:39 **** Incremental Build of configuration Debug for project A1 ****
make -j12 all 
arm-none-eabi-size  A1.elf 
   text	   data	    bss	    dec	    hex	filename
   5264	     12	   1572	   6848	   1ac0	A1.elf
Finished building: default.size.stdout
 
21:01:40 **** Incremental Build of configuration Debug for project I2C_Test ****
make -j12 all 
arm-none-eabi-size  I2C_Test.elf 
   text	   data	    bss	    dec	    hex	filename
  27292	    468	   2100	  29860	   74a4	I2C_Test.elf
Finished building: default.size.stdout
 
21:01:41 **** Incremental Build of configuration Debug for project Relay_Controller_STM32 ****
make -j12 all 
arm-none-eabi-size  Relay_Controller_STM32.elf 
   text	   data	    bss	    dec	    hex	filename
  11924	     12	   1836	  13772	   35cc	Relay_Controller_STM32.elf
Finished building: default.size.stdout
 
21:01:42 **** Incremental Build of configuration Debug for project Relay_Controller_STM_32_Debug ****
make -j12 all 
arm-none-eabi-gcc "../Core/Src/main.c" -mcpu=cortex-m4 -std=gnu11 -g3 -DDEBUG -DUSE_HAL_DRIVER -DSTM32F401xE -c -I../Core/Inc -I../Drivers/STM32F4xx_HAL_Driver/Inc -I../Drivers/STM32F4xx_HAL_Driver/Inc/Legacy -I../Drivers/CMSIS/Device/ST/STM32F4xx/Include -I../Drivers/CMSIS/Include -O0 -ffunction-sections -fdata-sections -Wall -fstack-usage -fcyclomatic-complexity -MMD -MP -MF"Core/Src/main.d" -MT"Core/Src/main.o" --specs=nano.specs -mfpu=fpv4-sp-d16 -mfloat-abi=hard -mthumb -o "Core/Src/main.o"
../Core/Src/main.c: In function 'LTC4151_Init':
../Core/Src/main.c:83:25: error: invalid initializer
   83 |     uint8_t Config[1] = 0x0C; //initialize 8 bit (1 byte) unsigned integer
      |                         ^~~~
../Core/Src/main.c:84:20: warning: initialization of 'int *' from incompatible pointer type 'uint8_t (*)[1]' {aka 'unsigned char (*)[1]'} [-Wincompatible-pointer-types]
   84 |     int *pConfig = &Config;
      |                    ^
../Core/Src/main.c:86:89: warning: passing argument 5 of 'HAL_I2C_Mem_Write' from incompatible pointer type [-Wincompatible-pointer-types]
   86 |     HAL_I2C_Mem_Write(&hi2c1, (LTC4151_ADDR << 1), CTRL_REGISTER, I2C_MEMADD_SIZE_8BIT, pConfig, 1, 1000);
      |                                                                                         ^~~~~~~
      |                                                                                         |
      |                                                                                         int *
In file included from ../Core/Inc/stm32f4xx_hal_conf.h:363,
                 from ../Drivers/STM32F4xx_HAL_Driver/Inc/stm32f4xx_hal.h:29,
                 from ../Core/Inc/main.h:30,
                 from ../Core/Src/main.c:20:
../Drivers/STM32F4xx_HAL_Driver/Inc/stm32f4xx_hal_i2c.h:570:134: note: expected 'uint8_t *' {aka 'unsigned char *'} but argument is of type 'int *'
  570 | HAL_StatusTypeDef HAL_I2C_Mem_Write(I2C_HandleTypeDef *hi2c, uint16_t DevAddress, uint16_t MemAddress, uint16_t MemAddSize, uint8_t *pData, uint16_t Size, uint32_t Timeout);
      |                                                                                                                             ~~~~~~~~~^~~~~
../Core/Src/main.c: In function 'LTC4151_Read':
../Core/Src/main.c:104:21: warning: format '%x' expects argument of type 'unsigned int', but argument 2 has type 'uint8_t *' {aka 'unsigned char *'} [-Wformat=]
  104 |     printf("Test1: %x\n", pData);
      |                    ~^     ~~~~~
      |                     |     |
      |                     |     uint8_t * {aka unsigned char *}
      |                     unsigned int
      |                    %hhn
make: *** [Core/Src/subdir.mk:34: Core/Src/main.o] Error 1
"make -j12 all" terminated with exit code 2. Build might be incomplete.
21:01:57 **** Incremental Build of configuration Debug for project A1 ****
make -j12 all 
arm-none-eabi-size  A1.elf 
   text	   data	    bss	    dec	    hex	filename
   5264	     12	   1572	   6848	   1ac0	A1.elf
Finished building: default.size.stdout
 
21:01:57 **** Incremental Build of configuration Debug for project I2C_Test ****
make -j12 all 
arm-none-eabi-size  I2C_Test.elf 
   text	   data	    bss	    dec	    hex	filename
  27292	    468	   2100	  29860	   74a4	I2C_Test.elf
Finished building: default.size.stdout
 
21:01:58 **** Incremental Build of configuration Debug for project Relay_Controller_STM32 ****
make -j12 all 
arm-none-eabi-size  Relay_Controller_STM32.elf 
   text	   data	    bss	    dec	    hex	filename
  11924	     12	   1836	  13772	   35cc	Relay_Controller_STM32.elf
Finished building: default.size.stdout
 
21:01:59 **** Incremental Build of configuration Debug for project Relay_Controller_STM_32_Debug ****
make -j12 all 
arm-none-eabi-gcc "../Core/Src/main.c" -mcpu=cortex-m4 -std=gnu11 -g3 -DDEBUG -DUSE_HAL_DRIVER -DSTM32F401xE -c -I../Core/Inc -I../Drivers/STM32F4xx_HAL_Driver/Inc -I../Drivers/STM32F4xx_HAL_Driver/Inc/Legacy -I../Drivers/CMSIS/Device/ST/STM32F4xx/Include -I../Drivers/CMSIS/Include -O0 -ffunction-sections -fdata-sections -Wall -fstack-usage -fcyclomatic-complexity -MMD -MP -MF"Core/Src/main.d" -MT"Core/Src/main.o" --specs=nano.specs -mfpu=fpv4-sp-d16 -mfloat-abi=hard -mthumb -o "Core/Src/main.o"
../Core/Src/main.c: In function 'LTC4151_Init':
../Core/Src/main.c:84:20: warning: initialization of 'int *' from incompatible pointer type 'uint8_t *' {aka 'unsigned char *'} [-Wincompatible-pointer-types]
   84 |     int *pConfig = &Config;
      |                    ^
../Core/Src/main.c:86:89: warning: passing argument 5 of 'HAL_I2C_Mem_Write' from incompatible pointer type [-Wincompatible-pointer-types]
   86 |     HAL_I2C_Mem_Write(&hi2c1, (LTC4151_ADDR << 1), CTRL_REGISTER, I2C_MEMADD_SIZE_8BIT, pConfig, 1, 1000);
      |                                                                                         ^~~~~~~
      |                                                                                         |
      |                                                                                         int *
In file included from ../Core/Inc/stm32f4xx_hal_conf.h:363,
                 from ../Drivers/STM32F4xx_HAL_Driver/Inc/stm32f4xx_hal.h:29,
                 from ../Core/Inc/main.h:30,
                 from ../Core/Src/main.c:20:
../Drivers/STM32F4xx_HAL_Driver/Inc/stm32f4xx_hal_i2c.h:570:134: note: expected 'uint8_t *' {aka 'unsigned char *'} but argument is of type 'int *'
  570 | HAL_StatusTypeDef HAL_I2C_Mem_Write(I2C_HandleTypeDef *hi2c, uint16_t DevAddress, uint16_t MemAddress, uint16_t MemAddSize, uint8_t *pData, uint16_t Size, uint32_t Timeout);
      |                                                                                                                             ~~~~~~~~~^~~~~
../Core/Src/main.c: In function 'LTC4151_Read':
../Core/Src/main.c:104:21: warning: format '%x' expects argument of type 'unsigned int', but argument 2 has type 'uint8_t *' {aka 'unsigned char *'} [-Wformat=]
  104 |     printf("Test1: %x\n", pData);
      |                    ~^     ~~~~~
      |                     |     |
      |                     |     uint8_t * {aka unsigned char *}
      |                     unsigned int
      |                    %hhn
arm-none-eabi-gcc -o "Relay_Controller_STM_32_Debug.elf" @"objects.list"   -mcpu=cortex-m4 -T"C:\Users\blew2\Documents\GitHub\STM32CubeIDE\workspace_1.18.0\Relay_Controller_STM_32_Debug\STM32F401RETX_FLASH.ld" --specs=nosys.specs -Wl,-Map="Relay_Controller_STM_32_Debug.map" -Wl,--gc-sections -static --specs=nano.specs -mfpu=fpv4-sp-d16 -mfloat-abi=hard -mthumb -Wl,--start-group -lc -lm -Wl,--end-group
Finished building target: Relay_Controller_STM_32_Debug.elf
 
arm-none-eabi-size  Relay_Controller_STM_32_Debug.elf 
arm-none-eabi-objdump -h -S Relay_Controller_STM_32_Debug.elf  > "Relay_Controller_STM_32_Debug.list"
   text	   data	    bss	    dec	    hex	filename
  25256	    104	   2256	  27616	   6be0	Relay_Controller_STM_32_Debug.elf
Finished building: default.size.stdout
 
Finished building: Relay_Controller_STM_32_Debug.list
 
21:03:16 **** Incremental Build of configuration Debug for project A1 ****
make -j12 all 
arm-none-eabi-size  A1.elf 
   text	   data	    bss	    dec	    hex	filename
   5264	     12	   1572	   6848	   1ac0	A1.elf
Finished building: default.size.stdout
 
21:03:17 **** Incremental Build of configuration Debug for project I2C_Test ****
make -j12 all 
arm-none-eabi-size  I2C_Test.elf 
   text	   data	    bss	    dec	    hex	filename
  27292	    468	   2100	  29860	   74a4	I2C_Test.elf
Finished building: default.size.stdout
 
21:03:18 **** Incremental Build of configuration Debug for project Relay_Controller_STM32 ****
make -j12 all 
arm-none-eabi-size  Relay_Controller_STM32.elf 
   text	   data	    bss	    dec	    hex	filename
  11924	     12	   1836	  13772	   35cc	Relay_Controller_STM32.elf
Finished building: default.size.stdout
 
21:03:18 **** Incremental Build of configuration Debug for project Relay_Controller_STM_32_Debug ****
make -j12 all 
arm-none-eabi-gcc "../Core/Src/main.c" -mcpu=cortex-m4 -std=gnu11 -g3 -DDEBUG -DUSE_HAL_DRIVER -DSTM32F401xE -c -I../Core/Inc -I../Drivers/STM32F4xx_HAL_Driver/Inc -I../Drivers/STM32F4xx_HAL_Driver/Inc/Legacy -I../Drivers/CMSIS/Device/ST/STM32F4xx/Include -I../Drivers/CMSIS/Include -O0 -ffunction-sections -fdata-sections -Wall -fstack-usage -fcyclomatic-complexity -MMD -MP -MF"Core/Src/main.d" -MT"Core/Src/main.o" --specs=nano.specs -mfpu=fpv4-sp-d16 -mfloat-abi=hard -mthumb -o "Core/Src/main.o"
../Core/Src/main.c: In function 'LTC4151_Read':
../Core/Src/main.c:104:21: warning: format '%x' expects argument of type 'unsigned int', but argument 2 has type 'uint8_t *' {aka 'unsigned char *'} [-Wformat=]
  104 |     printf("Test1: %x\n", pData);
      |                    ~^     ~~~~~
      |                     |     |
      |                     |     uint8_t * {aka unsigned char *}
      |                     unsigned int
      |                    %hhn
arm-none-eabi-gcc -o "Relay_Controller_STM_32_Debug.elf" @"objects.list"   -mcpu=cortex-m4 -T"C:\Users\blew2\Documents\GitHub\STM32CubeIDE\workspace_1.18.0\Relay_Controller_STM_32_Debug\STM32F401RETX_FLASH.ld" --specs=nosys.specs -Wl,-Map="Relay_Controller_STM_32_Debug.map" -Wl,--gc-sections -static --specs=nano.specs -mfpu=fpv4-sp-d16 -mfloat-abi=hard -mthumb -Wl,--start-group -lc -lm -Wl,--end-group
Finished building target: Relay_Controller_STM_32_Debug.elf
 
arm-none-eabi-size  Relay_Controller_STM_32_Debug.elf 
arm-none-eabi-objdump -h -S Relay_Controller_STM_32_Debug.elf  > "Relay_Controller_STM_32_Debug.list"
   text	   data	    bss	    dec	    hex	filename
  25256	    104	   2256	  27616	   6be0	Relay_Controller_STM_32_Debug.elf
Finished building: default.size.stdout
 
Finished building: Relay_Controller_STM_32_Debug.list
 
21:06:55 **** Incremental Build of configuration Debug for project A1 ****
make -j12 all 
arm-none-eabi-size  A1.elf 
   text	   data	    bss	    dec	    hex	filename
   5264	     12	   1572	   6848	   1ac0	A1.elf
Finished building: default.size.stdout
 
21:06:56 **** Incremental Build of configuration Debug for project I2C_Test ****
make -j12 all 
arm-none-eabi-size  I2C_Test.elf 
   text	   data	    bss	    dec	    hex	filename
  27292	    468	   2100	  29860	   74a4	I2C_Test.elf
Finished building: default.size.stdout
 
21:06:57 **** Incremental Build of configuration Debug for project Relay_Controller_STM32 ****
make -j12 all 
arm-none-eabi-size  Relay_Controller_STM32.elf 
   text	   data	    bss	    dec	    hex	filename
  11924	     12	   1836	  13772	   35cc	Relay_Controller_STM32.elf
Finished building: default.size.stdout
 
21:06:59 **** Incremental Build of configuration Debug for project A1 ****
make -j12 all 
arm-none-eabi-size  A1.elf 
   text	   data	    bss	    dec	    hex	filename
   5264	     12	   1572	   6848	   1ac0	A1.elf
Finished building: default.size.stdout
 
21:07:00 **** Incremental Build of configuration Debug for project I2C_Test ****
make -j12 all 
arm-none-eabi-size  I2C_Test.elf 
   text	   data	    bss	    dec	    hex	filename
  27292	    468	   2100	  29860	   74a4	I2C_Test.elf
Finished building: default.size.stdout
 
21:07:01 **** Incremental Build of configuration Debug for project Relay_Controller_STM32 ****
make -j12 all 
arm-none-eabi-size  Relay_Controller_STM32.elf 
   text	   data	    bss	    dec	    hex	filename
  11924	     12	   1836	  13772	   35cc	Relay_Controller_STM32.elf
Finished building: default.size.stdout
 
21:07:01 **** Build of configuration Debug for project Relay_Controller_STM_32_Debug ****
make -j12 all 
arm-none-eabi-gcc "../Core/Src/main.c" -mcpu=cortex-m4 -std=gnu11 -g3 -DDEBUG -DUSE_HAL_DRIVER -DSTM32F401xE -c -I../Core/Inc -I../Drivers/STM32F4xx_HAL_Driver/Inc -I../Drivers/STM32F4xx_HAL_Driver/Inc/Legacy -I../Drivers/CMSIS/Device/ST/STM32F4xx/Include -I../Drivers/CMSIS/Include -O0 -ffunction-sections -fdata-sections -Wall -fstack-usage -fcyclomatic-complexity -MMD -MP -MF"Core/Src/main.d" -MT"Core/Src/main.o" --specs=nano.specs -mfpu=fpv4-sp-d16 -mfloat-abi=hard -mthumb -o "Core/Src/main.o"
../Core/Src/main.c: In function 'LTC4151_Read':
../Core/Src/main.c:97:18: error: conflicting types for 'pData'; have 'uint8_t *' {aka 'unsigned char *'}
   97 |         uint8_t *pData = &Data; //create pointer to hold address of Config data
      |                  ^~~~~
../Core/Src/main.c:96:17: note: previous declaration of 'pData' with type 'uint8_t' {aka 'unsigned char'}
   96 |         uint8_t pData; //initialize pData
      |                 ^~~~~
../Core/Src/main.c:97:27: error: 'Data' undeclared (first use in this function); did you mean 'pData'?
   97 |         uint8_t *pData = &Data; //create pointer to hold address of Config data
      |                           ^~~~
      |                           pData
../Core/Src/main.c:97:27: note: each undeclared identifier is reported only once for each function it appears in
../Core/Src/main.c:105:33: error: 'PData' undeclared (first use in this function); did you mean 'pData'?
  105 |         printf("Value: %hhu\n", PData);
      |                                 ^~~~~
      |                                 pData
../Core/Src/main.c:97:18: warning: unused variable 'pData' [-Wunused-variable]
   97 |         uint8_t *pData = &Data; //create pointer to hold address of Config data
      |                  ^~~~~
make: *** [Core/Src/subdir.mk:34: Core/Src/main.o] Error 1
"make -j12 all" terminated with exit code 2. Build might be incomplete.
21:07:09 **** Incremental Build of configuration Debug for project A1 ****
make -j12 all 
arm-none-eabi-size  A1.elf 
   text	   data	    bss	    dec	    hex	filename
   5264	     12	   1572	   6848	   1ac0	A1.elf
Finished building: default.size.stdout
 
21:07:10 **** Incremental Build of configuration Debug for project I2C_Test ****
make -j12 all 
arm-none-eabi-size  I2C_Test.elf 
   text	   data	    bss	    dec	    hex	filename
  27292	    468	   2100	  29860	   74a4	I2C_Test.elf
Finished building: default.size.stdout
 
21:07:11 **** Incremental Build of configuration Debug for project Relay_Controller_STM32 ****
make -j12 all 
arm-none-eabi-size  Relay_Controller_STM32.elf 
   text	   data	    bss	    dec	    hex	filename
  11924	     12	   1836	  13772	   35cc	Relay_Controller_STM32.elf
Finished building: default.size.stdout
 
21:07:11 **** Incremental Build of configuration Debug for project Relay_Controller_STM_32_Debug ****
make -j12 all 
arm-none-eabi-gcc "../Core/Src/main.c" -mcpu=cortex-m4 -std=gnu11 -g3 -DDEBUG -DUSE_HAL_DRIVER -DSTM32F401xE -c -I../Core/Inc -I../Drivers/STM32F4xx_HAL_Driver/Inc -I../Drivers/STM32F4xx_HAL_Driver/Inc/Legacy -I../Drivers/CMSIS/Device/ST/STM32F4xx/Include -I../Drivers/CMSIS/Include -O0 -ffunction-sections -fdata-sections -Wall -fstack-usage -fcyclomatic-complexity -MMD -MP -MF"Core/Src/main.d" -MT"Core/Src/main.o" --specs=nano.specs -mfpu=fpv4-sp-d16 -mfloat-abi=hard -mthumb -o "Core/Src/main.o"
../Core/Src/main.c: In function 'LTC4151_Read':
../Core/Src/main.c:97:18: error: conflicting types for 'pData'; have 'uint8_t *' {aka 'unsigned char *'}
   97 |         uint8_t *pData = &Data; //create pointer to hold address of Config data
      |                  ^~~~~
../Core/Src/main.c:96:17: note: previous declaration of 'pData' with type 'uint8_t' {aka 'unsigned char'}
   96 |         uint8_t pData; //initialize pData
      |                 ^~~~~
../Core/Src/main.c:97:27: error: 'Data' undeclared (first use in this function); did you mean 'pData'?
   97 |         uint8_t *pData = &Data; //create pointer to hold address of Config data
      |                           ^~~~
      |                           pData
../Core/Src/main.c:97:27: note: each undeclared identifier is reported only once for each function it appears in
../Core/Src/main.c:97:18: warning: unused variable 'pData' [-Wunused-variable]
   97 |         uint8_t *pData = &Data; //create pointer to hold address of Config data
      |                  ^~~~~
make: *** [Core/Src/subdir.mk:34: Core/Src/main.o] Error 1
"make -j12 all" terminated with exit code 2. Build might be incomplete.
21:07:42 **** Incremental Build of configuration Debug for project A1 ****
make -j12 all 
arm-none-eabi-size  A1.elf 
   text	   data	    bss	    dec	    hex	filename
   5264	     12	   1572	   6848	   1ac0	A1.elf
Finished building: default.size.stdout
 
21:07:43 **** Incremental Build of configuration Debug for project I2C_Test ****
make -j12 all 
arm-none-eabi-size  I2C_Test.elf 
   text	   data	    bss	    dec	    hex	filename
  27292	    468	   2100	  29860	   74a4	I2C_Test.elf
Finished building: default.size.stdout
 
21:07:44 **** Incremental Build of configuration Debug for project Relay_Controller_STM32 ****
make -j12 all 
arm-none-eabi-size  Relay_Controller_STM32.elf 
   text	   data	    bss	    dec	    hex	filename
  11924	     12	   1836	  13772	   35cc	Relay_Controller_STM32.elf
Finished building: default.size.stdout
 
21:07:45 **** Incremental Build of configuration Debug for project Relay_Controller_STM_32_Debug ****
make -j12 all 
[...]
arm-none-eabi-gcc -o "Relay_Controller_STM_32_Debug.elf" @"objects.list"   -mcpu=cortex-m4 -T"C:\Users\blew2\Documents\GitHub\STM32CubeIDE\workspace_1.18.0\Relay_Controller_STM_32_Debug\STM32F401RETX_FLASH.ld" --specs=nosys.specs -Wl,-Map="Relay_Controller_STM_32_Debug.map" -Wl,--gc-sections -static --specs=nano.specs -mfpu=fpv4-sp-d16 -mfloat-abi=hard -mthumb -Wl,--start-group -lc -lm -Wl,--end-group
Finished building target: Relay_Controller_STM_32_Debug.elf
 
arm-none-eabi-size  Relay_Controller_STM_32_Debug.elf 
arm-none-eabi-objdump -h -S Relay_Controller_STM_32_Debug.elf  > "Relay_Controller_STM_32_Debug.list"
   text	   data	    bss	    dec	    hex	filename
  25620	    104	   2256	  27980	   6d4c	Relay_Controller_STM_32_Debug.elf
Finished building: default.size.stdout
 
Finished building: Relay_Controller_STM_32_Debug.list
 
23:00:06 **** Incremental Build of configuration Debug for project Relay_Controller_STM_32_Debug ****
make -j12 all 
arm-none-eabi-size  Relay_Controller_STM_32_Debug.elf 
   text	   data	    bss	    dec	    hex	filename
  25620	    104	   2256	  27980	   6d4c	Relay_Controller_STM_32_Debug.elf
Finished building: default.size.stdout
 
23:03:02 **** Incremental Build of configuration Debug for project A1 ****
make -j12 all 
arm-none-eabi-size  A1.elf 
   text	   data	    bss	    dec	    hex	filename
   5264	     12	   1572	   6848	   1ac0	A1.elf
Finished building: default.size.stdout
 
23:03:03 **** Incremental Build of configuration Debug for project I2C_Test ****
make -j12 all 
arm-none-eabi-size  I2C_Test.elf 
   text	   data	    bss	    dec	    hex	filename
  27292	    468	   2100	  29860	   74a4	I2C_Test.elf
Finished building: default.size.stdout
 
23:03:04 **** Incremental Build of configuration Debug for project Relay_Controller_STM32 ****
make -j12 all 
arm-none-eabi-size  Relay_Controller_STM32.elf 
   text	   data	    bss	    dec	    hex	filename
  11924	     12	   1836	  13772	   35cc	Relay_Controller_STM32.elf
Finished building: default.size.stdout
 
23:03:05 **** Incremental Build of configuration Debug for project Relay_Controller_STM_32_Debug ****
make -j12 all 
arm-none-eabi-gcc "../Core/Src/main.c" -mcpu=cortex-m4 -std=gnu11 -g3 -DDEBUG -DUSE_HAL_DRIVER -DSTM32F401xE -c -I../Core/Inc -I../Drivers/STM32F4xx_HAL_Driver/Inc -I../Drivers/STM32F4xx_HAL_Driver/Inc/Legacy -I../Drivers/CMSIS/Device/ST/STM32F4xx/Include -I../Drivers/CMSIS/Include -O0 -ffunction-sections -fdata-sections -Wall -fstack-usage -fcyclomatic-complexity -MMD -MP -MF"Core/Src/main.d" -MT"Core/Src/main.o" --specs=nano.specs -mfpu=fpv4-sp-d16 -mfloat-abi=hard -mthumb -o "Core/Src/main.o"
arm-none-eabi-gcc -o "Relay_Controller_STM_32_Debug.elf" @"objects.list"   -mcpu=cortex-m4 -T"C:\Users\blew2\Documents\GitHub\STM32CubeIDE\workspace_1.18.0\Relay_Controller_STM_32_Debug\STM32F401RETX_FLASH.ld" --specs=nosys.specs -Wl,-Map="Relay_Controller_STM_32_Debug.map" -Wl,--gc-sections -static --specs=nano.specs -mfpu=fpv4-sp-d16 -mfloat-abi=hard -mthumb -Wl,--start-group -lc -lm -Wl,--end-group
Finished building target: Relay_Controller_STM_32_Debug.elf
 
arm-none-eabi-size  Relay_Controller_STM_32_Debug.elf 
arm-none-eabi-objdump -h -S Relay_Controller_STM_32_Debug.elf  > "Relay_Controller_STM_32_Debug.list"
   text	   data	    bss	    dec	    hex	filename
  25616	    104	   2256	  27976	   6d48	Relay_Controller_STM_32_Debug.elf
Finished building: default.size.stdout
 
Finished building: Relay_Controller_STM_32_Debug.list
 
23:03:14 **** Incremental Build of configuration Debug for project Relay_Controller_STM_32_Debug ****
make -j12 all 
arm-none-eabi-size  Relay_Controller_STM_32_Debug.elf 
   text	   data	    bss	    dec	    hex	filename
  25616	    104	   2256	  27976	   6d48	Relay_Controller_STM_32_Debug.elf
Finished building: default.size.stdout
 
23:04:24 **** Incremental Build of configuration Debug for project A1 ****
make -j12 all 
arm-none-eabi-size  A1.elf 
   text	   data	    bss	    dec	    hex	filename
   5264	     12	   1572	   6848	   1ac0	A1.elf
Finished building: default.size.stdout
 
23:04:25 **** Incremental Build of configuration Debug for project I2C_Test ****
make -j12 all 
arm-none-eabi-size  I2C_Test.elf 
   text	   data	    bss	    dec	    hex	filename
  27292	    468	   2100	  29860	   74a4	I2C_Test.elf
Finished building: default.size.stdout
 
23:04:26 **** Incremental Build of configuration Debug for project Relay_Controller_STM32 ****
make -j12 all 
arm-none-eabi-size  Relay_Controller_STM32.elf 
   text	   data	    bss	    dec	    hex	filename
  11924	     12	   1836	  13772	   35cc	Relay_Controller_STM32.elf
Finished building: default.size.stdout
 
23:04:27 **** Incremental Build of configuration Debug for project Relay_Controller_STM_32_Debug ****
make -j12 all 
arm-none-eabi-size  Relay_Controller_STM_32_Debug.elf 
   text	   data	    bss	    dec	    hex	filename
  25616	    104	   2256	  27976	   6d48	Relay_Controller_STM_32_Debug.elf
Finished building: default.size.stdout
 
23:04:45 **** Incremental Build of configuration Debug for project Relay_Controller_STM_32_Debug ****
make -j12 all 
arm-none-eabi-gcc "../Core/Src/main.c" -mcpu=cortex-m4 -std=gnu11 -g3 -DDEBUG -DUSE_HAL_DRIVER -DSTM32F401xE -c -I../Core/Inc -I../Drivers/STM32F4xx_HAL_Driver/Inc -I../Drivers/STM32F4xx_HAL_Driver/Inc/Legacy -I../Drivers/CMSIS/Device/ST/STM32F4xx/Include -I../Drivers/CMSIS/Include -O0 -ffunction-sections -fdata-sections -Wall -fstack-usage -fcyclomatic-complexity -MMD -MP -MF"Core/Src/main.d" -MT"Core/Src/main.o" --specs=nano.specs -mfpu=fpv4-sp-d16 -mfloat-abi=hard -mthumb -o "Core/Src/main.o"
arm-none-eabi-gcc -o "Relay_Controller_STM_32_Debug.elf" @"objects.list"   -mcpu=cortex-m4 -T"C:\Users\blew2\Documents\GitHub\STM32CubeIDE\workspace_1.18.0\Relay_Controller_STM_32_Debug\STM32F401RETX_FLASH.ld" --specs=nosys.specs -Wl,-Map="Relay_Controller_STM_32_Debug.map" -Wl,--gc-sections -static --specs=nano.specs -mfpu=fpv4-sp-d16 -mfloat-abi=hard -mthumb -Wl,--start-group -lc -lm -Wl,--end-group
Finished building target: Relay_Controller_STM_32_Debug.elf
 
arm-none-eabi-size  Relay_Controller_STM_32_Debug.elf 
arm-none-eabi-objdump -h -S Relay_Controller_STM_32_Debug.elf  > "Relay_Controller_STM_32_Debug.list"
   text	   data	    bss	    dec	    hex	filename
  25616	    104	   2256	  27976	   6d48	Relay_Controller_STM_32_Debug.elf
Finished building: default.size.stdout
 
Finished building: Relay_Controller_STM_32_Debug.list
 
23:05:13 **** Incremental Build of configuration Debug for project Relay_Controller_STM_32_Debug ****
make -j12 all 
arm-none-eabi-size  Relay_Controller_STM_32_Debug.elf 
   text	   data	    bss	    dec	    hex	filename
  25616	    104	   2256	  27976	   6d48	Relay_Controller_STM_32_Debug.elf
Finished building: default.size.stdout
 
23:08:10 **** Incremental Build of configuration Debug for project Relay_Controller_STM_32_Debug ****
make -j12 all 
arm-none-eabi-gcc "../Core/Src/main.c" -mcpu=cortex-m4 -std=gnu11 -g3 -DDEBUG -DUSE_HAL_DRIVER -DSTM32F401xE -c -I../Core/Inc -I../Drivers/STM32F4xx_HAL_Driver/Inc -I../Drivers/STM32F4xx_HAL_Driver/Inc/Legacy -I../Drivers/CMSIS/Device/ST/STM32F4xx/Include -I../Drivers/CMSIS/Include -O0 -ffunction-sections -fdata-sections -Wall -fstack-usage -fcyclomatic-complexity -MMD -MP -MF"Core/Src/main.d" -MT"Core/Src/main.o" --specs=nano.specs -mfpu=fpv4-sp-d16 -mfloat-abi=hard -mthumb -o "Core/Src/main.o"
arm-none-eabi-gcc -o "Relay_Controller_STM_32_Debug.elf" @"objects.list"   -mcpu=cortex-m4 -T"C:\Users\blew2\Documents\GitHub\STM32CubeIDE\workspace_1.18.0\Relay_Controller_STM_32_Debug\STM32F401RETX_FLASH.ld" --specs=nosys.specs -Wl,-Map="Relay_Controller_STM_32_Debug.map" -Wl,--gc-sections -static --specs=nano.specs -mfpu=fpv4-sp-d16 -mfloat-abi=hard -mthumb -Wl,--start-group -lc -lm -Wl,--end-group
Finished building target: Relay_Controller_STM_32_Debug.elf
 
arm-none-eabi-size  Relay_Controller_STM_32_Debug.elf 
arm-none-eabi-objdump -h -S Relay_Controller_STM_32_Debug.elf  > "Relay_Controller_STM_32_Debug.list"
   text	   data	    bss	    dec	    hex	filename
  25616	    104	   2256	  27976	   6d48	Relay_Controller_STM_32_Debug.elf
Finished building: default.size.stdout
 
Finished building: Relay_Controller_STM_32_Debug.list
 
23:09:55 **** Incremental Build of configuration Debug for project Relay_Controller_STM_32_Debug ****
make -j12 all 
arm-none-eabi-size  Relay_Controller_STM_32_Debug.elf 
   text	   data	    bss	    dec	    hex	filename
  25616	    104	   2256	  27976	   6d48	Relay_Controller_STM_32_Debug.elf
Finished building: default.size.stdout
 
23:11:22 **** Incremental Build of configuration Debug for project Relay_Controller_STM_32_Debug ****
make -j12 all 
arm-none-eabi-gcc "../Core/Src/main.c" -mcpu=cortex-m4 -std=gnu11 -g3 -DDEBUG -DUSE_HAL_DRIVER -DSTM32F401xE -c -I../Core/Inc -I../Drivers/STM32F4xx_HAL_Driver/Inc -I../Drivers/STM32F4xx_HAL_Driver/Inc/Legacy -I../Drivers/CMSIS/Device/ST/STM32F4xx/Include -I../Drivers/CMSIS/Include -O0 -ffunction-sections -fdata-sections -Wall -fstack-usage -fcyclomatic-complexity -MMD -MP -MF"Core/Src/main.d" -MT"Core/Src/main.o" --specs=nano.specs -mfpu=fpv4-sp-d16 -mfloat-abi=hard -mthumb -o "Core/Src/main.o"
arm-none-eabi-gcc -o "Relay_Controller_STM_32_Debug.elf" @"objects.list"   -mcpu=cortex-m4 -T"C:\Users\blew2\Documents\GitHub\STM32CubeIDE\workspace_1.18.0\Relay_Controller_STM_32_Debug\STM32F401RETX_FLASH.ld" --specs=nosys.specs -Wl,-Map="Relay_Controller_STM_32_Debug.map" -Wl,--gc-sections -static --specs=nano.specs -mfpu=fpv4-sp-d16 -mfloat-abi=hard -mthumb -Wl,--start-group -lc -lm -Wl,--end-group
Finished building target: Relay_Controller_STM_32_Debug.elf
 
arm-none-eabi-size  Relay_Controller_STM_32_Debug.elf 
arm-none-eabi-objdump -h -S Relay_Controller_STM_32_Debug.elf  > "Relay_Controller_STM_32_Debug.list"
   text	   data	    bss	    dec	    hex	filename
  25616	    104	   2256	  27976	   6d48	Relay_Controller_STM_32_Debug.elf
Finished building: default.size.stdout
 
Finished building: Relay_Controller_STM_32_Debug.list
 
23:15:40 **** Incremental Build of configuration Debug for project Relay_Controller_STM_32_Debug ****
make -j12 all 
arm-none-eabi-size  Relay_Controller_STM_32_Debug.elf 
   text	   data	    bss	    dec	    hex	filename
  25616	    104	   2256	  27976	   6d48	Relay_Controller_STM_32_Debug.elf
Finished building: default.size.stdout
 
23:17:02 **** Incremental Build of configuration Debug for project Relay_Controller_STM_32_Debug ****
make -j12 all 
arm-none-eabi-gcc "../Core/Src/main.c" -mcpu=cortex-m4 -std=gnu11 -g3 -DDEBUG -DUSE_HAL_DRIVER -DSTM32F401xE -c -I../Core/Inc -I../Drivers/STM32F4xx_HAL_Driver/Inc -I../Drivers/STM32F4xx_HAL_Driver/Inc/Legacy -I../Drivers/CMSIS/Device/ST/STM32F4xx/Include -I../Drivers/CMSIS/Include -O0 -ffunction-sections -fdata-sections -Wall -fstack-usage -fcyclomatic-complexity -MMD -MP -MF"Core/Src/main.d" -MT"Core/Src/main.o" --specs=nano.specs -mfpu=fpv4-sp-d16 -mfloat-abi=hard -mthumb -o "Core/Src/main.o"
arm-none-eabi-gcc -o "Relay_Controller_STM_32_Debug.elf" @"objects.list"   -mcpu=cortex-m4 -T"C:\Users\blew2\Documents\GitHub\STM32CubeIDE\workspace_1.18.0\Relay_Controller_STM_32_Debug\STM32F401RETX_FLASH.ld" --specs=nosys.specs -Wl,-Map="Relay_Controller_STM_32_Debug.map" -Wl,--gc-sections -static --specs=nano.specs -mfpu=fpv4-sp-d16 -mfloat-abi=hard -mthumb -Wl,--start-group -lc -lm -Wl,--end-group
Finished building target: Relay_Controller_STM_32_Debug.elf
 
arm-none-eabi-size  Relay_Controller_STM_32_Debug.elf 
arm-none-eabi-objdump -h -S Relay_Controller_STM_32_Debug.elf  > "Relay_Controller_STM_32_Debug.list"
   text	   data	    bss	    dec	    hex	filename
  25616	    104	   2256	  27976	   6d48	Relay_Controller_STM_32_Debug.elf
Finished building: default.size.stdout
 
Finished building: Relay_Controller_STM_32_Debug.list
 
23:19:27 **** Incremental Build of configuration Debug for project Relay_Controller_STM_32_Debug ****
make -j12 all 
arm-none-eabi-size  Relay_Controller_STM_32_Debug.elf 
   text	   data	    bss	    dec	    hex	filename
  25616	    104	   2256	  27976	   6d48	Relay_Controller_STM_32_Debug.elf
Finished building: default.size.stdout
 
23:21:40 **** Incremental Build of configuration Debug for project Relay_Controller_STM_32_Debug ****
make -j12 all 
arm-none-eabi-size  Relay_Controller_STM_32_Debug.elf 
   text	   data	    bss	    dec	    hex	filename
  25616	    104	   2256	  27976	   6d48	Relay_Controller_STM_32_Debug.elf
Finished building: default.size.stdout
 
23:23:12 **** Incremental Build of configuration Debug for project A1 ****
make -j12 all 
arm-none-eabi-size  A1.elf 
   text	   data	    bss	    dec	    hex	filename
   5264	     12	   1572	   6848	   1ac0	A1.elf
Finished building: default.size.stdout
 
23:23:12 **** Incremental Build of configuration Debug for project I2C_Test ****
make -j12 all 
arm-none-eabi-size  I2C_Test.elf 
   text	   data	    bss	    dec	    hex	filename
  27292	    468	   2100	  29860	   74a4	I2C_Test.elf
Finished building: default.size.stdout
 
23:23:13 **** Incremental Build of configuration Debug for project Relay_Controller_STM32 ****
make -j12 all 
arm-none-eabi-size  Relay_Controller_STM32.elf 
   text	   data	    bss	    dec	    hex	filename
  11924	     12	   1836	  13772	   35cc	Relay_Controller_STM32.elf
Finished building: default.size.stdout
 
23:23:14 **** Incremental Build of configuration Debug for project Relay_Controller_STM_32_Debug ****
make -j12 all 
arm-none-eabi-gcc "../Core/Src/main.c" -mcpu=cortex-m4 -std=gnu11 -g3 -DDEBUG -DUSE_HAL_DRIVER -DSTM32F401xE -c -I../Core/Inc -I../Drivers/STM32F4xx_HAL_Driver/Inc -I../Drivers/STM32F4xx_HAL_Driver/Inc/Legacy -I../Drivers/CMSIS/Device/ST/STM32F4xx/Include -I../Drivers/CMSIS/Include -O0 -ffunction-sections -fdata-sections -Wall -fstack-usage -fcyclomatic-complexity -MMD -MP -MF"Core/Src/main.d" -MT"Core/Src/main.o" --specs=nano.specs -mfpu=fpv4-sp-d16 -mfloat-abi=hard -mthumb -o "Core/Src/main.o"
arm-none-eabi-gcc -o "Relay_Controller_STM_32_Debug.elf" @"objects.list"   -mcpu=cortex-m4 -T"C:\Users\blew2\Documents\GitHub\STM32CubeIDE\workspace_1.18.0\Relay_Controller_STM_32_Debug\STM32F401RETX_FLASH.ld" --specs=nosys.specs -Wl,-Map="Relay_Controller_STM_32_Debug.map" -Wl,--gc-sections -static --specs=nano.specs -mfpu=fpv4-sp-d16 -mfloat-abi=hard -mthumb -Wl,--start-group -lc -lm -Wl,--end-group
Finished building target: Relay_Controller_STM_32_Debug.elf
 
arm-none-eabi-size  Relay_Controller_STM_32_Debug.elf 
arm-none-eabi-objdump -h -S Relay_Controller_STM_32_Debug.elf  > "Relay_Controller_STM_32_Debug.list"
   text	   data	    bss	    dec	    hex	filename
  25616	    104	   2256	  27976	   6d48	Relay_Controller_STM_32_Debug.elf
Finished building: default.size.stdout
 
Finished building: Relay_Controller_STM_32_Debug.list
 
23:23:20 **** Incremental Build of configuration Debug for project Relay_Controller_STM_32_Debug ****
make -j12 all 
arm-none-eabi-size  Relay_Controller_STM_32_Debug.elf 
   text	   data	    bss	    dec	    hex	filename
  25616	    104	   2256	  27976	   6d48	Relay_Controller_STM_32_Debug.elf
Finished building: default.size.stdout
 
23:25:07 **** Incremental Build of configuration Debug for project Relay_Controller_STM_32_Debug ****
make -j12 all 
arm-none-eabi-gcc "../Core/Src/main.c" -mcpu=cortex-m4 -std=gnu11 -g3 -DDEBUG -DUSE_HAL_DRIVER -DSTM32F401xE -c -I../Core/Inc -I../Drivers/STM32F4xx_HAL_Driver/Inc -I../Drivers/STM32F4xx_HAL_Driver/Inc/Legacy -I../Drivers/CMSIS/Device/ST/STM32F4xx/Include -I../Drivers/CMSIS/Include -O0 -ffunction-sections -fdata-sections -Wall -fstack-usage -fcyclomatic-complexity -MMD -MP -MF"Core/Src/main.d" -MT"Core/Src/main.o" --specs=nano.specs -mfpu=fpv4-sp-d16 -mfloat-abi=hard -mthumb -o "Core/Src/main.o"
arm-none-eabi-gcc -o "Relay_Controller_STM_32_Debug.elf" @"objects.list"   -mcpu=cortex-m4 -T"C:\Users\blew2\Documents\GitHub\STM32CubeIDE\workspace_1.18.0\Relay_Controller_STM_32_Debug\STM32F401RETX_FLASH.ld" --specs=nosys.specs -Wl,-Map="Relay_Controller_STM_32_Debug.map" -Wl,--gc-sections -static --specs=nano.specs -mfpu=fpv4-sp-d16 -mfloat-abi=hard -mthumb -Wl,--start-group -lc -lm -Wl,--end-group
Finished building target: Relay_Controller_STM_32_Debug.elf
 
arm-none-eabi-size  Relay_Controller_STM_32_Debug.elf 
arm-none-eabi-objdump -h -S Relay_Controller_STM_32_Debug.elf  > "Relay_Controller_STM_32_Debug.list"
   text	   data	    bss	    dec	    hex	filename
  25620	    104	   2256	  27980	   6d4c	Relay_Controller_STM_32_Debug.elf
Finished building: default.size.stdout
 
Finished building: Relay_Controller_STM_32_Debug.list
 
23:26:48 **** Incremental Build of configuration Debug for project Relay_Controller_STM_32_Debug ****
make -j12 all 
arm-none-eabi-gcc "../Core/Src/main.c" -mcpu=cortex-m4 -std=gnu11 -g3 -DDEBUG -DUSE_HAL_DRIVER -DSTM32F401xE -c -I../Core/Inc -I../Drivers/STM32F4xx_HAL_Driver/Inc -I../Drivers/STM32F4xx_HAL_Driver/Inc/Legacy -I../Drivers/CMSIS/Device/ST/STM32F4xx/Include -I../Drivers/CMSIS/Include -O0 -ffunction-sections -fdata-sections -Wall -fstack-usage -fcyclomatic-complexity -MMD -MP -MF"Core/Src/main.d" -MT"Core/Src/main.o" --specs=nano.specs -mfpu=fpv4-sp-d16 -mfloat-abi=hard -mthumb -o "Core/Src/main.o"
arm-none-eabi-gcc -o "Relay_Controller_STM_32_Debug.elf" @"objects.list"   -mcpu=cortex-m4 -T"C:\Users\blew2\Documents\GitHub\STM32CubeIDE\workspace_1.18.0\Relay_Controller_STM_32_Debug\STM32F401RETX_FLASH.ld" --specs=nosys.specs -Wl,-Map="Relay_Controller_STM_32_Debug.map" -Wl,--gc-sections -static --specs=nano.specs -mfpu=fpv4-sp-d16 -mfloat-abi=hard -mthumb -Wl,--start-group -lc -lm -Wl,--end-group
Finished building target: Relay_Controller_STM_32_Debug.elf
 
arm-none-eabi-size  Relay_Controller_STM_32_Debug.elf 
arm-none-eabi-objdump -h -S Relay_Controller_STM_32_Debug.elf  > "Relay_Controller_STM_32_Debug.list"
   text	   data	    bss	    dec	    hex	filename
  25636	    104	   2256	  27996	   6d5c	Relay_Controller_STM_32_Debug.elf
Finished building: default.size.stdout
 
Finished building: Relay_Controller_STM_32_Debug.list
 
23:28:37 **** Incremental Build of configuration Debug for project Relay_Controller_STM_32_Debug ****
make -j12 all 
arm-none-eabi-gcc "../Core/Src/main.c" -mcpu=cortex-m4 -std=gnu11 -g3 -DDEBUG -DUSE_HAL_DRIVER -DSTM32F401xE -c -I../Core/Inc -I../Drivers/STM32F4xx_HAL_Driver/Inc -I../Drivers/STM32F4xx_HAL_Driver/Inc/Legacy -I../Drivers/CMSIS/Device/ST/STM32F4xx/Include -I../Drivers/CMSIS/Include -O0 -ffunction-sections -fdata-sections -Wall -fstack-usage -fcyclomatic-complexity -MMD -MP -MF"Core/Src/main.d" -MT"Core/Src/main.o" --specs=nano.specs -mfpu=fpv4-sp-d16 -mfloat-abi=hard -mthumb -o "Core/Src/main.o"
arm-none-eabi-gcc -o "Relay_Controller_STM_32_Debug.elf" @"objects.list"   -mcpu=cortex-m4 -T"C:\Users\blew2\Documents\GitHub\STM32CubeIDE\workspace_1.18.0\Relay_Controller_STM_32_Debug\STM32F401RETX_FLASH.ld" --specs=nosys.specs -Wl,-Map="Relay_Controller_STM_32_Debug.map" -Wl,--gc-sections -static --specs=nano.specs -mfpu=fpv4-sp-d16 -mfloat-abi=hard -mthumb -Wl,--start-group -lc -lm -Wl,--end-group
Finished building target: Relay_Controller_STM_32_Debug.elf
 
arm-none-eabi-size  Relay_Controller_STM_32_Debug.elf 
arm-none-eabi-objdump -h -S Relay_Controller_STM_32_Debug.elf  > "Relay_Controller_STM_32_Debug.list"
   text	   data	    bss	    dec	    hex	filename
  25644	    104	   2256	  28004	   6d64	Relay_Controller_STM_32_Debug.elf
Finished building: default.size.stdout
 
Finished building: Relay_Controller_STM_32_Debug.list
 
