22:41:42 **** Incremental Build of configuration Debug for project I2C_Test ****
make -j20 all 
arm-none-eabi-gcc "../Core/Src/main.c" -mcpu=cortex-m4 -std=gnu11 -g3 -DDEBUG -DUSE_HAL_DRIVER -DSTM32F401xE -c -I../Core/Inc -I../Drivers/STM32F4xx_HAL_Driver/Inc -I../Drivers/STM32F4xx_HAL_Driver/Inc/Legacy -I../Drivers/CMSIS/Device/ST/STM32F4xx/Include -I../Drivers/CMSIS/Include -O0 -ffunction-sections -fdata-sections -Wall -fstack-usage -fcyclomatic-complexity -MMD -MP -MF"Core/Src/main.d" -MT"Core/Src/main.o" --specs=nano.specs -mfpu=fpv4-sp-d16 -mfloat-abi=hard -mthumb -o "Core/Src/main.o"
arm-none-eabi-gcc -o "I2C_Test.elf" @"objects.list"   -mcpu=cortex-m4 -T"C:\Users\blew2\Documents\GitHub\STM32CubeIDE\workspace_1.18.0\I2C_Test\STM32F401RETX_FLASH.ld" --specs=nosys.specs -Wl,-Map="I2C_Test.map" -Wl,--gc-sections -static --specs=nano.specs -mfpu=fpv4-sp-d16 -mfloat-abi=hard -mthumb -u _printf_float -Wl,--start-group -lc -lm -Wl,--end-group
Finished building target: I2C_Test.elf
 
arm-none-eabi-size  I2C_Test.elf 
arm-none-eabi-objdump -h -S I2C_Test.elf  > "I2C_Test.list"
   text	   data	    bss	    dec	    hex	filename
  27524	    468	   2100	  30092	   758c	I2C_Test.elf
Finished building: default.size.stdout
 
Finished building: I2C_Test.list
 
22:41:51 **** Incremental Build of configuration Debug for project I2C_Test ****
make -j20 all 
arm-none-eabi-size  I2C_Test.elf 
   text	   data	    bss	    dec	    hex	filename
  27524	    468	   2100	  30092	   758c	I2C_Test.elf
Finished building: default.size.stdout
 
