23:28:37 **** Incremental Build of configuration Debug for project Relay_Controller_STM_32_Debug ****
make -j12 all 
arm-none-eabi-gcc "../Core/Src/main.c" -mcpu=cortex-m4 -std=gnu11 -g3 -DDEBUG -DUSE_HAL_DRIVER -DSTM32F401xE -c -I../Core/Inc -I../Drivers/STM32F4xx_HAL_Driver/Inc -I../Drivers/STM32F4xx_HAL_Driver/Inc/Legacy -I../Drivers/CMSIS/Device/ST/STM32F4xx/Include -I../Drivers/CMSIS/Include -O0 -ffunction-sections -fdata-sections -Wall -fstack-usage -fcyclomatic-complexity -MMD -MP -MF"Core/Src/main.d" -MT"Core/Src/main.o" --specs=nano.specs -mfpu=fpv4-sp-d16 -mfloat-abi=hard -mthumb -o "Core/Src/main.o"
arm-none-eabi-gcc -o "Relay_Controller_STM_32_Debug.elf" @"objects.list"   -mcpu=cortex-m4 -T"C:\Users\blew2\Documents\GitHub\STM32CubeIDE\workspace_1.18.0\Relay_Controller_STM_32_Debug\STM32F401RETX_FLASH.ld" --specs=nosys.specs -Wl,-Map="Relay_Controller_STM_32_Debug.map" -Wl,--gc-sections -static --specs=nano.specs -mfpu=fpv4-sp-d16 -mfloat-abi=hard -mthumb -Wl,--start-group -lc -lm -Wl,--end-group
Finished building target: Relay_Controller_STM_32_Debug.elf
 
arm-none-eabi-size  Relay_Controller_STM_32_Debug.elf 
arm-none-eabi-objdump -h -S Relay_Controller_STM_32_Debug.elf  > "Relay_Controller_STM_32_Debug.list"
   text	   data	    bss	    dec	    hex	filename
  25644	    104	   2256	  28004	   6d64	Relay_Controller_STM_32_Debug.elf
Finished building: default.size.stdout
 
Finished building: Relay_Controller_STM_32_Debug.list
 

23:28:39 Build Finished. 0 errors, 0 warnings. (took 1s.670ms)

