../Drivers/CMSIS/Include/core_cm4.h:2064:26:ITM_SendChar	4
../Core/Src/main.c:94:6:LTC4151_Init	2
../Core/Src/main.c:113:6:LTC4151_Read	3
../Core/Src/main.c:142:6:PrechargeProcedure	7
../Core/Src/main.c:206:5:main	1
../Core/Src/main.c:259:6:SystemClock_Config	3
../Core/Src/main.c:306:13:MX_I2C1_Init	2
../Core/Src/main.c:340:13:MX_USART2_UART_Init	2
../Core/Src/main.c:371:13:MX_DMA_Init	1
../Core/Src/main.c:392:13:MX_GPIO_Init	1
../Core/Src/main.c:447:5:_write	2
../Core/Src/main.c:464:6:Error_Handler	1
