../Drivers/CMSIS/Include/core_cm4.h:2064:26:ITM_SendChar	4
../Core/Src/main.c:87:6:MPU6050_Init	1
../Core/Src/main.c:116:6:MPU6050_Read_Accel	1
../Core/Src/main.c:138:6:MPU6050_Read_Gyro	1
../Core/Src/main.c:165:6:SWV_Debug	1
../Core/Src/main.c:178:5:main	1
../Core/Src/main.c:215:6:SystemClock_Config	3
../Core/Src/main.c:261:13:MX_I2C1_Init	2
../Core/Src/main.c:295:13:MX_USART2_UART_Init	2
../Core/Src/main.c:328:13:MX_GPIO_Init	1
../Core/Src/main.c:363:5:_write	2
../Core/Src/main.c:380:6:Error_Handler	1
