../Drivers/CMSIS/Include/core_cm4.h:2064:26:ITM_SendChar	16	static,ignoring_inline_asm
../Core/Src/main.c:93:6:MPU6050_Init	24	static
../Core/Src/main.c:123:6:MPU6050_Read_Accel	32	static
../Core/Src/main.c:146:6:MPU6050_Read_Gyro	32	static
../Core/Src/main.c:174:6:SWV_Debug	8	static
../Core/Src/main.c:187:5:main	8	static
../Core/Src/main.c:241:6:SystemClock_Config	88	static
../Core/Src/main.c:287:13:MX_I2C1_Init	8	static
../Core/Src/main.c:321:13:MX_USART2_UART_Init	8	static
../Core/Src/main.c:354:13:MX_GPIO_Init	48	static
../Core/Src/main.c:389:5:_write	32	static
../Core/Src/main.c:406:6:Error_Handler	4	static,ignoring_inline_asm
