../Drivers/CMSIS/Include/core_cm4.h:2064:26:ITM_SendChar	16	static,ignoring_inline_asm
../Core/Src/main.c:87:6:MPU6050_Init	32	static
../Core/Src/main.c:116:6:MPU6050_Read_Accel	32	static
../Core/Src/main.c:138:6:MPU6050_Read_Gyro	32	static
../Core/Src/main.c:165:6:SWV_Debug	8	static
../Core/Src/main.c:180:5:main	8	static
../Core/Src/main.c:234:6:SystemClock_Config	88	static
../Core/Src/main.c:280:13:MX_I2C1_Init	8	static
../Core/Src/main.c:314:13:MX_USART2_UART_Init	8	static
../Core/Src/main.c:347:13:MX_GPIO_Init	48	static
../Core/Src/main.c:382:5:_write	32	static
../Core/Src/main.c:399:6:Error_Handler	4	static,ignoring_inline_asm
