../Core/Src/main.c:95:5:main	8	static
../Core/Src/main.c:177:6:SystemClock_Config	96	static
../Core/Src/main.c:238:13:MX_LPUART1_UART_Init	8	static
../Core/Src/main.c:272:13:MX_USB_OTG_FS_PCD_Init	8	static
../Core/Src/main.c:307:13:MX_GPIO_Init	48	static
../Core/Src/main.c:363:6:BlinkTask2	24	static
../Core/Src/main.c:383:6:BlinkTask3	48	static,ignoring_inline_asm
../Core/Src/main.c:423:6:Blink_LED	24	static
../Core/Src/main.c:451:6:HAL_TIM_PeriodElapsedCallback	16	static
../Core/Src/main.c:469:6:Error_Handler	4	static,ignoring_inline_asm
